Archive member included to satisfy reference by file (symbol)

/opt/st/stm32cubeide_1.19.0/plugins/com.st.stm32cube.ide.mcu.externaltools.gnu-tools-for-stm32.13.3.rel1.linux64_1.0.0.202410170706/tools/bin/../lib/gcc/arm-none-eabi/13.3.1/../../../../arm-none-eabi/lib/thumb/v7e-m+fp/hard/libc_nano.a(libc_a-exit.o)
                              /opt/st/stm32cubeide_1.19.0/plugins/com.st.stm32cube.ide.mcu.externaltools.gnu-tools-for-stm32.13.3.rel1.linux64_1.0.0.202410170706/tools/bin/../lib/gcc/arm-none-eabi/13.3.1/../../../../arm-none-eabi/lib/thumb/v7e-m+fp/hard/crt0.o (exit)
/opt/st/stm32cubeide_1.19.0/plugins/com.st.stm32cube.ide.mcu.externaltools.gnu-tools-for-stm32.13.3.rel1.linux64_1.0.0.202410170706/tools/bin/../lib/gcc/arm-none-eabi/13.3.1/../../../../arm-none-eabi/lib/thumb/v7e-m+fp/hard/libc_nano.a(libc_a-nano-vfprintf_float.o)
                              (_printf_float)
/opt/st/stm32cubeide_1.19.0/plugins/com.st.stm32cube.ide.mcu.externaltools.gnu-tools-for-stm32.13.3.rel1.linux64_1.0.0.202410170706/tools/bin/../lib/gcc/arm-none-eabi/13.3.1/../../../../arm-none-eabi/lib/thumb/v7e-m+fp/hard/libc_nano.a(libc_a-nano-vfprintf_i.o)
                              /opt/st/stm32cubeide_1.19.0/plugins/com.st.stm32cube.ide.mcu.externaltools.gnu-tools-for-stm32.13.3.rel1.linux64_1.0.0.202410170706/tools/bin/../lib/gcc/arm-none-eabi/13.3.1/../../../../arm-none-eabi/lib/thumb/v7e-m+fp/hard/libc_nano.a(libc_a-nano-vfprintf_float.o) (_printf_common)
/opt/st/stm32cubeide_1.19.0/plugins/com.st.stm32cube.ide.mcu.externaltools.gnu-tools-for-stm32.13.3.rel1.linux64_1.0.0.202410170706/tools/bin/../lib/gcc/arm-none-eabi/13.3.1/../../../../arm-none-eabi/lib/thumb/v7e-m+fp/hard/libc_nano.a(libc_a-findfp.o)
                              /opt/st/stm32cubeide_1.19.0/plugins/com.st.stm32cube.ide.mcu.externaltools.gnu-tools-for-stm32.13.3.rel1.linux64_1.0.0.202410170706/tools/bin/../lib/gcc/arm-none-eabi/13.3.1/../../../../arm-none-eabi/lib/thumb/v7e-m+fp/hard/libc_nano.a(libc_a-exit.o) (__stdio_exit_handler)
/opt/st/stm32cubeide_1.19.0/plugins/com.st.stm32cube.ide.mcu.externaltools.gnu-tools-for-stm32.13.3.rel1.linux64_1.0.0.202410170706/tools/bin/../lib/gcc/arm-none-eabi/13.3.1/../../../../arm-none-eabi/lib/thumb/v7e-m+fp/hard/libc_nano.a(libc_a-fwalk.o)
                              /opt/st/stm32cubeide_1.19.0/plugins/com.st.stm32cube.ide.mcu.externaltools.gnu-tools-for-stm32.13.3.rel1.linux64_1.0.0.202410170706/tools/bin/../lib/gcc/arm-none-eabi/13.3.1/../../../../arm-none-eabi/lib/thumb/v7e-m+fp/hard/libc_nano.a(libc_a-findfp.o) (_fwalk_sglue)
/opt/st/stm32cubeide_1.19.0/plugins/com.st.stm32cube.ide.mcu.externaltools.gnu-tools-for-stm32.13.3.rel1.linux64_1.0.0.202410170706/tools/bin/../lib/gcc/arm-none-eabi/13.3.1/../../../../arm-none-eabi/lib/thumb/v7e-m+fp/hard/libc_nano.a(libc_a-printf.o)
                              ./Core/Src/accelerometer.o (printf)
/opt/st/stm32cubeide_1.19.0/plugins/com.st.stm32cube.ide.mcu.externaltools.gnu-tools-for-stm32.13.3.rel1.linux64_1.0.0.202410170706/tools/bin/../lib/gcc/arm-none-eabi/13.3.1/../../../../arm-none-eabi/lib/thumb/v7e-m+fp/hard/libc_nano.a(libc_a-puts.o)
                              ./Core/Src/accelerometer.o (puts)
/opt/st/stm32cubeide_1.19.0/plugins/com.st.stm32cube.ide.mcu.externaltools.gnu-tools-for-stm32.13.3.rel1.linux64_1.0.0.202410170706/tools/bin/../lib/gcc/arm-none-eabi/13.3.1/../../../../arm-none-eabi/lib/thumb/v7e-m+fp/hard/libc_nano.a(libc_a-stdio.o)
                              /opt/st/stm32cubeide_1.19.0/plugins/com.st.stm32cube.ide.mcu.externaltools.gnu-tools-for-stm32.13.3.rel1.linux64_1.0.0.202410170706/tools/bin/../lib/gcc/arm-none-eabi/13.3.1/../../../../arm-none-eabi/lib/thumb/v7e-m+fp/hard/libc_nano.a(libc_a-findfp.o) (__sread)
/opt/st/stm32cubeide_1.19.0/plugins/com.st.stm32cube.ide.mcu.externaltools.gnu-tools-for-stm32.13.3.rel1.linux64_1.0.0.202410170706/tools/bin/../lib/gcc/arm-none-eabi/13.3.1/../../../../arm-none-eabi/lib/thumb/v7e-m+fp/hard/libc_nano.a(libc_a-wbuf.o)
                              /opt/st/stm32cubeide_1.19.0/plugins/com.st.stm32cube.ide.mcu.externaltools.gnu-tools-for-stm32.13.3.rel1.linux64_1.0.0.202410170706/tools/bin/../lib/gcc/arm-none-eabi/13.3.1/../../../../arm-none-eabi/lib/thumb/v7e-m+fp/hard/libc_nano.a(libc_a-puts.o) (__swbuf_r)
/opt/st/stm32cubeide_1.19.0/plugins/com.st.stm32cube.ide.mcu.externaltools.gnu-tools-for-stm32.13.3.rel1.linux64_1.0.0.202410170706/tools/bin/../lib/gcc/arm-none-eabi/13.3.1/../../../../arm-none-eabi/lib/thumb/v7e-m+fp/hard/libc_nano.a(libc_a-wsetup.o)
                              /opt/st/stm32cubeide_1.19.0/plugins/com.st.stm32cube.ide.mcu.externaltools.gnu-tools-for-stm32.13.3.rel1.linux64_1.0.0.202410170706/tools/bin/../lib/gcc/arm-none-eabi/13.3.1/../../../../arm-none-eabi/lib/thumb/v7e-m+fp/hard/libc_nano.a(libc_a-puts.o) (__swsetup_r)
[...]
Memory Configuration

Name             Origin             Length             Attributes
RAM              0x20000000         0x00018000         xrw
RAM2             0x10000000         0x00008000         xrw
FLASH            0x08000000         0x00100000         xr
*default*        0x00000000         0xffffffff

Linker script and memory map

LOAD /opt/st/stm32cubeide_1.19.0/plugins/com.st.stm32cube.ide.mcu.externaltools.gnu-tools-for-stm32.13.3.rel1.linux64_1.0.0.202410170706/tools/bin/../lib/gcc/arm-none-eabi/13.3.1/thumb/v7e-m+fp/hard/crti.o
LOAD /opt/st/stm32cubeide_1.19.0/plugins/com.st.stm32cube.ide.mcu.externaltools.gnu-tools-for-stm32.13.3.rel1.linux64_1.0.0.202410170706/tools/bin/../lib/gcc/arm-none-eabi/13.3.1/thumb/v7e-m+fp/hard/crtbegin.o
LOAD /opt/st/stm32cubeide_1.19.0/plugins/com.st.stm32cube.ide.mcu.externaltools.gnu-tools-for-stm32.13.3.rel1.linux64_1.0.0.202410170706/tools/bin/../lib/gcc/arm-none-eabi/13.3.1/../../../../arm-none-eabi/lib/thumb/v7e-m+fp/hard/crt0.o
LOAD ./BSP/stm32l475e_iot01.o
LOAD ./BSP/stm32l475e_iot01_accelero.o
LOAD ./BSP/stm32l475e_iot01_gyro.o
LOAD ./BSP/stm32l475e_iot01_hsensor.o
LOAD ./BSP/stm32l475e_iot01_magneto.o
LOAD ./BSP/stm32l475e_iot01_psensor.o
LOAD ./BSP/stm32l475e_iot01_qspi.o
LOAD ./BSP/stm32l475e_iot01_tsensor.o
LOAD ./Components/cs42l51/cs42l51.o
LOAD ./Components/cs43l22/cs43l22.o
LOAD ./Components/cy8c4014lqi/cy8c4014lqi.o
LOAD ./Components/ft3x67/ft3x67.o
LOAD ./Components/ft5336/ft5336.o
LOAD ./Components/ft6x06/ft6x06.o
LOAD ./Components/hts221/hts221.o
LOAD ./Components/hx8347g/hx8347g.o
LOAD ./Components/hx8347i/hx8347i.o
LOAD ./Components/l3gd20/l3gd20.o
LOAD ./Components/lis3mdl/lis3mdl.o
LOAD ./Components/lps22hb/lps22hb.o
LOAD ./Components/ls016b8uy/ls016b8uy.o
LOAD ./Components/lsm303c/lsm303c.o
LOAD ./Components/lsm303dlhc/lsm303dlhc.o
LOAD ./Components/lsm6dsl/lsm6dsl.o
LOAD ./Components/m24sr/m24sr.o
LOAD ./Components/mfxstm32l152/mfxstm32l152.o
LOAD ./Components/ov9655/ov9655.o
LOAD ./Components/st25dv/st25dv.o
LOAD ./Components/st25dv/st25dv_reg.o
LOAD ./Components/st7735/st7735.o
LOAD ./Components/st7789h2/st7789h2.o
LOAD ./Components/stmpe1600/stmpe1600.o
LOAD ./Components/stmpe811/stmpe811.o
LOAD ./Components/wm8994/wm8994.o
LOAD ./Core/Src/accelerometer.o
LOAD ./Core/Src/gyroscope.o
LOAD ./Core/Src/humidity.o
LOAD ./Core/Src/magnetic.o
LOAD ./Core/Src/main.o
LOAD ./Core/Src/pressure.o
LOAD ./Core/Src/stm32l4xx_hal_msp.o
LOAD ./Core/Src/stm32l4xx_it.o
LOAD ./Core/Src/syscalls.o
LOAD ./Core/Src/sysmem.o
LOAD ./Core/Src/system_stm32l4xx.o
LOAD ./Core/Src/temperature.o
LOAD ./Core/Startup/startup_stm32l475vgtx.o
LOAD ./Drivers/STM32L4xx_HAL_Driver/Src/stm32l4xx_hal.o
LOAD ./Drivers/STM32L4xx_HAL_Driver/Src/stm32l4xx_hal_cortex.o
LOAD ./Drivers/STM32L4xx_HAL_Driver/Src/stm32l4xx_hal_dfsdm.o
LOAD ./Drivers/STM32L4xx_HAL_Driver/Src/stm32l4xx_hal_dma.o
LOAD ./Drivers/STM32L4xx_HAL_Driver/Src/stm32l4xx_hal_dma_ex.o
LOAD ./Drivers/STM32L4xx_HAL_Driver/Src/stm32l4xx_hal_exti.o
LOAD ./Drivers/STM32L4xx_HAL_Driver/Src/stm32l4xx_hal_flash.o
LOAD ./Drivers/STM32L4xx_HAL_Driver/Src/stm32l4xx_hal_flash_ex.o
LOAD ./Drivers/STM32L4xx_HAL_Driver/Src/stm32l4xx_hal_flash_ramfunc.o
LOAD ./Drivers/STM32L4xx_HAL_Driver/Src/stm32l4xx_hal_gpio.o
LOAD ./Drivers/STM32L4xx_HAL_Driver/Src/stm32l4xx_hal_i2c.o
LOAD ./Drivers/STM32L4xx_HAL_Driver/Src/stm32l4xx_hal_i2c_ex.o
LOAD ./Drivers/STM32L4xx_HAL_Driver/Src/stm32l4xx_hal_pcd.o
LOAD ./Drivers/STM32L4xx_HAL_Driver/Src/stm32l4xx_hal_pcd_ex.o
LOAD ./Drivers/STM32L4xx_HAL_Driver/Src/stm32l4xx_hal_pwr.o
LOAD ./Drivers/STM32L4xx_HAL_Driver/Src/stm32l4xx_hal_pwr_ex.o
LOAD ./Drivers/STM32L4xx_HAL_Driver/Src/stm32l4xx_hal_qspi.o
LOAD ./Drivers/STM32L4xx_HAL_Driver/Src/stm32l4xx_hal_rcc.o
LOAD ./Drivers/STM32L4xx_HAL_Driver/Src/stm32l4xx_hal_rcc_ex.o
LOAD ./Drivers/STM32L4xx_HAL_Driver/Src/stm32l4xx_hal_spi.o
LOAD ./Drivers/STM32L4xx_HAL_Driver/Src/stm32l4xx_hal_spi_ex.o
LOAD ./Drivers/STM32L4xx_HAL_Driver/Src/stm32l4xx_hal_uart.o
LOAD ./Drivers/STM32L4xx_HAL_Driver/Src/stm32l4xx_hal_uart_ex.o
LOAD ./Drivers/STM32L4xx_HAL_Driver/Src/stm32l4xx_ll_usb.o
START GROUP
LOAD /opt/st/stm32cubeide_1.19.0/plugins/com.st.stm32cube.ide.mcu.externaltools.gnu-tools-for-stm32.13.3.rel1.linux64_1.0.0.202410170706/tools/bin/../lib/gcc/arm-none-eabi/13.3.1/../../../../arm-none-eabi/lib/thumb/v7e-m+fp/hard/libc_nano.a
LOAD /opt/st/stm32cubeide_1.19.0/plugins/com.st.stm32cube.ide.mcu.externaltools.gnu-tools-for-stm32.13.3.rel1.linux64_1.0.0.202410170706/tools/bin/../lib/gcc/arm-none-eabi/13.3.1/../../../../arm-none-eabi/lib/thumb/v7e-m+fp/hard/libm.a
END GROUP
START GROUP
LOAD /opt/st/stm32cubeide_1.19.0/plugins/com.st.stm32cube.ide.mcu.externaltools.gnu-tools-for-stm32.13.3.rel1.linux64_1.0.0.202410170706/tools/bin/../lib/gcc/arm-none-eabi/13.3.1/thumb/v7e-m+fp/hard/libgcc.a
LOAD /opt/st/stm32cubeide_1.19.0/plugins/com.st.stm32cube.ide.mcu.externaltools.gnu-tools-for-stm32.13.3.rel1.linux64_1.0.0.202410170706/tools/bin/../lib/gcc/arm-none-eabi/13.3.1/../../../../arm-none-eabi/lib/thumb/v7e-m+fp/hard/libc_nano.a
END GROUP
START GROUP
LOAD /opt/st/stm32cubeide_1.19.0/plugins/com.st.stm32cube.ide.mcu.externaltools.gnu-tools-for-stm32.13.3.rel1.linux64_1.0.0.202410170706/tools/bin/../lib/gcc/arm-none-eabi/13.3.1/thumb/v7e-m+fp/hard/libgcc.a
LOAD /opt/st/stm32cubeide_1.19.0/plugins/com.st.stm32cube.ide.mcu.externaltools.gnu-tools-for-stm32.13.3.rel1.linux64_1.0.0.202410170706/tools/bin/../lib/gcc/arm-none-eabi/13.3.1/../../../../arm-none-eabi/lib/thumb/v7e-m+fp/hard/libc_nano.a
LOAD /opt/st/stm32cubeide_1.19.0/plugins/com.st.stm32cube.ide.mcu.externaltools.gnu-tools-for-stm32.13.3.rel1.linux64_1.0.0.202410170706/tools/bin/../lib/gcc/arm-none-eabi/13.3.1/../../../../arm-none-eabi/lib/thumb/v7e-m+fp/hard/libnosys.a
END GROUP
START GROUP
LOAD /opt/st/stm32cubeide_1.19.0/plugins/com.st.stm32cube.ide.mcu.externaltools.gnu-tools-for-stm32.13.3.rel1.linux64_1.0.0.202410170706/tools/bin/../lib/gcc/arm-none-eabi/13.3.1/thumb/v7e-m+fp/hard/libgcc.a
LOAD /opt/st/stm32cubeide_1.19.0/plugins/com.st.stm32cube.ide.mcu.externaltools.gnu-tools-for-stm32.13.3.rel1.linux64_1.0.0.202410170706/tools/bin/../lib/gcc/arm-none-eabi/13.3.1/../../../../arm-none-eabi/lib/thumb/v7e-m+fp/hard/libc_nano.a
LOAD /opt/st/stm32cubeide_1.19.0/plugins/com.st.stm32cube.ide.mcu.externaltools.gnu-tools-for-stm32.13.3.rel1.linux64_1.0.0.202410170706/tools/bin/../lib/gcc/arm-none-eabi/13.3.1/../../../../arm-none-eabi/lib/thumb/v7e-m+fp/hard/libnosys.a
END GROUP
LOAD /opt/st/stm32cubeide_1.19.0/plugins/com.st.stm32cube.ide.mcu.externaltools.gnu-tools-for-stm32.13.3.rel1.linux64_1.0.0.202410170706/tools/bin/../lib/gcc/arm-none-eabi/13.3.1/thumb/v7e-m+fp/hard/crtend.o
LOAD /opt/st/stm32cubeide_1.19.0/plugins/com.st.stm32cube.ide.mcu.externaltools.gnu-tools-for-stm32.13.3.rel1.linux64_1.0.0.202410170706/tools/bin/../lib/gcc/arm-none-eabi/13.3.1/thumb/v7e-m+fp/hard/crtn.o
                0x20018000                        _estack = (ORIGIN (RAM) + LENGTH (RAM))
                0x00000200                        _Min_Heap_Size = 0x200
                0x00000400                        _Min_Stack_Size = 0x400

.isr_vector     0x08000000      0x188
                0x08000000                        . = ALIGN (0x4)
 *(.isr_vector)
 .isr_vector    0x08000000      0x188 ./Core/Startup/startup_stm32l475vgtx.o
                0x08000000                g_pfnVectors
                0x08000188                        . = ALIGN (0x4)

.text           0x08000190     0x9e10
                0x08000190                        . = ALIGN (0x4)
 *(.text)
 .text          0x08000190       0x40 /opt/st/stm32cubeide_1.19.0/plugins/com.st.stm32cube.ide.mcu.externaltools.gnu-tools-for-stm32.13.3.rel1.linux64_1.0.0.202410170706/tools/bin/../lib/gcc/arm-none-eabi/13.3.1/thumb/v7e-m+fp/hard/crtbegin.o
 .text          0x080001d0       0xa0 /opt/st/stm32cubeide_1.19.0/plugins/com.st.stm32cube.ide.mcu.externaltools.gnu-tools-for-stm32.13.3.rel1.linux64_1.0.0.202410170706/tools/bin/../lib/gcc/arm-none-eabi/13.3.1/../../../../arm-none-eabi/lib/thumb/v7e-m+fp/hard/libc_nano.a(libc_a-memchr.o)
                0x080001d0                memchr
 .text          0x08000270       0x10 /opt/st/stm32cubeide_1.19.0/plugins/com.st.stm32cube.ide.mcu.externaltools.gnu-tools-for-stm32.13.3.rel1.linux64_1.0.0.202410170706/tools/bin/../lib/gcc/arm-none-eabi/13.3.1/../../../../arm-none-eabi/lib/thumb/v7e-m+fp/hard/libc_nano.a(libc_a-strlen.o)
                0x08000270                strlen
 .text          0x08000280      0x378 /opt/st/stm32cubeide_1.19.0/plugins/com.st.stm32cube.ide.mcu.externaltools.gnu-tools-for-stm32.13.3.rel1.linux64_1.0.0.202410170706/tools/bin/../lib/gcc/arm-none-eabi/13.3.1/thumb/v7e-m+fp/hard/libgcc.a(_arm_addsubdf3.o)
                0x08000280                __aeabi_drsub
                0x08000288                __aeabi_dsub
                0x08000288                __subdf3
                0x0800028c                __adddf3
                0x0800028c                __aeabi_dadd
                0x08000504                __aeabi_ui2d
                0x08000504                __floatunsidf
                0x08000524                __floatsidf
                0x08000524                __aeabi_i2d
                0x08000548                __extendsfdf2
                0x08000548                __aeabi_f2d
                0x0800058c                __aeabi_ul2d
                0x0800058c                __floatundidf
                0x0800059c                __floatdidf
                0x0800059c                __aeabi_l2d
 .text          0x080005f8      0x424 /opt/st/stm32cubeide_1.19.0/plugins/com.st.stm32cube.ide.mcu.externaltools.gnu-tools-for-stm32.13.3.rel1.linux64_1.0.0.202410170706/tools/bin/../lib/gcc/arm-none-eabi/13.3.1/thumb/v7e-m+fp/hard/libgcc.a(_arm_muldivdf3.o)
                0x080005f8                __aeabi_dmul
                0x080005f8                __muldf3
                0x0800084c                __aeabi_ddiv
                0x0800084c                __divdf3
 .text          0x08000a1c      0x110 /opt/st/stm32cubeide_1.19.0/plugins/com.st.stm32cube.ide.mcu.externaltools.gnu-tools-for-stm32.13.3.rel1.linux64_1.0.0.202410170706/tools/bin/../lib/gcc/arm-none-eabi/13.3.1/thumb/v7e-m+fp/hard/libgcc.a(_arm_cmpdf2.o)
                0x08000a1c                __gtdf2
                0x08000a1c                __gedf2
                0x08000a24                __ltdf2
                0x08000a24                __ledf2
                0x08000a2c                __cmpdf2
                0x08000a2c                __eqdf2
                0x08000a2c                __nedf2
                0x08000aa8                __aeabi_cdrcmple
                0x08000ab8                __aeabi_cdcmple
                0x08000ab8                __aeabi_cdcmpeq
                0x08000ac8                __aeabi_dcmpeq
                0x08000adc                __aeabi_dcmplt
                0x08000af0                __aeabi_dcmple
                0x08000b04                __aeabi_dcmpge
                0x08000b18                __aeabi_dcmpgt
 .text          0x08000b2c       0x2c /opt/st/stm32cubeide_1.19.0/plugins/com.st.stm32cube.ide.mcu.externaltools.gnu-tools-for-stm32.13.3.rel1.linux64_1.0.0.202410170706/tools/bin/../lib/gcc/arm-none-eabi/13.3.1/thumb/v7e-m+fp/hard/libgcc.a(_arm_unorddf2.o)
                0x08000b2c                __aeabi_dcmpun
                0x08000b2c                __unorddf2
 .text          0x08000b58       0x50 /opt/st/stm32cubeide_1.19.0/plugins/com.st.stm32cube.ide.mcu.externaltools.gnu-tools-for-stm32.13.3.rel1.linux64_1.0.0.202410170706/tools/bin/../lib/gcc/arm-none-eabi/13.3.1/thumb/v7e-m+fp/hard/libgcc.a(_arm_fixdfsi.o)
                0x08000b58                __fixdfsi
                0x08000b58                __aeabi_d2iz
 .text          0x08000ba8       0x30 /opt/st/stm32cubeide_1.19.0/plugins/com.st.stm32cube.ide.mcu.externaltools.gnu-tools-for-stm32.13.3.rel1.linux64_1.0.0.202410170706/tools/bin/../lib/gcc/arm-none-eabi/13.3.1/thumb/v7e-m+fp/hard/libgcc.a(_aeabi_uldivmod.o)
                0x08000ba8                __aeabi_uldivmod
 .text          0x08000bd8      0x2f8 /opt/st/stm32cubeide_1.19.0/plugins/com.st.stm32cube.ide.mcu.externaltools.gnu-tools-for-stm32.13.3.rel1.linux64_1.0.0.202410170706/tools/bin/../lib/gcc/arm-none-eabi/13.3.1/thumb/v7e-m+fp/hard/libgcc.a(_udivmoddi4.o)
                0x08000bd8                __udivmoddi4
 .text          0x08000ed0        0x4 /opt/st/stm32cubeide_1.19.0/plugins/com.st.stm32cube.ide.mcu.externaltools.gnu-tools-for-stm32.13.3.rel1.linux64_1.0.0.202410170706/tools/bin/../lib/gcc/arm-none-eabi/13.3.1/thumb/v7e-m+fp/hard/libgcc.a(_dvmd_tls.o)
                0x08000ed0                __aeabi_ldiv0
                0x08000ed0                __aeabi_idiv0
 *(.text*)
 .text.I2Cx_MspInit
                0x08000ed4       0xb0 ./BSP/stm32l475e_iot01.o
 .text.I2Cx_Init
                0x08000f84       0x5c ./BSP/stm32l475e_iot01.o
 .text.I2Cx_ReadMultiple
                0x08000fe0       0x5a ./BSP/stm32l475e_iot01.o
 .text.I2Cx_WriteMultiple
                0x0800103a       0x5a ./BSP/stm32l475e_iot01.o
 .text.I2Cx_Error
                0x08001094       0x20 ./BSP/stm32l475e_iot01.o
 .text.SENSOR_IO_Init
                0x080010b4       0x14 ./BSP/stm32l475e_iot01.o
                0x080010b4                SENSOR_IO_Init
 .text.SENSOR_IO_Write
                0x080010c8       0x34 ./BSP/stm32l475e_iot01.o
                0x080010c8                SENSOR_IO_Write
 .text.SENSOR_IO_Read
                0x080010fc       0x3c ./BSP/stm32l475e_iot01.o
                0x080010fc                SENSOR_IO_Read
 .text.SENSOR_IO_ReadMultiple
                0x08001138       0x3c ./BSP/stm32l475e_iot01.o
                0x08001138                SENSOR_IO_ReadMultiple
 .text.BSP_ACCELERO_Init
                0x08001174       0x80 ./BSP/stm32l475e_iot01_accelero.o
                0x08001174                BSP_ACCELERO_Init
 .text.BSP_ACCELERO_DeInit
                0x080011f4       0x28 ./BSP/stm32l475e_iot01_accelero.o
                0x080011f4                BSP_ACCELERO_DeInit
 .text.BSP_ACCELERO_AccGetXYZ
                0x0800121c       0x30 ./BSP/stm32l475e_iot01_accelero.o
                0x0800121c                BSP_ACCELERO_AccGetXYZ
 .text.BSP_GYRO_Init
                0x0800124c       0x88 ./BSP/stm32l475e_iot01_gyro.o
                0x0800124c                BSP_GYRO_Init
 .text.BSP_GYRO_DeInit
                0x080012d4       0x28 ./BSP/stm32l475e_iot01_gyro.o
                0x080012d4                BSP_GYRO_DeInit
 .text.BSP_GYRO_GetXYZ
                0x080012fc       0x30 ./BSP/stm32l475e_iot01_gyro.o
                0x080012fc                BSP_GYRO_GetXYZ
 .text.BSP_HSENSOR_Init
                0x0800132c       0x40 ./BSP/stm32l475e_iot01_hsensor.o
                0x0800132c                BSP_HSENSOR_Init
 .text.BSP_HSENSOR_ReadHumidity
                0x0800136c       0x1c ./BSP/stm32l475e_iot01_hsensor.o
                0x0800136c                BSP_HSENSOR_ReadHumidity
 .text.BSP_MAGNETO_Init
                0x08001388       0x58 ./BSP/stm32l475e_iot01_magneto.o
                0x08001388                BSP_MAGNETO_Init
 .text.BSP_MAGNETO_DeInit
                0x080013e0       0x28 ./BSP/stm32l475e_iot01_magneto.o
                0x080013e0                BSP_MAGNETO_DeInit
 .text.BSP_MAGNETO_GetXYZ
                0x08001408       0x30 ./BSP/stm32l475e_iot01_magneto.o
                0x08001408                BSP_MAGNETO_GetXYZ
 .text.BSP_PSENSOR_Init
                0x08001438       0x40 ./BSP/stm32l475e_iot01_psensor.o
                0x08001438                BSP_PSENSOR_Init
 .text.BSP_PSENSOR_ReadPressure
                0x08001478       0x1c ./BSP/stm32l475e_iot01_psensor.o
                0x08001478                BSP_PSENSOR_ReadPressure
 .text.BSP_TSENSOR_Init
                0x08001494       0x38 ./BSP/stm32l475e_iot01_tsensor.o
                0x08001494                BSP_TSENSOR_Init
 .text.BSP_TSENSOR_ReadTemp
                0x080014cc       0x1c ./BSP/stm32l475e_iot01_tsensor.o
                0x080014cc                BSP_TSENSOR_ReadTemp
 .text.HTS221_H_Init
                0x080014e8       0x58 ./Components/hts221/hts221.o
                0x080014e8                HTS221_H_Init
 .text.HTS221_H_ReadID
                0x08001540       0x2c ./Components/hts221/hts221.o
                0x08001540                HTS221_H_ReadID
 .text.HTS221_H_ReadHumidity
                0x0800156c      0x13c ./Components/hts221/hts221.o
                0x0800156c                HTS221_H_ReadHumidity
 .text.HTS221_T_Init
                0x080016a8       0x5a ./Components/hts221/hts221.o
                0x080016a8                HTS221_T_Init
 .text.HTS221_T_ReadTemp
                0x08001702      0x118 ./Components/hts221/hts221.o
                0x08001702                HTS221_T_ReadTemp
 .text.LIS3MDL_MagInit
                0x0800181a       0x50 ./Components/lis3mdl/lis3mdl.o
                0x0800181a                LIS3MDL_MagInit
 .text.LIS3MDL_MagDeInit
                0x0800186a       0x3a ./Components/lis3mdl/lis3mdl.o
                0x0800186a                LIS3MDL_MagDeInit
 .text.LIS3MDL_MagReadID
                0x080018a4       0x16 ./Components/lis3mdl/lis3mdl.o
                0x080018a4                LIS3MDL_MagReadID
 .text.LIS3MDL_MagLowPower
                0x080018ba       0x44 ./Components/lis3mdl/lis3mdl.o
                0x080018ba                LIS3MDL_MagLowPower
 *fill*         0x080018fe        0x2 
 .text.LIS3MDL_MagReadXYZ
                0x08001900      0x108 ./Components/lis3mdl/lis3mdl.o
                0x08001900                LIS3MDL_MagReadXYZ
 .text.LPS22HB_P_Init
                0x08001a08       0x1a ./Components/lps22hb/lps22hb.o
                0x08001a08                LPS22HB_P_Init
 .text.LPS22HB_P_ReadID
                0x08001a22       0x2c ./Components/lps22hb/lps22hb.o
                0x08001a22                LPS22HB_P_ReadID
 *fill*         0x08001a4e        0x2 
 .text.LPS22HB_P_ReadPressure
                0x08001a50       0xbc ./Components/lps22hb/lps22hb.o
                0x08001a50                LPS22HB_P_ReadPressure
 .text.LPS22HB_Init
                0x08001b0c       0x7e ./Components/lps22hb/lps22hb.o
 .text.LSM6DSL_AccInit
                0x08001b8a       0x72 ./Components/lsm6dsl/lsm6dsl.o
                0x08001b8a                LSM6DSL_AccInit
 .text.LSM6DSL_AccDeInit
                0x08001bfc       0x32 ./Components/lsm6dsl/lsm6dsl.o
                0x08001bfc                LSM6DSL_AccDeInit
 .text.LSM6DSL_AccReadID
                0x08001c2e       0x16 ./Components/lsm6dsl/lsm6dsl.o
                0x08001c2e                LSM6DSL_AccReadID
 .text.LSM6DSL_AccLowPower
                0x08001c44       0x44 ./Components/lsm6dsl/lsm6dsl.o
                0x08001c44                LSM6DSL_AccLowPower
 .text.LSM6DSL_AccReadXYZ
                0x08001c88      0x12c ./Components/lsm6dsl/lsm6dsl.o
                0x08001c88                LSM6DSL_AccReadXYZ
 .text.LSM6DSL_GyroInit
                0x08001db4       0x72 ./Components/lsm6dsl/lsm6dsl.o
                0x08001db4                LSM6DSL_GyroInit
 .text.LSM6DSL_GyroDeInit
                0x08001e26       0x32 ./Components/lsm6dsl/lsm6dsl.o
                0x08001e26                LSM6DSL_GyroDeInit
 .text.LSM6DSL_GyroReadID
                0x08001e58       0x16 ./Components/lsm6dsl/lsm6dsl.o
                0x08001e58                LSM6DSL_GyroReadID
 .text.LSM6DSL_GyroLowPower
                0x08001e6e       0x44 ./Components/lsm6dsl/lsm6dsl.o
                0x08001e6e                LSM6DSL_GyroLowPower
 *fill*         0x08001eb2        0x2 
 .text.LSM6DSL_GyroReadXYZAngRate
                0x08001eb4      0x124 ./Components/lsm6dsl/lsm6dsl.o
                0x08001eb4                LSM6DSL_GyroReadXYZAngRate
 .text.Accelero_Test
                0x08001fd8       0x4c ./Core/Src/accelerometer.o
                0x08001fd8                Accelero_Test
 .text.Gyro_Test
                0x08002024       0x74 ./Core/Src/gyroscope.o
                0x08002024                Gyro_Test
 .text.Humidity_Test
                0x08002098       0x30 ./Core/Src/humidity.o
                0x08002098                Humidity_Test
 .text.Magneto_Test
                0x080020c8       0x60 ./Core/Src/magnetic.o
                0x080020c8                Magneto_Test
 .text.__io_putchar
                0x08002128       0x2c ./Core/Src/main.o
                0x08002128                __io_putchar
 .text.main     0x08002154       0x50 ./Core/Src/main.o
                0x08002154                main
 .text.SystemClock_Config
                0x080021a4       0xc4 ./Core/Src/main.o
                0x080021a4                SystemClock_Config
 .text.MX_DFSDM1_Init
                0x08002268       0x70 ./Core/Src/main.o
 .text.MX_I2C2_Init
                0x080022d8       0x7c ./Core/Src/main.o
 .text.MX_QUADSPI_Init
                0x08002354       0x4c ./Core/Src/main.o
 .text.MX_SPI3_Init
                0x080023a0       0x7c ./Core/Src/main.o
 .text.MX_USART1_UART_Init
                0x0800241c       0x60 ./Core/Src/main.o
 .text.MX_USART3_UART_Init
                0x0800247c       0x60 ./Core/Src/main.o
 .text.MX_USB_OTG_FS_PCD_Init
                0x080024dc       0x5c ./Core/Src/main.o
 .text.MX_GPIO_Init
                0x08002538      0x364 ./Core/Src/main.o
 .text.Error_Handler
                0x0800289c        0xc ./Core/Src/main.o
                0x0800289c                Error_Handler
 .text.Pressure_Test
                0x080028a8       0x3c ./Core/Src/pressure.o
                0x080028a8                Pressure_Test
 .text.HAL_MspInit
                0x080028e4       0x48 ./Core/Src/stm32l4xx_hal_msp.o
                0x080028e4                HAL_MspInit
 .text.HAL_DFSDM_ChannelMspInit
                0x0800292c       0xc8 ./Core/Src/stm32l4xx_hal_msp.o
                0x0800292c                HAL_DFSDM_ChannelMspInit
 .text.HAL_I2C_MspInit
                0x080029f4       0xbc ./Core/Src/stm32l4xx_hal_msp.o
                0x080029f4                HAL_I2C_MspInit
 .text.HAL_I2C_MspDeInit
                0x08002ab0       0x48 ./Core/Src/stm32l4xx_hal_msp.o
                0x08002ab0                HAL_I2C_MspDeInit
 .text.HAL_QSPI_MspInit
                0x08002af8       0x88 ./Core/Src/stm32l4xx_hal_msp.o
                0x08002af8                HAL_QSPI_MspInit
 .text.HAL_SPI_MspInit
                0x08002b80       0x88 ./Core/Src/stm32l4xx_hal_msp.o
                0x08002b80                HAL_SPI_MspInit
 .text.HAL_UART_MspInit
                0x08002c08      0x148 ./Core/Src/stm32l4xx_hal_msp.o
                0x08002c08                HAL_UART_MspInit
 .text.HAL_PCD_MspInit
                0x08002d50      0x138 ./Core/Src/stm32l4xx_hal_msp.o
                0x08002d50                HAL_PCD_MspInit
 .text.NMI_Handler
                0x08002e88        0x8 ./Core/Src/stm32l4xx_it.o
                0x08002e88                NMI_Handler
 .text.HardFault_Handler
                0x08002e90        0x8 ./Core/Src/stm32l4xx_it.o
                0x08002e90                HardFault_Handler
 .text.MemManage_Handler
                0x08002e98        0x8 ./Core/Src/stm32l4xx_it.o
                0x08002e98                MemManage_Handler
 .text.BusFault_Handler
                0x08002ea0        0x8 ./Core/Src/stm32l4xx_it.o
                0x08002ea0                BusFault_Handler
 .text.UsageFault_Handler
                0x08002ea8        0x8 ./Core/Src/stm32l4xx_it.o
                0x08002ea8                UsageFault_Handler
 .text.SVC_Handler
                0x08002eb0        0xe ./Core/Src/stm32l4xx_it.o
                0x08002eb0                SVC_Handler
 .text.DebugMon_Handler
                0x08002ebe        0xe ./Core/Src/stm32l4xx_it.o
                0x08002ebe                DebugMon_Handler
 .text.PendSV_Handler
                0x08002ecc        0xe ./Core/Src/stm32l4xx_it.o
                0x08002ecc                PendSV_Handler
 .text.SysTick_Handler
                0x08002eda        0xc ./Core/Src/stm32l4xx_it.o
                0x08002eda                SysTick_Handler
 .text.EXTI9_5_IRQHandler
                0x08002ee6       0x22 ./Core/Src/stm32l4xx_it.o
                0x08002ee6                EXTI9_5_IRQHandler
 .text.EXTI15_10_IRQHandler
                0x08002f08       0x30 ./Core/Src/stm32l4xx_it.o
                0x08002f08                EXTI15_10_IRQHandler
 .text._getpid  0x08002f38       0x10 ./Core/Src/syscalls.o
                0x08002f38                _getpid
 .text._kill    0x08002f48       0x20 ./Core/Src/syscalls.o
                0x08002f48                _kill
 .text._exit    0x08002f68       0x16 ./Core/Src/syscalls.o
                0x08002f68                _exit
 .text._read    0x08002f7e       0x3a ./Core/Src/syscalls.o
                0x08002f7e                _read
 .text._write   0x08002fb8       0x38 ./Core/Src/syscalls.o
                0x08002fb8                _write
 .text._close   0x08002ff0       0x18 ./Core/Src/syscalls.o
                0x08002ff0                _close
 .text._fstat   0x08003008       0x20 ./Core/Src/syscalls.o
                0x08003008                _fstat
 .text._isatty  0x08003028       0x16 ./Core/Src/syscalls.o
                0x08003028                _isatty
 .text._lseek   0x0800303e       0x1a ./Core/Src/syscalls.o
                0x0800303e                _lseek
 .text._sbrk    0x08003058       0x6c ./Core/Src/sysmem.o
                0x08003058                _sbrk
 .text.SystemInit
                0x080030c4       0x24 ./Core/Src/system_stm32l4xx.o
                0x080030c4                SystemInit
 .text.Temperature_Test
                0x080030e8       0x34 ./Core/Src/temperature.o
                0x080030e8                Temperature_Test
 .text.Reset_Handler
                0x0800311c       0x50 ./Core/Startup/startup_stm32l475vgtx.o
                0x0800311c                Reset_Handler
 .text.Default_Handler
                0x0800316c        0x2 ./Core/Startup/startup_stm32l475vgtx.o
                0x0800316c                RTC_Alarm_IRQHandler
                0x0800316c                EXTI2_IRQHandler
                0x0800316c                TIM8_TRG_COM_IRQHandler
                0x0800316c                TIM8_CC_IRQHandler
                0x0800316c                TIM1_CC_IRQHandler
                0x0800316c                TSC_IRQHandler
                0x0800316c                TAMP_STAMP_IRQHandler
                0x0800316c                EXTI3_IRQHandler
                0x0800316c                LPTIM2_IRQHandler
                0x0800316c                DFSDM1_FLT1_IRQHandler
                0x0800316c                I2C3_ER_IRQHandler
                0x0800316c                DFSDM1_FLT2_IRQHandler
                0x0800316c                EXTI0_IRQHandler
                0x0800316c                I2C2_EV_IRQHandler
                0x0800316c                CAN1_RX0_IRQHandler
                0x0800316c                FPU_IRQHandler
                0x0800316c                TIM1_UP_TIM16_IRQHandler
                0x0800316c                ADC1_2_IRQHandler
                0x0800316c                SPI1_IRQHandler
                0x0800316c                TIM6_DAC_IRQHandler
                0x0800316c                TIM8_UP_IRQHandler
                0x0800316c                DMA2_Channel2_IRQHandler
                0x0800316c                DMA1_Channel4_IRQHandler
                0x0800316c                SAI2_IRQHandler
                0x0800316c                DFSDM1_FLT3_IRQHandler
                0x0800316c                USART3_IRQHandler
                0x0800316c                DMA1_Channel7_IRQHandler
                0x0800316c                CAN1_RX1_IRQHandler
                0x0800316c                UART5_IRQHandler
                0x0800316c                ADC3_IRQHandler
                0x0800316c                TIM4_IRQHandler
                0x0800316c                DMA2_Channel1_IRQHandler
                0x0800316c                QUADSPI_IRQHandler
                0x0800316c                I2C1_EV_IRQHandler
                0x0800316c                DMA1_Channel6_IRQHandler
                0x0800316c                UART4_IRQHandler
                0x0800316c                DMA2_Channel4_IRQHandler
                0x0800316c                TIM3_IRQHandler
                0x0800316c                RCC_IRQHandler
                0x0800316c                DMA1_Channel1_IRQHandler
                0x0800316c                Default_Handler
                0x0800316c                DMA2_Channel7_IRQHandler
                0x0800316c                TIM7_IRQHandler
                0x0800316c                SDMMC1_IRQHandler
                0x0800316c                TIM5_IRQHandler
                0x0800316c                I2C3_EV_IRQHandler
                0x0800316c                RTC_WKUP_IRQHandler
                0x0800316c                PVD_PVM_IRQHandler
                0x0800316c                SPI2_IRQHandler
                0x0800316c                CAN1_TX_IRQHandler
                0x0800316c                DMA2_Channel5_IRQHandler
                0x0800316c                DMA1_Channel5_IRQHandler
                0x0800316c                EXTI4_IRQHandler
                0x0800316c                RNG_IRQHandler
                0x0800316c                TIM1_TRG_COM_TIM17_IRQHandler
                0x0800316c                DMA1_Channel3_IRQHandler
                0x0800316c                COMP_IRQHandler
                0x0800316c                WWDG_IRQHandler
                0x0800316c                LPUART1_IRQHandler
                0x0800316c                DMA2_Channel6_IRQHandler
                0x0800316c                TIM2_IRQHandler
                0x0800316c                EXTI1_IRQHandler
                0x0800316c                USART2_IRQHandler
                0x0800316c                DFSDM1_FLT0_IRQHandler
                0x0800316c                I2C2_ER_IRQHandler
                0x0800316c                DMA1_Channel2_IRQHandler
                0x0800316c                TIM8_BRK_IRQHandler
                0x0800316c                CAN1_SCE_IRQHandler
                0x0800316c                FLASH_IRQHandler
                0x0800316c                USART1_IRQHandler
                0x0800316c                OTG_FS_IRQHandler
                0x0800316c                SPI3_IRQHandler
                0x0800316c                I2C1_ER_IRQHandler
                0x0800316c                FMC_IRQHandler
                0x0800316c                SWPMI1_IRQHandler
                0x0800316c                LPTIM1_IRQHandler
                0x0800316c                SAI1_IRQHandler
                0x0800316c                DMA2_Channel3_IRQHandler
                0x0800316c                TIM1_BRK_TIM15_IRQHandler
 .text.HAL_Init
                0x0800316e       0x30 ./Drivers/STM32L4xx_HAL_Driver/Src/stm32l4xx_hal.o
                0x0800316e                HAL_Init
 *fill*         0x0800319e        0x2 
 .text.HAL_InitTick
                0x080031a0       0x78 ./Drivers/STM32L4xx_HAL_Driver/Src/stm32l4xx_hal.o
                0x080031a0                HAL_InitTick
 .text.HAL_IncTick
                0x08003218       0x28 ./Drivers/STM32L4xx_HAL_Driver/Src/stm32l4xx_hal.o
                0x08003218                HAL_IncTick
 .text.HAL_GetTick
                0x08003240       0x18 ./Drivers/STM32L4xx_HAL_Driver/Src/stm32l4xx_hal.o
                0x08003240                HAL_GetTick
 .text.HAL_Delay
                0x08003258       0x48 ./Drivers/STM32L4xx_HAL_Driver/Src/stm32l4xx_hal.o
                0x08003258                HAL_Delay
 .text.__NVIC_SetPriorityGrouping
                0x080032a0       0x48 ./Drivers/STM32L4xx_HAL_Driver/Src/stm32l4xx_hal_cortex.o
 .text.__NVIC_GetPriorityGrouping
                0x080032e8       0x1c ./Drivers/STM32L4xx_HAL_Driver/Src/stm32l4xx_hal_cortex.o
 .text.__NVIC_EnableIRQ
                0x08003304       0x3c ./Drivers/STM32L4xx_HAL_Driver/Src/stm32l4xx_hal_cortex.o
 .text.__NVIC_SetPriority
                0x08003340       0x54 ./Drivers/STM32L4xx_HAL_Driver/Src/stm32l4xx_hal_cortex.o
 .text.NVIC_EncodePriority
                0x08003394       0x66 ./Drivers/STM32L4xx_HAL_Driver/Src/stm32l4xx_hal_cortex.o
 *fill*         0x080033fa        0x2 
 .text.SysTick_Config
                0x080033fc       0x44 ./Drivers/STM32L4xx_HAL_Driver/Src/stm32l4xx_hal_cortex.o
 .text.HAL_NVIC_SetPriorityGrouping
                0x08003440       0x16 ./Drivers/STM32L4xx_HAL_Driver/Src/stm32l4xx_hal_cortex.o
                0x08003440                HAL_NVIC_SetPriorityGrouping
 .text.HAL_NVIC_SetPriority
                0x08003456       0x38 ./Drivers/STM32L4xx_HAL_Driver/Src/stm32l4xx_hal_cortex.o
                0x08003456                HAL_NVIC_SetPriority
 .text.HAL_NVIC_EnableIRQ
                0x0800348e       0x1c ./Drivers/STM32L4xx_HAL_Driver/Src/stm32l4xx_hal_cortex.o
                0x0800348e                HAL_NVIC_EnableIRQ
 .text.HAL_SYSTICK_Config
                0x080034aa       0x18 ./Drivers/STM32L4xx_HAL_Driver/Src/stm32l4xx_hal_cortex.o
                0x080034aa                HAL_SYSTICK_Config
 *fill*         0x080034c2        0x2 
 .text.HAL_DFSDM_ChannelInit
                0x080034c4      0x180 ./Drivers/STM32L4xx_HAL_Driver/Src/stm32l4xx_hal_dfsdm.o
                0x080034c4                HAL_DFSDM_ChannelInit
 .text.DFSDM_GetChannelFromInstance
                0x08003644       0x98 ./Drivers/STM32L4xx_HAL_Driver/Src/stm32l4xx_hal_dfsdm.o
 .text.HAL_GPIO_Init
                0x080036dc      0x354 ./Drivers/STM32L4xx_HAL_Driver/Src/stm32l4xx_hal_gpio.o
                0x080036dc                HAL_GPIO_Init
 .text.HAL_GPIO_DeInit
                0x08003a30      0x1e8 ./Drivers/STM32L4xx_HAL_Driver/Src/stm32l4xx_hal_gpio.o
                0x08003a30                HAL_GPIO_DeInit
 .text.HAL_GPIO_WritePin
                0x08003c18       0x30 ./Drivers/STM32L4xx_HAL_Driver/Src/stm32l4xx_hal_gpio.o
                0x08003c18                HAL_GPIO_WritePin
 .text.HAL_GPIO_EXTI_IRQHandler
                0x08003c48       0x30 ./Drivers/STM32L4xx_HAL_Driver/Src/stm32l4xx_hal_gpio.o
                0x08003c48                HAL_GPIO_EXTI_IRQHandler
 .text.HAL_GPIO_EXTI_Callback
                0x08003c78       0x16 ./Drivers/STM32L4xx_HAL_Driver/Src/stm32l4xx_hal_gpio.o
                0x08003c78                HAL_GPIO_EXTI_Callback
 .text.HAL_I2C_Init
                0x08003c8e      0x136 ./Drivers/STM32L4xx_HAL_Driver/Src/stm32l4xx_hal_i2c.o
                0x08003c8e                HAL_I2C_Init
 .text.HAL_I2C_DeInit
                0x08003dc4       0x5e ./Drivers/STM32L4xx_HAL_Driver/Src/stm32l4xx_hal_i2c.o
                0x08003dc4                HAL_I2C_DeInit
 *fill*         0x08003e22        0x2 
 .text.HAL_I2C_Mem_Write
                0x08003e24      0x228 ./Drivers/STM32L4xx_HAL_Driver/Src/stm32l4xx_hal_i2c.o
                0x08003e24                HAL_I2C_Mem_Write
 .text.HAL_I2C_Mem_Read
                0x0800404c      0x234 ./Drivers/STM32L4xx_HAL_Driver/Src/stm32l4xx_hal_i2c.o
                0x0800404c                HAL_I2C_Mem_Read
 .text.I2C_RequestMemoryWrite
                0x08004280       0xa8 ./Drivers/STM32L4xx_HAL_Driver/Src/stm32l4xx_hal_i2c.o
 .text.I2C_RequestMemoryRead
                0x08004328       0xa8 ./Drivers/STM32L4xx_HAL_Driver/Src/stm32l4xx_hal_i2c.o
 .text.I2C_Flush_TXDR
                0x080043d0       0x48 ./Drivers/STM32L4xx_HAL_Driver/Src/stm32l4xx_hal_i2c.o
 .text.I2C_WaitOnFlagUntilTimeout
                0x08004418       0xb2 ./Drivers/STM32L4xx_HAL_Driver/Src/stm32l4xx_hal_i2c.o
 .text.I2C_WaitOnTXISFlagUntilTimeout
                0x080044ca       0x8e ./Drivers/STM32L4xx_HAL_Driver/Src/stm32l4xx_hal_i2c.o
 .text.I2C_WaitOnSTOPFlagUntilTimeout
                0x08004558       0x86 ./Drivers/STM32L4xx_HAL_Driver/Src/stm32l4xx_hal_i2c.o
 *fill*         0x080045de        0x2 
 .text.I2C_IsErrorOccurred
                0x080045e0      0x1c0 ./Drivers/STM32L4xx_HAL_Driver/Src/stm32l4xx_hal_i2c.o
 .text.I2C_TransferConfig
                0x080047a0       0x64 ./Drivers/STM32L4xx_HAL_Driver/Src/stm32l4xx_hal_i2c.o
 .text.HAL_I2CEx_ConfigAnalogFilter
                0x08004804       0x96 ./Drivers/STM32L4xx_HAL_Driver/Src/stm32l4xx_hal_i2c_ex.o
                0x08004804                HAL_I2CEx_ConfigAnalogFilter
 .text.HAL_I2CEx_ConfigDigitalFilter
                0x0800489a       0x98 ./Drivers/STM32L4xx_HAL_Driver/Src/stm32l4xx_hal_i2c_ex.o
                0x0800489a                HAL_I2CEx_ConfigDigitalFilter
 .text.HAL_PCD_Init
                0x08004932      0x21e ./Drivers/STM32L4xx_HAL_Driver/Src/stm32l4xx_hal_pcd.o
                0x08004932                HAL_PCD_Init
 .text.HAL_PCDEx_ActivateLPM
                0x08004b50       0x48 ./Drivers/STM32L4xx_HAL_Driver/Src/stm32l4xx_hal_pcd_ex.o
                0x08004b50                HAL_PCDEx_ActivateLPM
 .text.HAL_PWR_EnableBkUpAccess
                0x08004b98       0x20 ./Drivers/STM32L4xx_HAL_Driver/Src/stm32l4xx_hal_pwr.o
                0x08004b98                HAL_PWR_EnableBkUpAccess
 .text.HAL_PWREx_GetVoltageRange
                0x08004bb8       0x1c ./Drivers/STM32L4xx_HAL_Driver/Src/stm32l4xx_hal_pwr_ex.o
                0x08004bb8                HAL_PWREx_GetVoltageRange
 .text.HAL_PWREx_ControlVoltageScaling
                0x08004bd4       0xac ./Drivers/STM32L4xx_HAL_Driver/Src/stm32l4xx_hal_pwr_ex.o
                0x08004bd4                HAL_PWREx_ControlVoltageScaling
 .text.HAL_PWREx_EnableVddUSB
                0x08004c80       0x20 ./Drivers/STM32L4xx_HAL_Driver/Src/stm32l4xx_hal_pwr_ex.o
                0x08004c80                HAL_PWREx_EnableVddUSB
 .text.HAL_QSPI_Init
                0x08004ca0       0xec ./Drivers/STM32L4xx_HAL_Driver/Src/stm32l4xx_hal_qspi.o
                0x08004ca0                HAL_QSPI_Init
 .text.HAL_QSPI_SetTimeout
                0x08004d8c       0x1c ./Drivers/STM32L4xx_HAL_Driver/Src/stm32l4xx_hal_qspi.o
                0x08004d8c                HAL_QSPI_SetTimeout
 .text.QSPI_WaitFlagStateUntilTimeout
                0x08004da8       0x6e ./Drivers/STM32L4xx_HAL_Driver/Src/stm32l4xx_hal_qspi.o
 *fill*         0x08004e16        0x2 
 .text.HAL_RCC_OscConfig
                0x08004e18      0x7b8 ./Drivers/STM32L4xx_HAL_Driver/Src/stm32l4xx_hal_rcc.o
                0x08004e18                HAL_RCC_OscConfig
 .text.HAL_RCC_ClockConfig
                0x080055d0      0x200 ./Drivers/STM32L4xx_HAL_Driver/Src/stm32l4xx_hal_rcc.o
                0x080055d0                HAL_RCC_ClockConfig
 .text.HAL_RCC_GetSysClockFreq
                0x080057d0      0x118 ./Drivers/STM32L4xx_HAL_Driver/Src/stm32l4xx_hal_rcc.o
                0x080057d0                HAL_RCC_GetSysClockFreq
 .text.HAL_RCC_GetHCLKFreq
                0x080058e8       0x18 ./Drivers/STM32L4xx_HAL_Driver/Src/stm32l4xx_hal_rcc.o
                0x080058e8                HAL_RCC_GetHCLKFreq
 .text.HAL_RCC_GetPCLK1Freq
                0x08005900       0x2c ./Drivers/STM32L4xx_HAL_Driver/Src/stm32l4xx_hal_rcc.o
                0x08005900                HAL_RCC_GetPCLK1Freq
 .text.HAL_RCC_GetPCLK2Freq
                0x0800592c       0x2c ./Drivers/STM32L4xx_HAL_Driver/Src/stm32l4xx_hal_rcc.o
                0x0800592c                HAL_RCC_GetPCLK2Freq
 .text.RCC_SetFlashLatencyFromMSIRange
                0x08005958       0xc0 ./Drivers/STM32L4xx_HAL_Driver/Src/stm32l4xx_hal_rcc.o
 .text.HAL_RCCEx_PeriphCLKConfig
                0x08005a18      0x5d4 ./Drivers/STM32L4xx_HAL_Driver/Src/stm32l4xx_hal_rcc_ex.o
                0x08005a18                HAL_RCCEx_PeriphCLKConfig
 .text.HAL_RCCEx_EnableMSIPLLMode
                0x08005fec       0x20 ./Drivers/STM32L4xx_HAL_Driver/Src/stm32l4xx_hal_rcc_ex.o
                0x08005fec                HAL_RCCEx_EnableMSIPLLMode
 .text.RCCEx_PLLSAI1_Config
                0x0800600c      0x1e8 ./Drivers/STM32L4xx_HAL_Driver/Src/stm32l4xx_hal_rcc_ex.o
 .text.RCCEx_PLLSAI2_Config
                0x080061f4      0x1bc ./Drivers/STM32L4xx_HAL_Driver/Src/stm32l4xx_hal_rcc_ex.o
 .text.HAL_SPI_Init
                0x080063b0      0x146 ./Drivers/STM32L4xx_HAL_Driver/Src/stm32l4xx_hal_spi.o
                0x080063b0                HAL_SPI_Init
 .text.HAL_UART_Init
                0x080064f6       0x9c ./Drivers/STM32L4xx_HAL_Driver/Src/stm32l4xx_hal_uart.o
                0x080064f6                HAL_UART_Init
 .text.HAL_UART_Transmit
                0x08006592      0x112 ./Drivers/STM32L4xx_HAL_Driver/Src/stm32l4xx_hal_uart.o
                0x08006592                HAL_UART_Transmit
 .text.UART_SetConfig
                0x080066a4      0x570 ./Drivers/STM32L4xx_HAL_Driver/Src/stm32l4xx_hal_uart.o
                0x080066a4                UART_SetConfig
 .text.UART_AdvFeatureConfig
                0x08006c14      0x144 ./Drivers/STM32L4xx_HAL_Driver/Src/stm32l4xx_hal_uart.o
                0x08006c14                UART_AdvFeatureConfig
 .text.UART_CheckIdleState
                0x08006d58      0x150 ./Drivers/STM32L4xx_HAL_Driver/Src/stm32l4xx_hal_uart.o
                0x08006d58                UART_CheckIdleState
 .text.UART_WaitOnFlagUntilTimeout
                0x08006ea8       0xda ./Drivers/STM32L4xx_HAL_Driver/Src/stm32l4xx_hal_uart.o
                0x08006ea8                UART_WaitOnFlagUntilTimeout
 .text.UART_EndRxTransfer
                0x08006f82       0xc8 ./Drivers/STM32L4xx_HAL_Driver/Src/stm32l4xx_hal_uart.o
 .text.USB_CoreInit
                0x0800704a       0x5a ./Drivers/STM32L4xx_HAL_Driver/Src/stm32l4xx_ll_usb.o
                0x0800704a                USB_CoreInit
 .text.USB_DisableGlobalInt
                0x080070a4       0x22 ./Drivers/STM32L4xx_HAL_Driver/Src/stm32l4xx_ll_usb.o
                0x080070a4                USB_DisableGlobalInt
 .text.USB_SetCurrentMode
                0x080070c6       0x98 ./Drivers/STM32L4xx_HAL_Driver/Src/stm32l4xx_ll_usb.o
                0x080070c6                USB_SetCurrentMode
 *fill*         0x0800715e        0x2 
 .text.USB_DevInit
                0x08007160      0x290 ./Drivers/STM32L4xx_HAL_Driver/Src/stm32l4xx_ll_usb.o
                0x08007160                USB_DevInit
 .text.USB_FlushTxFifo
                0x080073f0       0x64 ./Drivers/STM32L4xx_HAL_Driver/Src/stm32l4xx_ll_usb.o
                0x080073f0                USB_FlushTxFifo
 .text.USB_FlushRxFifo
                0x08007454       0x5c ./Drivers/STM32L4xx_HAL_Driver/Src/stm32l4xx_ll_usb.o
                0x08007454                USB_FlushRxFifo
 .text.USB_SetDevSpeed
                0x080074b0       0x32 ./Drivers/STM32L4xx_HAL_Driver/Src/stm32l4xx_ll_usb.o
                0x080074b0                USB_SetDevSpeed
 .text.USB_DevDisconnect
                0x080074e2       0x42 ./Drivers/STM32L4xx_HAL_Driver/Src/stm32l4xx_ll_usb.o
                0x080074e2                USB_DevDisconnect
 .text.USB_GetMode
                0x08007524       0x1c ./Drivers/STM32L4xx_HAL_Driver/Src/stm32l4xx_ll_usb.o
                0x08007524                USB_GetMode
 .text.USB_CoreReset
                0x08007540       0x62 ./Drivers/STM32L4xx_HAL_Driver/Src/stm32l4xx_ll_usb.o
 .text.__cvt    0x080075a2       0xca /opt/st/stm32cubeide_1.19.0/plugins/com.st.stm32cube.ide.mcu.externaltools.gnu-tools-for-stm32.13.3.rel1.linux64_1.0.0.202410170706/tools/bin/../lib/gcc/arm-none-eabi/13.3.1/../../../../arm-none-eabi/lib/thumb/v7e-m+fp/hard/libc_nano.a(libc_a-nano-vfprintf_float.o)
                0x080075a2                __cvt
 .text.__exponent
                0x0800766c       0x74 /opt/st/stm32cubeide_1.19.0/plugins/com.st.stm32cube.ide.mcu.externaltools.gnu-tools-for-stm32.13.3.rel1.linux64_1.0.0.202410170706/tools/bin/../lib/gcc/arm-none-eabi/13.3.1/../../../../arm-none-eabi/lib/thumb/v7e-m+fp/hard/libc_nano.a(libc_a-nano-vfprintf_float.o)
                0x0800766c                __exponent
 .text._printf_float
                0x080076e0      0x454 /opt/st/stm32cubeide_1.19.0/plugins/com.st.stm32cube.ide.mcu.externaltools.gnu-tools-for-stm32.13.3.rel1.linux64_1.0.0.202410170706/tools/bin/../lib/gcc/arm-none-eabi/13.3.1/../../../../arm-none-eabi/lib/thumb/v7e-m+fp/hard/libc_nano.a(libc_a-nano-vfprintf_float.o)
                0x080076e0                _printf_float
 .text._printf_common
                0x08007b34       0xda /opt/st/stm32cubeide_1.19.0/plugins/com.st.stm32cube.ide.mcu.externaltools.gnu-tools-for-stm32.13.3.rel1.linux64_1.0.0.202410170706/tools/bin/../lib/gcc/arm-none-eabi/13.3.1/../../../../arm-none-eabi/lib/thumb/v7e-m+fp/hard/libc_nano.a(libc_a-nano-vfprintf_i.o)
                0x08007b34                _printf_common
 *fill*         0x08007c0e        0x2 
 .text._printf_i
                0x08007c10      0x23c /opt/st/stm32cubeide_1.19.0/plugins/com.st.stm32cube.ide.mcu.externaltools.gnu-tools-for-stm32.13.3.rel1.linux64_1.0.0.202410170706/tools/bin/../lib/gcc/arm-none-eabi/13.3.1/../../../../arm-none-eabi/lib/thumb/v7e-m+fp/hard/libc_nano.a(libc_a-nano-vfprintf_i.o)
                0x08007c10                _printf_i
 .text.std      0x08007e4c       0x6c /opt/st/stm32cubeide_1.19.0/plugins/com.st.stm32cube.ide.mcu.externaltools.gnu-tools-for-stm32.13.3.rel1.linux64_1.0.0.202410170706/tools/bin/../lib/gcc/arm-none-eabi/13.3.1/../../../../arm-none-eabi/lib/thumb/v7e-m+fp/hard/libc_nano.a(libc_a-findfp.o)
 .text.stdio_exit_handler
                0x08007eb8       0x18 /opt/st/stm32cubeide_1.19.0/plugins/com.st.stm32cube.ide.mcu.externaltools.gnu-tools-for-stm32.13.3.rel1.linux64_1.0.0.202410170706/tools/bin/../lib/gcc/arm-none-eabi/13.3.1/../../../../arm-none-eabi/lib/thumb/v7e-m+fp/hard/libc_nano.a(libc_a-findfp.o)
 .text.cleanup_stdio
                0x08007ed0       0x40 /opt/st/stm32cubeide_1.19.0/plugins/com.st.stm32cube.ide.mcu.externaltools.gnu-tools-for-stm32.13.3.rel1.linux64_1.0.0.202410170706/tools/bin/../lib/gcc/arm-none-eabi/13.3.1/../../../../arm-none-eabi/lib/thumb/v7e-m+fp/hard/libc_nano.a(libc_a-findfp.o)
 .text.global_stdio_init.part.0
                0x08007f10       0x3c /opt/st/stm32cubeide_1.19.0/plugins/com.st.stm32cube.ide.mcu.externaltools.gnu-tools-for-stm32.13.3.rel1.linux64_1.0.0.202410170706/tools/bin/../lib/gcc/arm-none-eabi/13.3.1/../../../../arm-none-eabi/lib/thumb/v7e-m+fp/hard/libc_nano.a(libc_a-findfp.o)
 .text.__sfp_lock_acquire
                0x08007f4c        0xc /opt/st/stm32cubeide_1.19.0/plugins/com.st.stm32cube.ide.mcu.externaltools.gnu-tools-for-stm32.13.3.rel1.linux64_1.0.0.202410170706/tools/bin/../lib/gcc/arm-none-eabi/13.3.1/../../../../arm-none-eabi/lib/thumb/v7e-m+fp/hard/libc_nano.a(libc_a-findfp.o)
                0x08007f4c                __sfp_lock_acquire
 .text.__sfp_lock_release
                0x08007f58        0xc /opt/st/stm32cubeide_1.19.0/plugins/com.st.stm32cube.ide.mcu.externaltools.gnu-tools-for-stm32.13.3.rel1.linux64_1.0.0.202410170706/tools/bin/../lib/gcc/arm-none-eabi/13.3.1/../../../../arm-none-eabi/lib/thumb/v7e-m+fp/hard/libc_nano.a(libc_a-findfp.o)
                0x08007f58                __sfp_lock_release
 .text.__sinit  0x08007f64       0x30 /opt/st/stm32cubeide_1.19.0/plugins/com.st.stm32cube.ide.mcu.externaltools.gnu-tools-for-stm32.13.3.rel1.linux64_1.0.0.202410170706/tools/bin/../lib/gcc/arm-none-eabi/13.3.1/../../../../arm-none-eabi/lib/thumb/v7e-m+fp/hard/libc_nano.a(libc_a-findfp.o)
                0x08007f64                __sinit
 .text._fwalk_sglue
                0x08007f94       0x3c /opt/st/stm32cubeide_1.19.0/plugins/com.st.stm32cube.ide.mcu.externaltools.gnu-tools-for-stm32.13.3.rel1.linux64_1.0.0.202410170706/tools/bin/../lib/gcc/arm-none-eabi/13.3.1/../../../../arm-none-eabi/lib/thumb/v7e-m+fp/hard/libc_nano.a(libc_a-fwalk.o)
                0x08007f94                _fwalk_sglue
 .text.printf   0x08007fd0       0x24 /opt/st/stm32cubeide_1.19.0/plugins/com.st.stm32cube.ide.mcu.externaltools.gnu-tools-for-stm32.13.3.rel1.linux64_1.0.0.202410170706/tools/bin/../lib/gcc/arm-none-eabi/13.3.1/../../../../arm-none-eabi/lib/thumb/v7e-m+fp/hard/libc_nano.a(libc_a-printf.o)
                0x08007fd0                printf
                0x08007fd0                iprintf
 .text._puts_r  0x08007ff4       0xaa /opt/st/stm32cubeide_1.19.0/plugins/com.st.stm32cube.ide.mcu.externaltools.gnu-tools-for-stm32.13.3.rel1.linux64_1.0.0.202410170706/tools/bin/../lib/gcc/arm-none-eabi/13.3.1/../../../../arm-none-eabi/lib/thumb/v7e-m+fp/hard/libc_nano.a(libc_a-puts.o)
                0x08007ff4                _puts_r
 *fill*         0x0800809e        0x2 
 .text.puts     0x080080a0       0x10 /opt/st/stm32cubeide_1.19.0/plugins/com.st.stm32cube.ide.mcu.externaltools.gnu-tools-for-stm32.13.3.rel1.linux64_1.0.0.202410170706/tools/bin/../lib/gcc/arm-none-eabi/13.3.1/../../../../arm-none-eabi/lib/thumb/v7e-m+fp/hard/libc_nano.a(libc_a-puts.o)
                0x080080a0                puts
 .text.__sread  0x080080b0       0x22 /opt/st/stm32cubeide_1.19.0/plugins/com.st.stm32cube.ide.mcu.externaltools.gnu-tools-for-stm32.13.3.rel1.linux64_1.0.0.202410170706/tools/bin/../lib/gcc/arm-none-eabi/13.3.1/../../../../arm-none-eabi/lib/thumb/v7e-m+fp/hard/libc_nano.a(libc_a-stdio.o)
                0x080080b0                __sread
 .text.__swrite
                0x080080d2       0x38 /opt/st/stm32cubeide_1.19.0/plugins/com.st.stm32cube.ide.mcu.externaltools.gnu-tools-for-stm32.13.3.rel1.linux64_1.0.0.202410170706/tools/bin/../lib/gcc/arm-none-eabi/13.3.1/../../../../arm-none-eabi/lib/thumb/v7e-m+fp/hard/libc_nano.a(libc_a-stdio.o)
                0x080080d2                __swrite
 .text.__sseek  0x0800810a       0x24 /opt/st/stm32cubeide_1.19.0/plugins/com.st.stm32cube.ide.mcu.externaltools.gnu-tools-for-stm32.13.3.rel1.linux64_1.0.0.202410170706/tools/bin/../lib/gcc/arm-none-eabi/13.3.1/../../../../arm-none-eabi/lib/thumb/v7e-m+fp/hard/libc_nano.a(libc_a-stdio.o)
                0x0800810a                __sseek
 .text.__sclose
                0x0800812e        0x8 /opt/st/stm32cubeide_1.19.0/plugins/com.st.stm32cube.ide.mcu.externaltools.gnu-tools-for-stm32.13.3.rel1.linux64_1.0.0.202410170706/tools/bin/../lib/gcc/arm-none-eabi/13.3.1/../../../../arm-none-eabi/lib/thumb/v7e-m+fp/hard/libc_nano.a(libc_a-stdio.o)
                0x0800812e                __sclose
 .text.__swbuf_r
                0x08008136       0x7c /opt/st/stm32cubeide_1.19.0/plugins/com.st.stm32cube.ide.mcu.externaltools.gnu-tools-for-stm32.13.3.rel1.linux64_1.0.0.202410170706/tools/bin/../lib/gcc/arm-none-eabi/13.3.1/../../../../arm-none-eabi/lib/thumb/v7e-m+fp/hard/libc_nano.a(libc_a-wbuf.o)
                0x08008136                __swbuf_r
 *fill*         0x080081b2        0x2 
 .text.__swsetup_r
                0x080081b4       0xac /opt/st/stm32cubeide_1.19.0/plugins/com.st.stm32cube.ide.mcu.externaltools.gnu-tools-for-stm32.13.3.rel1.linux64_1.0.0.202410170706/tools/bin/../lib/gcc/arm-none-eabi/13.3.1/../../../../arm-none-eabi/lib/thumb/v7e-m+fp/hard/libc_nano.a(libc_a-wsetup.o)
                0x080081b4                __swsetup_r
 .text.memset   0x08008260       0x10 /opt/st/stm32cubeide_1.19.0/plugins/com.st.stm32cube.ide.mcu.externaltools.gnu-tools-for-stm32.13.3.rel1.linux64_1.0.0.202410170706/tools/bin/../lib/gcc/arm-none-eabi/13.3.1/../../../../arm-none-eabi/lib/thumb/v7e-m+fp/hard/libc_nano.a(libc_a-memset.o)
                0x08008260                memset
 .text._localeconv_r
                0x08008270        0x8 /opt/st/stm32cubeide_1.19.0/plugins/com.st.stm32cube.ide.mcu.externaltools.gnu-tools-for-stm32.13.3.rel1.linux64_1.0.0.202410170706/tools/bin/../lib/gcc/arm-none-eabi/13.3.1/../../../../arm-none-eabi/lib/thumb/v7e-m+fp/hard/libc_nano.a(libc_a-localeconv.o)
                0x08008270                _localeconv_r
 .text._close_r
                0x08008278       0x20 /opt/st/stm32cubeide_1.19.0/plugins/com.st.stm32cube.ide.mcu.externaltools.gnu-tools-for-stm32.13.3.rel1.linux64_1.0.0.202410170706/tools/bin/../lib/gcc/arm-none-eabi/13.3.1/../../../../arm-none-eabi/lib/thumb/v7e-m+fp/hard/libc_nano.a(libc_a-closer.o)
                0x08008278                _close_r
 .text._lseek_r
                0x08008298       0x24 /opt/st/stm32cubeide_1.19.0/plugins/com.st.stm32cube.ide.mcu.externaltools.gnu-tools-for-stm32.13.3.rel1.linux64_1.0.0.202410170706/tools/bin/../lib/gcc/arm-none-eabi/13.3.1/../../../../arm-none-eabi/lib/thumb/v7e-m+fp/hard/libc_nano.a(libc_a-lseekr.o)
                0x08008298                _lseek_r
 .text._read_r  0x080082bc       0x24 /opt/st/stm32cubeide_1.19.0/plugins/com.st.stm32cube.ide.mcu.externaltools.gnu-tools-for-stm32.13.3.rel1.linux64_1.0.0.202410170706/tools/bin/../lib/gcc/arm-none-eabi/13.3.1/../../../../arm-none-eabi/lib/thumb/v7e-m+fp/hard/libc_nano.a(libc_a-readr.o)
                0x080082bc                _read_r
 .text._write_r
                0x080082e0       0x24 /opt/st/stm32cubeide_1.19.0/plugins/com.st.stm32cube.ide.mcu.externaltools.gnu-tools-for-stm32.13.3.rel1.linux64_1.0.0.202410170706/tools/bin/../lib/gcc/arm-none-eabi/13.3.1/../../../../arm-none-eabi/lib/thumb/v7e-m+fp/hard/libc_nano.a(libc_a-writer.o)
                0x080082e0                _write_r
 .text.__errno  0x08008304        0xc /opt/st/stm32cubeide_1.19.0/plugins/com.st.stm32cube.ide.mcu.externaltools.gnu-tools-for-stm32.13.3.rel1.linux64_1.0.0.202410170706/tools/bin/../lib/gcc/arm-none-eabi/13.3.1/../../../../arm-none-eabi/lib/thumb/v7e-m+fp/hard/libc_nano.a(libc_a-errno.o)
                0x08008304                __errno
 .text.__libc_init_array
                0x08008310       0x48 /opt/st/stm32cubeide_1.19.0/plugins/com.st.stm32cube.ide.mcu.externaltools.gnu-tools-for-stm32.13.3.rel1.linux64_1.0.0.202410170706/tools/bin/../lib/gcc/arm-none-eabi/13.3.1/../../../../arm-none-eabi/lib/thumb/v7e-m+fp/hard/libc_nano.a(libc_a-init.o)
                0x08008310                __libc_init_array
 .text.__retarget_lock_init_recursive
                0x08008358        0x2 /opt/st/stm32cubeide_1.19.0/plugins/com.st.stm32cube.ide.mcu.externaltools.gnu-tools-for-stm32.13.3.rel1.linux64_1.0.0.202410170706/tools/bin/../lib/gcc/arm-none-eabi/13.3.1/../../../../arm-none-eabi/lib/thumb/v7e-m+fp/hard/libc_nano.a(libc_a-lock.o)
                0x08008358                __retarget_lock_init_recursive
 .text.__retarget_lock_acquire_recursive
                0x0800835a        0x2 /opt/st/stm32cubeide_1.19.0/plugins/com.st.stm32cube.ide.mcu.externaltools.gnu-tools-for-stm32.13.3.rel1.linux64_1.0.0.202410170706/tools/bin/../lib/gcc/arm-none-eabi/13.3.1/../../../../arm-none-eabi/lib/thumb/v7e-m+fp/hard/libc_nano.a(libc_a-lock.o)
                0x0800835a                __retarget_lock_acquire_recursive
 .text.__retarget_lock_release_recursive
                0x0800835c        0x2 /opt/st/stm32cubeide_1.19.0/plugins/com.st.stm32cube.ide.mcu.externaltools.gnu-tools-for-stm32.13.3.rel1.linux64_1.0.0.202410170706/tools/bin/../lib/gcc/arm-none-eabi/13.3.1/../../../../arm-none-eabi/lib/thumb/v7e-m+fp/hard/libc_nano.a(libc_a-lock.o)
                0x0800835c                __retarget_lock_release_recursive
 .text.memcpy   0x0800835e       0x1c /opt/st/stm32cubeide_1.19.0/plugins/com.st.stm32cube.ide.mcu.externaltools.gnu-tools-for-stm32.13.3.rel1.linux64_1.0.0.202410170706/tools/bin/../lib/gcc/arm-none-eabi/13.3.1/../../../../arm-none-eabi/lib/thumb/v7e-m+fp/hard/libc_nano.a(libc_a-memcpy-stub.o)
                0x0800835e                memcpy
 .text.quorem   0x0800837a      0x110 /opt/st/stm32cubeide_1.19.0/plugins/com.st.stm32cube.ide.mcu.externaltools.gnu-tools-for-stm32.13.3.rel1.linux64_1.0.0.202410170706/tools/bin/../lib/gcc/arm-none-eabi/13.3.1/../../../../arm-none-eabi/lib/thumb/v7e-m+fp/hard/libc_nano.a(libc_a-dtoa.o)
 *fill*         0x0800848a        0x6 
 .text._dtoa_r  0x08008490      0xba0 /opt/st/stm32cubeide_1.19.0/plugins/com.st.stm32cube.ide.mcu.externaltools.gnu-tools-for-stm32.13.3.rel1.linux64_1.0.0.202410170706/tools/bin/../lib/gcc/arm-none-eabi/13.3.1/../../../../arm-none-eabi/lib/thumb/v7e-m+fp/hard/libc_nano.a(libc_a-dtoa.o)
                0x08008490                _dtoa_r
 .text._free_r  0x08009030       0x94 /opt/st/stm32cubeide_1.19.0/plugins/com.st.stm32cube.ide.mcu.externaltools.gnu-tools-for-stm32.13.3.rel1.linux64_1.0.0.202410170706/tools/bin/../lib/gcc/arm-none-eabi/13.3.1/../../../../arm-none-eabi/lib/thumb/v7e-m+fp/hard/libc_nano.a(libc_a-freer.o)
                0x08009030                _free_r
 .text.malloc   0x080090c4       0x10 /opt/st/stm32cubeide_1.19.0/plugins/com.st.stm32cube.ide.mcu.externaltools.gnu-tools-for-stm32.13.3.rel1.linux64_1.0.0.202410170706/tools/bin/../lib/gcc/arm-none-eabi/13.3.1/../../../../arm-none-eabi/lib/thumb/v7e-m+fp/hard/libc_nano.a(libc_a-malloc.o)
                0x080090c4                malloc
 .text.sbrk_aligned
                0x080090d4       0x44 /opt/st/stm32cubeide_1.19.0/plugins/com.st.stm32cube.ide.mcu.externaltools.gnu-tools-for-stm32.13.3.rel1.linux64_1.0.0.202410170706/tools/bin/../lib/gcc/arm-none-eabi/13.3.1/../../../../arm-none-eabi/lib/thumb/v7e-m+fp/hard/libc_nano.a(libc_a-mallocr.o)
 .text._malloc_r
                0x08009118      0x100 /opt/st/stm32cubeide_1.19.0/plugins/com.st.stm32cube.ide.mcu.externaltools.gnu-tools-for-stm32.13.3.rel1.linux64_1.0.0.202410170706/tools/bin/../lib/gcc/arm-none-eabi/13.3.1/../../../../arm-none-eabi/lib/thumb/v7e-m+fp/hard/libc_nano.a(libc_a-mallocr.o)
                0x08009118                _malloc_r
 .text.__malloc_lock
                0x08009218        0xc /opt/st/stm32cubeide_1.19.0/plugins/com.st.stm32cube.ide.mcu.externaltools.gnu-tools-for-stm32.13.3.rel1.linux64_1.0.0.202410170706/tools/bin/../lib/gcc/arm-none-eabi/13.3.1/../../../../arm-none-eabi/lib/thumb/v7e-m+fp/hard/libc_nano.a(libc_a-mlock.o)
                0x08009218                __malloc_lock
 .text.__malloc_unlock
                0x08009224        0xc /opt/st/stm32cubeide_1.19.0/plugins/com.st.stm32cube.ide.mcu.externaltools.gnu-tools-for-stm32.13.3.rel1.linux64_1.0.0.202410170706/tools/bin/../lib/gcc/arm-none-eabi/13.3.1/../../../../arm-none-eabi/lib/thumb/v7e-m+fp/hard/libc_nano.a(libc_a-mlock.o)
                0x08009224                __malloc_unlock
 .text._Balloc  0x08009230       0x80 /opt/st/stm32cubeide_1.19.0/plugins/com.st.stm32cube.ide.mcu.externaltools.gnu-tools-for-stm32.13.3.rel1.linux64_1.0.0.202410170706/tools/bin/../lib/gcc/arm-none-eabi/13.3.1/../../../../arm-none-eabi/lib/thumb/v7e-m+fp/hard/libc_nano.a(libc_a-mprec.o)
                0x08009230                _Balloc
 .text._Bfree   0x080092b0       0x44 /opt/st/stm32cubeide_1.19.0/plugins/com.st.stm32cube.ide.mcu.externaltools.gnu-tools-for-stm32.13.3.rel1.linux64_1.0.0.202410170706/tools/bin/../lib/gcc/arm-none-eabi/13.3.1/../../../../arm-none-eabi/lib/thumb/v7e-m+fp/hard/libc_nano.a(libc_a-mprec.o)
                0x080092b0                _Bfree
 .text.__multadd
                0x080092f4       0x8c /opt/st/stm32cubeide_1.19.0/plugins/com.st.stm32cube.ide.mcu.externaltools.gnu-tools-for-stm32.13.3.rel1.linux64_1.0.0.202410170706/tools/bin/../lib/gcc/arm-none-eabi/13.3.1/../../../../arm-none-eabi/lib/thumb/v7e-m+fp/hard/libc_nano.a(libc_a-mprec.o)
                0x080092f4                __multadd
 .text.__hi0bits
                0x08009380       0x3e /opt/st/stm32cubeide_1.19.0/plugins/com.st.stm32cube.ide.mcu.externaltools.gnu-tools-for-stm32.13.3.rel1.linux64_1.0.0.202410170706/tools/bin/../lib/gcc/arm-none-eabi/13.3.1/../../../../arm-none-eabi/lib/thumb/v7e-m+fp/hard/libc_nano.a(libc_a-mprec.o)
                0x08009380                __hi0bits
 .text.__lo0bits
                0x080093be       0x5a /opt/st/stm32cubeide_1.19.0/plugins/com.st.stm32cube.ide.mcu.externaltools.gnu-tools-for-stm32.13.3.rel1.linux64_1.0.0.202410170706/tools/bin/../lib/gcc/arm-none-eabi/13.3.1/../../../../arm-none-eabi/lib/thumb/v7e-m+fp/hard/libc_nano.a(libc_a-mprec.o)
                0x080093be                __lo0bits
 .text.__i2b    0x08009418       0x2c /opt/st/stm32cubeide_1.19.0/plugins/com.st.stm32cube.ide.mcu.externaltools.gnu-tools-for-stm32.13.3.rel1.linux64_1.0.0.202410170706/tools/bin/../lib/gcc/arm-none-eabi/13.3.1/../../../../arm-none-eabi/lib/thumb/v7e-m+fp/hard/libc_nano.a(libc_a-mprec.o)
                0x08009418                __i2b
 .text.__multiply
                0x08009444      0x144 /opt/st/stm32cubeide_1.19.0/plugins/com.st.stm32cube.ide.mcu.externaltools.gnu-tools-for-stm32.13.3.rel1.linux64_1.0.0.202410170706/tools/bin/../lib/gcc/arm-none-eabi/13.3.1/../../../../arm-none-eabi/lib/thumb/v7e-m+fp/hard/libc_nano.a(libc_a-mprec.o)
                0x08009444                __multiply
 .text.__pow5mult
                0x08009588       0xb4 /opt/st/stm32cubeide_1.19.0/plugins/com.st.stm32cube.ide.mcu.externaltools.gnu-tools-for-stm32.13.3.rel1.linux64_1.0.0.202410170706/tools/bin/../lib/gcc/arm-none-eabi/13.3.1/../../../../arm-none-eabi/lib/thumb/v7e-m+fp/hard/libc_nano.a(libc_a-mprec.o)
                0x08009588                __pow5mult
 .text.__lshift
                0x0800963c       0xd8 /opt/st/stm32cubeide_1.19.0/plugins/com.st.stm32cube.ide.mcu.externaltools.gnu-tools-for-stm32.13.3.rel1.linux64_1.0.0.202410170706/tools/bin/../lib/gcc/arm-none-eabi/13.3.1/../../../../arm-none-eabi/lib/thumb/v7e-m+fp/hard/libc_nano.a(libc_a-mprec.o)
                0x0800963c                __lshift
 .text.__mcmp   0x08009714       0x36 /opt/st/stm32cubeide_1.19.0/plugins/com.st.stm32cube.ide.mcu.externaltools.gnu-tools-for-stm32.13.3.rel1.linux64_1.0.0.202410170706/tools/bin/../lib/gcc/arm-none-eabi/13.3.1/../../../../arm-none-eabi/lib/thumb/v7e-m+fp/hard/libc_nano.a(libc_a-mprec.o)
                0x08009714                __mcmp
 *fill*         0x0800974a        0x2 
 .text.__mdiff  0x0800974c      0x128 /opt/st/stm32cubeide_1.19.0/plugins/com.st.stm32cube.ide.mcu.externaltools.gnu-tools-for-stm32.13.3.rel1.linux64_1.0.0.202410170706/tools/bin/../lib/gcc/arm-none-eabi/13.3.1/../../../../arm-none-eabi/lib/thumb/v7e-m+fp/hard/libc_nano.a(libc_a-mprec.o)
                0x0800974c                __mdiff
 .text.__d2b    0x08009874       0xb0 /opt/st/stm32cubeide_1.19.0/plugins/com.st.stm32cube.ide.mcu.externaltools.gnu-tools-for-stm32.13.3.rel1.linux64_1.0.0.202410170706/tools/bin/../lib/gcc/arm-none-eabi/13.3.1/../../../../arm-none-eabi/lib/thumb/v7e-m+fp/hard/libc_nano.a(libc_a-mprec.o)
                0x08009874                __d2b
 .text.__sfputc_r
                0x08009924       0x2e /opt/st/stm32cubeide_1.19.0/plugins/com.st.stm32cube.ide.mcu.externaltools.gnu-tools-for-stm32.13.3.rel1.linux64_1.0.0.202410170706/tools/bin/../lib/gcc/arm-none-eabi/13.3.1/../../../../arm-none-eabi/lib/thumb/v7e-m+fp/hard/libc_nano.a(libc_a-nano-vfprintf.o)
 .text.__sfputs_r
                0x08009952       0x24 /opt/st/stm32cubeide_1.19.0/plugins/com.st.stm32cube.ide.mcu.externaltools.gnu-tools-for-stm32.13.3.rel1.linux64_1.0.0.202410170706/tools/bin/../lib/gcc/arm-none-eabi/13.3.1/../../../../arm-none-eabi/lib/thumb/v7e-m+fp/hard/libc_nano.a(libc_a-nano-vfprintf.o)
                0x08009952                __sfputs_r
 *fill*         0x08009976        0x2 
 .text._vfprintf_r
                0x08009978      0x230 /opt/st/stm32cubeide_1.19.0/plugins/com.st.stm32cube.ide.mcu.externaltools.gnu-tools-for-stm32.13.3.rel1.linux64_1.0.0.202410170706/tools/bin/../lib/gcc/arm-none-eabi/13.3.1/../../../../arm-none-eabi/lib/thumb/v7e-m+fp/hard/libc_nano.a(libc_a-nano-vfprintf.o)
                0x08009978                _vfiprintf_r
                0x08009978                _vfprintf_r
 .text.__sflush_r
                0x08009ba8      0x108 /opt/st/stm32cubeide_1.19.0/plugins/com.st.stm32cube.ide.mcu.externaltools.gnu-tools-for-stm32.13.3.rel1.linux64_1.0.0.202410170706/tools/bin/../lib/gcc/arm-none-eabi/13.3.1/../../../../arm-none-eabi/lib/thumb/v7e-m+fp/hard/libc_nano.a(libc_a-fflush.o)
                0x08009ba8                __sflush_r
 .text._fflush_r
                0x08009cb0       0x50 /opt/st/stm32cubeide_1.19.0/plugins/com.st.stm32cube.ide.mcu.externaltools.gnu-tools-for-stm32.13.3.rel1.linux64_1.0.0.202410170706/tools/bin/../lib/gcc/arm-none-eabi/13.3.1/../../../../arm-none-eabi/lib/thumb/v7e-m+fp/hard/libc_nano.a(libc_a-fflush.o)
                0x08009cb0                _fflush_r
 .text.__swhatbuf_r
                0x08009d00       0x4c /opt/st/stm32cubeide_1.19.0/plugins/com.st.stm32cube.ide.mcu.externaltools.gnu-tools-for-stm32.13.3.rel1.linux64_1.0.0.202410170706/tools/bin/../lib/gcc/arm-none-eabi/13.3.1/../../../../arm-none-eabi/lib/thumb/v7e-m+fp/hard/libc_nano.a(libc_a-makebuf.o)
                0x08009d00                __swhatbuf_r
 .text.__smakebuf_r
                0x08009d4c       0x78 /opt/st/stm32cubeide_1.19.0/plugins/com.st.stm32cube.ide.mcu.externaltools.gnu-tools-for-stm32.13.3.rel1.linux64_1.0.0.202410170706/tools/bin/../lib/gcc/arm-none-eabi/13.3.1/../../../../arm-none-eabi/lib/thumb/v7e-m+fp/hard/libc_nano.a(libc_a-makebuf.o)
                0x08009d4c                __smakebuf_r
 .text._fstat_r
                0x08009dc4       0x24 /opt/st/stm32cubeide_1.19.0/plugins/com.st.stm32cube.ide.mcu.externaltools.gnu-tools-for-stm32.13.3.rel1.linux64_1.0.0.202410170706/tools/bin/../lib/gcc/arm-none-eabi/13.3.1/../../../../arm-none-eabi/lib/thumb/v7e-m+fp/hard/libc_nano.a(libc_a-fstatr.o)
                0x08009dc4                _fstat_r
 .text._isatty_r
                0x08009de8       0x20 /opt/st/stm32cubeide_1.19.0/plugins/com.st.stm32cube.ide.mcu.externaltools.gnu-tools-for-stm32.13.3.rel1.linux64_1.0.0.202410170706/tools/bin/../lib/gcc/arm-none-eabi/13.3.1/../../../../arm-none-eabi/lib/thumb/v7e-m+fp/hard/libc_nano.a(libc_a-isattyr.o)
                0x08009de8                _isatty_r
 .text._sbrk_r  0x08009e08       0x20 /opt/st/stm32cubeide_1.19.0/plugins/com.st.stm32cube.ide.mcu.externaltools.gnu-tools-for-stm32.13.3.rel1.linux64_1.0.0.202410170706/tools/bin/../lib/gcc/arm-none-eabi/13.3.1/../../../../arm-none-eabi/lib/thumb/v7e-m+fp/hard/libc_nano.a(libc_a-sbrkr.o)
                0x08009e08                _sbrk_r
 .text.__assert_func
                0x08009e28       0x3c /opt/st/stm32cubeide_1.19.0/plugins/com.st.stm32cube.ide.mcu.externaltools.gnu-tools-for-stm32.13.3.rel1.linux64_1.0.0.202410170706/tools/bin/../lib/gcc/arm-none-eabi/13.3.1/../../../../arm-none-eabi/lib/thumb/v7e-m+fp/hard/libc_nano.a(libc_a-assert.o)
                0x08009e28                __assert_func
 .text._calloc_r
                0x08009e64       0x28 /opt/st/stm32cubeide_1.19.0/plugins/com.st.stm32cube.ide.mcu.externaltools.gnu-tools-for-stm32.13.3.rel1.linux64_1.0.0.202410170706/tools/bin/../lib/gcc/arm-none-eabi/13.3.1/../../../../arm-none-eabi/lib/thumb/v7e-m+fp/hard/libc_nano.a(libc_a-callocr.o)
                0x08009e64                _calloc_r
 .text.__ascii_mbtowc
                0x08009e8c       0x24 /opt/st/stm32cubeide_1.19.0/plugins/com.st.stm32cube.ide.mcu.externaltools.gnu-tools-for-stm32.13.3.rel1.linux64_1.0.0.202410170706/tools/bin/../lib/gcc/arm-none-eabi/13.3.1/../../../../arm-none-eabi/lib/thumb/v7e-m+fp/hard/libc_nano.a(libc_a-mbtowc_r.o)
                0x08009e8c                __ascii_mbtowc
 .text.__ascii_wctomb
                0x08009eb0       0x1a /opt/st/stm32cubeide_1.19.0/plugins/com.st.stm32cube.ide.mcu.externaltools.gnu-tools-for-stm32.13.3.rel1.linux64_1.0.0.202410170706/tools/bin/../lib/gcc/arm-none-eabi/13.3.1/../../../../arm-none-eabi/lib/thumb/v7e-m+fp/hard/libc_nano.a(libc_a-wctomb_r.o)
                0x08009eb0                __ascii_wctomb
 *fill*         0x08009eca        0x2 
 .text.fprintf  0x08009ecc       0x24 /opt/st/stm32cubeide_1.19.0/plugins/com.st.stm32cube.ide.mcu.externaltools.gnu-tools-for-stm32.13.3.rel1.linux64_1.0.0.202410170706/tools/bin/../lib/gcc/arm-none-eabi/13.3.1/../../../../arm-none-eabi/lib/thumb/v7e-m+fp/hard/libc_nano.a(libc_a-fprintf.o)
                0x08009ecc                fprintf
                0x08009ecc                fiprintf
 .text.abort    0x08009ef0        0xe /opt/st/stm32cubeide_1.19.0/plugins/com.st.stm32cube.ide.mcu.externaltools.gnu-tools-for-stm32.13.3.rel1.linux64_1.0.0.202410170706/tools/bin/../lib/gcc/arm-none-eabi/13.3.1/../../../../arm-none-eabi/lib/thumb/v7e-m+fp/hard/libc_nano.a(libc_a-abort.o)
                0x08009ef0                abort
 .text._raise_r
                0x08009efe       0x50 /opt/st/stm32cubeide_1.19.0/plugins/com.st.stm32cube.ide.mcu.externaltools.gnu-tools-for-stm32.13.3.rel1.linux64_1.0.0.202410170706/tools/bin/../lib/gcc/arm-none-eabi/13.3.1/../../../../arm-none-eabi/lib/thumb/v7e-m+fp/hard/libc_nano.a(libc_a-signal.o)
                0x08009efe                _raise_r
 *fill*         0x08009f4e        0x2 
 .text.raise    0x08009f50       0x10 /opt/st/stm32cubeide_1.19.0/plugins/com.st.stm32cube.ide.mcu.externaltools.gnu-tools-for-stm32.13.3.rel1.linux64_1.0.0.202410170706/tools/bin/../lib/gcc/arm-none-eabi/13.3.1/../../../../arm-none-eabi/lib/thumb/v7e-m+fp/hard/libc_nano.a(libc_a-signal.o)
                0x08009f50                raise
 .text._kill_r  0x08009f60       0x24 /opt/st/stm32cubeide_1.19.0/plugins/com.st.stm32cube.ide.mcu.externaltools.gnu-tools-for-stm32.13.3.rel1.linux64_1.0.0.202410170706/tools/bin/../lib/gcc/arm-none-eabi/13.3.1/../../../../arm-none-eabi/lib/thumb/v7e-m+fp/hard/libc_nano.a(libc_a-signalr.o)
                0x08009f60                _kill_r
 .text._getpid_r
                0x08009f84        0x4 /opt/st/stm32cubeide_1.19.0/plugins/com.st.stm32cube.ide.mcu.externaltools.gnu-tools-for-stm32.13.3.rel1.linux64_1.0.0.202410170706/tools/bin/../lib/gcc/arm-none-eabi/13.3.1/../../../../arm-none-eabi/lib/thumb/v7e-m+fp/hard/libc_nano.a(libc_a-signalr.o)
                0x08009f84                _getpid_r
 *(.glue_7)
 .glue_7        0x08009f88        0x0 linker stubs
 *(.glue_7t)
 .glue_7t       0x08009f88        0x0 linker stubs
 *(.eh_frame)
 .eh_frame      0x08009f88        0x0 /opt/st/stm32cubeide_1.19.0/plugins/com.st.stm32cube.ide.mcu.externaltools.gnu-tools-for-stm32.13.3.rel1.linux64_1.0.0.202410170706/tools/bin/../lib/gcc/arm-none-eabi/13.3.1/thumb/v7e-m+fp/hard/crtbegin.o
 *(.init)
 .init          0x08009f88        0x4 /opt/st/stm32cubeide_1.19.0/plugins/com.st.stm32cube.ide.mcu.externaltools.gnu-tools-for-stm32.13.3.rel1.linux64_1.0.0.202410170706/tools/bin/../lib/gcc/arm-none-eabi/13.3.1/thumb/v7e-m+fp/hard/crti.o
                0x08009f88                _init
 .init          0x08009f8c        0x8 /opt/st/stm32cubeide_1.19.0/plugins/com.st.stm32cube.ide.mcu.externaltools.gnu-tools-for-stm32.13.3.rel1.linux64_1.0.0.202410170706/tools/bin/../lib/gcc/arm-none-eabi/13.3.1/thumb/v7e-m+fp/hard/crtn.o
 *(.fini)
 .fini          0x08009f94        0x4 /opt/st/stm32cubeide_1.19.0/plugins/com.st.stm32cube.ide.mcu.externaltools.gnu-tools-for-stm32.13.3.rel1.linux64_1.0.0.202410170706/tools/bin/../lib/gcc/arm-none-eabi/13.3.1/thumb/v7e-m+fp/hard/crti.o
                0x08009f94                _fini
 .fini          0x08009f98        0x8 /opt/st/stm32cubeide_1.19.0/plugins/com.st.stm32cube.ide.mcu.externaltools.gnu-tools-for-stm32.13.3.rel1.linux64_1.0.0.202410170706/tools/bin/../lib/gcc/arm-none-eabi/13.3.1/thumb/v7e-m+fp/hard/crtn.o
                0x08009fa0                        . = ALIGN (0x4)
                0x08009fa0                        _etext = .

.vfp11_veneer   0x08009fa0        0x0
 .vfp11_veneer  0x08009fa0        0x0 linker stubs

.v4_bx          0x08009fa0        0x0
 .v4_bx         0x08009fa0        0x0 linker stubs

.iplt           0x08009fa0        0x0
 .iplt          0x08009fa0        0x0 /opt/st/stm32cubeide_1.19.0/plugins/com.st.stm32cube.ide.mcu.externaltools.gnu-tools-for-stm32.13.3.rel1.linux64_1.0.0.202410170706/tools/bin/../lib/gcc/arm-none-eabi/13.3.1/thumb/v7e-m+fp/hard/crtbegin.o

.rodata         0x08009fa0      0x4f4
                0x08009fa0                        . = ALIGN (0x4)
 *(.rodata)
 .rodata        0x08009fa0       0x40 ./Core/Src/accelerometer.o
 .rodata        0x08009fe0       0x4b ./Core/Src/gyroscope.o
 *fill*         0x0800a02b        0x1 
 .rodata        0x0800a02c       0x17 ./Core/Src/humidity.o
 *fill*         0x0800a043        0x1 
 .rodata        0x0800a044       0x5a ./Core/Src/magnetic.o
 *fill*         0x0800a09e        0x2 
 .rodata        0x0800a0a0       0x1a ./Core/Src/pressure.o
 *fill*         0x0800a0ba        0x2 
 .rodata        0x0800a0bc       0x1b ./Core/Src/temperature.o
 *(.rodata*)
 *fill*         0x0800a0d7        0x1 
 .rodata.AHBPrescTable
                0x0800a0d8       0x10 ./Core/Src/system_stm32l4xx.o
                0x0800a0d8                AHBPrescTable
 .rodata.APBPrescTable
                0x0800a0e8        0x8 ./Core/Src/system_stm32l4xx.o
                0x0800a0e8                APBPrescTable
 .rodata.MSIRangeTable
                0x0800a0f0       0x30 ./Core/Src/system_stm32l4xx.o
                0x0800a0f0                MSIRangeTable
 .rodata._printf_float.str1.1
                0x0800a120      0x171 /opt/st/stm32cubeide_1.19.0/plugins/com.st.stm32cube.ide.mcu.externaltools.gnu-tools-for-stm32.13.3.rel1.linux64_1.0.0.202410170706/tools/bin/../lib/gcc/arm-none-eabi/13.3.1/../../../../arm-none-eabi/lib/thumb/v7e-m+fp/hard/libc_nano.a(libc_a-nano-vfprintf_float.o)
                                 0x12 (size before relaxing)
 .rodata._printf_i.str1.1
                0x0800a291       0x22 /opt/st/stm32cubeide_1.19.0/plugins/com.st.stm32cube.ide.mcu.externaltools.gnu-tools-for-stm32.13.3.rel1.linux64_1.0.0.202410170706/tools/bin/../lib/gcc/arm-none-eabi/13.3.1/../../../../arm-none-eabi/lib/thumb/v7e-m+fp/hard/libc_nano.a(libc_a-nano-vfprintf_i.o)
 .rodata._dtoa_r.str1.1
                0x0800a291       0x8f /opt/st/stm32cubeide_1.19.0/plugins/com.st.stm32cube.ide.mcu.externaltools.gnu-tools-for-stm32.13.3.rel1.linux64_1.0.0.202410170706/tools/bin/../lib/gcc/arm-none-eabi/13.3.1/../../../../arm-none-eabi/lib/thumb/v7e-m+fp/hard/libc_nano.a(libc_a-dtoa.o)
 .rodata._Balloc.str1.1
                0x0800a291       0x70 /opt/st/stm32cubeide_1.19.0/plugins/com.st.stm32cube.ide.mcu.externaltools.gnu-tools-for-stm32.13.3.rel1.linux64_1.0.0.202410170706/tools/bin/../lib/gcc/arm-none-eabi/13.3.1/../../../../arm-none-eabi/lib/thumb/v7e-m+fp/hard/libc_nano.a(libc_a-mprec.o)
 .rodata.__multadd.str1.1
                0x0800a291       0x11 /opt/st/stm32cubeide_1.19.0/plugins/com.st.stm32cube.ide.mcu.externaltools.gnu-tools-for-stm32.13.3.rel1.linux64_1.0.0.202410170706/tools/bin/../lib/gcc/arm-none-eabi/13.3.1/../../../../arm-none-eabi/lib/thumb/v7e-m+fp/hard/libc_nano.a(libc_a-mprec.o)
 *fill*         0x0800a291        0x3 
 .rodata.p05.0  0x0800a294        0xc /opt/st/stm32cubeide_1.19.0/plugins/com.st.stm32cube.ide.mcu.externaltools.gnu-tools-for-stm32.13.3.rel1.linux64_1.0.0.202410170706/tools/bin/../lib/gcc/arm-none-eabi/13.3.1/../../../../arm-none-eabi/lib/thumb/v7e-m+fp/hard/libc_nano.a(libc_a-mprec.o)
 .rodata.__mprec_bigtens
                0x0800a2a0       0x28 /opt/st/stm32cubeide_1.19.0/plugins/com.st.stm32cube.ide.mcu.externaltools.gnu-tools-for-stm32.13.3.rel1.linux64_1.0.0.202410170706/tools/bin/../lib/gcc/arm-none-eabi/13.3.1/../../../../arm-none-eabi/lib/thumb/v7e-m+fp/hard/libc_nano.a(libc_a-mprec.o)
                0x0800a2a0                __mprec_bigtens
 .rodata.__mprec_tens
                0x0800a2c8       0xc8 /opt/st/stm32cubeide_1.19.0/plugins/com.st.stm32cube.ide.mcu.externaltools.gnu-tools-for-stm32.13.3.rel1.linux64_1.0.0.202410170706/tools/bin/../lib/gcc/arm-none-eabi/13.3.1/../../../../arm-none-eabi/lib/thumb/v7e-m+fp/hard/libc_nano.a(libc_a-mprec.o)
                0x0800a2c8                __mprec_tens
 .rodata._vfprintf_r.str1.1
                0x0800a390       0x11 /opt/st/stm32cubeide_1.19.0/plugins/com.st.stm32cube.ide.mcu.externaltools.gnu-tools-for-stm32.13.3.rel1.linux64_1.0.0.202410170706/tools/bin/../lib/gcc/arm-none-eabi/13.3.1/../../../../arm-none-eabi/lib/thumb/v7e-m+fp/hard/libc_nano.a(libc_a-nano-vfprintf.o)
 .rodata._setlocale_r.str1.1
                0x0800a390        0x9 /opt/st/stm32cubeide_1.19.0/plugins/com.st.stm32cube.ide.mcu.externaltools.gnu-tools-for-stm32.13.3.rel1.linux64_1.0.0.202410170706/tools/bin/../lib/gcc/arm-none-eabi/13.3.1/../../../../arm-none-eabi/lib/thumb/v7e-m+fp/hard/libc_nano.a(libc_a-locale.o)
 .rodata.str1.1
                0x0800a390        0x2 /opt/st/stm32cubeide_1.19.0/plugins/com.st.stm32cube.ide.mcu.externaltools.gnu-tools-for-stm32.13.3.rel1.linux64_1.0.0.202410170706/tools/bin/../lib/gcc/arm-none-eabi/13.3.1/../../../../arm-none-eabi/lib/thumb/v7e-m+fp/hard/libc_nano.a(libc_a-locale.o)
 .rodata.__assert_func.str1.1
                0x0800a390       0x3d /opt/st/stm32cubeide_1.19.0/plugins/com.st.stm32cube.ide.mcu.externaltools.gnu-tools-for-stm32.13.3.rel1.linux64_1.0.0.202410170706/tools/bin/../lib/gcc/arm-none-eabi/13.3.1/../../../../arm-none-eabi/lib/thumb/v7e-m+fp/hard/libc_nano.a(libc_a-assert.o)
 .rodata._ctype_
                0x0800a390      0x101 /opt/st/stm32cubeide_1.19.0/plugins/com.st.stm32cube.ide.mcu.externaltools.gnu-tools-for-stm32.13.3.rel1.linux64_1.0.0.202410170706/tools/bin/../lib/gcc/arm-none-eabi/13.3.1/../../../../arm-none-eabi/lib/thumb/v7e-m+fp/hard/libc_nano.a(libc_a-ctype_.o)
                0x0800a390                _ctype_
                0x0800a494                        . = ALIGN (0x4)
 *fill*         0x0800a491        0x3 

.ARM.extab      0x0800a494        0x0
                0x0800a494                        . = ALIGN (0x4)
 *(.ARM.extab* .gnu.linkonce.armextab.*)
                0x0800a494                        . = ALIGN (0x4)

.ARM            0x0800a494        0x8
                0x0800a494                        . = ALIGN (0x4)
                0x0800a494                        __exidx_start = .
 *(.ARM.exidx*)
 .ARM.exidx     0x0800a494        0x8 /opt/st/stm32cubeide_1.19.0/plugins/com.st.stm32cube.ide.mcu.externaltools.gnu-tools-for-stm32.13.3.rel1.linux64_1.0.0.202410170706/tools/bin/../lib/gcc/arm-none-eabi/13.3.1/../../../../arm-none-eabi/lib/thumb/v7e-m+fp/hard/libc_nano.a(libc_a-memchr.o)
 .ARM.exidx     0x0800a49c        0x0 /opt/st/stm32cubeide_1.19.0/plugins/com.st.stm32cube.ide.mcu.externaltools.gnu-tools-for-stm32.13.3.rel1.linux64_1.0.0.202410170706/tools/bin/../lib/gcc/arm-none-eabi/13.3.1/../../../../arm-none-eabi/lib/thumb/v7e-m+fp/hard/libc_nano.a(libc_a-strlen.o)
                                  0x8 (size before relaxing)
 .ARM.exidx     0x0800a49c        0x0 /opt/st/stm32cubeide_1.19.0/plugins/com.st.stm32cube.ide.mcu.externaltools.gnu-tools-for-stm32.13.3.rel1.linux64_1.0.0.202410170706/tools/bin/../lib/gcc/arm-none-eabi/13.3.1/thumb/v7e-m+fp/hard/libgcc.a(_udivmoddi4.o)
                                  0x8 (size before relaxing)
                0x0800a49c                        __exidx_end = .
                0x0800a49c                        . = ALIGN (0x4)

.preinit_array  0x0800a49c        0x0
                0x0800a49c                        . = ALIGN (0x4)
                0x0800a49c                        PROVIDE (__preinit_array_start = .)
 *(.preinit_array*)
                0x0800a49c                        PROVIDE (__preinit_array_end = .)
                0x0800a49c                        . = ALIGN (0x4)

.init_array     0x0800a49c        0x4
                0x0800a49c                        . = ALIGN (0x4)
                0x0800a49c                        PROVIDE (__init_array_start = .)
 *(SORT_BY_NAME(.init_array.*))
 *(.init_array*)
 .init_array    0x0800a49c        0x4 /opt/st/stm32cubeide_1.19.0/plugins/com.st.stm32cube.ide.mcu.externaltools.gnu-tools-for-stm32.13.3.rel1.linux64_1.0.0.202410170706/tools/bin/../lib/gcc/arm-none-eabi/13.3.1/thumb/v7e-m+fp/hard/crtbegin.o
                0x0800a4a0                        PROVIDE (__init_array_end = .)
                0x0800a4a0                        . = ALIGN (0x4)

.fini_array     0x0800a4a0        0x4
                0x0800a4a0                        . = ALIGN (0x4)
                [!provide]                        PROVIDE (__fini_array_start = .)
 *(SORT_BY_NAME(.fini_array.*))
 *(.fini_array*)
 .fini_array    0x0800a4a0        0x4 /opt/st/stm32cubeide_1.19.0/plugins/com.st.stm32cube.ide.mcu.externaltools.gnu-tools-for-stm32.13.3.rel1.linux64_1.0.0.202410170706/tools/bin/../lib/gcc/arm-none-eabi/13.3.1/thumb/v7e-m+fp/hard/crtbegin.o
                [!provide]                        PROVIDE (__fini_array_end = .)
                0x0800a4a4                        . = ALIGN (0x4)
                0x0800a4a4                        _sidata = LOADADDR (.data)

.rel.dyn        0x0800a4a4        0x0
 .rel.iplt      0x0800a4a4        0x0 /opt/st/stm32cubeide_1.19.0/plugins/com.st.stm32cube.ide.mcu.externaltools.gnu-tools-for-stm32.13.3.rel1.linux64_1.0.0.202410170706/tools/bin/../lib/gcc/arm-none-eabi/13.3.1/thumb/v7e-m+fp/hard/crtbegin.o

.data           0x20000000      0x298 load address 0x0800a4a4
                0x20000000                        . = ALIGN (0x4)
                0x20000000                        _sdata = .
 *(.data)
 *(.data*)
 .data.HTS221_H_Drv
                0x20000000        0xc ./Components/hts221/hts221.o
                0x20000000                HTS221_H_Drv
 .data.HTS221_T_Drv
                0x2000000c       0x10 ./Components/hts221/hts221.o
                0x2000000c                HTS221_T_Drv
 .data.Lis3mdlMagDrv
                0x2000001c       0x34 ./Components/lis3mdl/lis3mdl.o
                0x2000001c                Lis3mdlMagDrv
 .data.LPS22HB_P_Drv
                0x20000050        0xc ./Components/lps22hb/lps22hb.o
                0x20000050                LPS22HB_P_Drv
 .data.Lsm6dslAccDrv
                0x2000005c       0x34 ./Components/lsm6dsl/lsm6dsl.o
                0x2000005c                Lsm6dslAccDrv
 .data.Lsm6dslGyroDrv
                0x20000090       0x34 ./Components/lsm6dsl/lsm6dsl.o
                0x20000090                Lsm6dslGyroDrv
 .data.SystemCoreClock
                0x200000c4        0x4 ./Core/Src/system_stm32l4xx.o
                0x200000c4                SystemCoreClock
 .data.uwTickPrio
                0x200000c8        0x4 ./Drivers/STM32L4xx_HAL_Driver/Src/stm32l4xx_hal.o
                0x200000c8                uwTickPrio
 .data.uwTickFreq
                0x200000cc        0x1 ./Drivers/STM32L4xx_HAL_Driver/Src/stm32l4xx_hal.o
                0x200000cc                uwTickFreq
 *fill*         0x200000cd        0x3 
 .data.__sglue  0x200000d0        0xc /opt/st/stm32cubeide_1.19.0/plugins/com.st.stm32cube.ide.mcu.externaltools.gnu-tools-for-stm32.13.3.rel1.linux64_1.0.0.202410170706/tools/bin/../lib/gcc/arm-none-eabi/13.3.1/../../../../arm-none-eabi/lib/thumb/v7e-m+fp/hard/libc_nano.a(libc_a-findfp.o)
                0x200000d0                __sglue
 .data._impure_ptr
                0x200000dc        0x4 /opt/st/stm32cubeide_1.19.0/plugins/com.st.stm32cube.ide.mcu.externaltools.gnu-tools-for-stm32.13.3.rel1.linux64_1.0.0.202410170706/tools/bin/../lib/gcc/arm-none-eabi/13.3.1/../../../../arm-none-eabi/lib/thumb/v7e-m+fp/hard/libc_nano.a(libc_a-impure.o)
                0x200000dc                _impure_ptr
 .data._impure_data
                0x200000e0       0x4c /opt/st/stm32cubeide_1.19.0/plugins/com.st.stm32cube.ide.mcu.externaltools.gnu-tools-for-stm32.13.3.rel1.linux64_1.0.0.202410170706/tools/bin/../lib/gcc/arm-none-eabi/13.3.1/../../../../arm-none-eabi/lib/thumb/v7e-m+fp/hard/libc_nano.a(libc_a-impure.o)
                0x200000e0                _impure_data
 .data.__global_locale
                0x2000012c      0x16c /opt/st/stm32cubeide_1.19.0/plugins/com.st.stm32cube.ide.mcu.externaltools.gnu-tools-for-stm32.13.3.rel1.linux64_1.0.0.202410170706/tools/bin/../lib/gcc/arm-none-eabi/13.3.1/../../../../arm-none-eabi/lib/thumb/v7e-m+fp/hard/libc_nano.a(libc_a-locale.o)
                0x2000012c                __global_locale
 *(.RamFunc)
 *(.RamFunc*)
                0x20000298                        . = ALIGN (0x4)
                0x20000298                        _edata = .

.igot.plt       0x20000298        0x0 load address 0x0800a73c
 .igot.plt      0x20000298        0x0 /opt/st/stm32cubeide_1.19.0/plugins/com.st.stm32cube.ide.mcu.externaltools.gnu-tools-for-stm32.13.3.rel1.linux64_1.0.0.202410170706/tools/bin/../lib/gcc/arm-none-eabi/13.3.1/thumb/v7e-m+fp/hard/crtbegin.o
                0x20000298                        . = ALIGN (0x4)

.bss            0x20000298      0x92c load address 0x0800a73c
                0x20000298                        _sbss = .
                0x20000298                        __bss_start__ = _sbss
 *(.bss)
 .bss           0x20000298       0x1c /opt/st/stm32cubeide_1.19.0/plugins/com.st.stm32cube.ide.mcu.externaltools.gnu-tools-for-stm32.13.3.rel1.linux64_1.0.0.202410170706/tools/bin/../lib/gcc/arm-none-eabi/13.3.1/thumb/v7e-m+fp/hard/crtbegin.o
 *(.bss*)
 .bss.hI2cHandler
                0x200002b4       0x54 ./BSP/stm32l475e_iot01.o
                0x200002b4                hI2cHandler
 .bss.AccelerometerDrv
                0x20000308        0x4 ./BSP/stm32l475e_iot01_accelero.o
 .bss.GyroscopeDrv
                0x2000030c        0x4 ./BSP/stm32l475e_iot01_gyro.o
 .bss.Hsensor_drv
                0x20000310        0x4 ./BSP/stm32l475e_iot01_hsensor.o
 .bss.MagnetoDrv
                0x20000314        0x4 ./BSP/stm32l475e_iot01_magneto.o
 .bss.Psensor_drv
                0x20000318        0x4 ./BSP/stm32l475e_iot01_psensor.o
 .bss.tsensor_drv
                0x2000031c        0x4 ./BSP/stm32l475e_iot01_tsensor.o
 .bss.hdfsdm1_channel1
                0x20000320       0x38 ./Core/Src/main.o
                0x20000320                hdfsdm1_channel1
 .bss.hi2c2     0x20000358       0x54 ./Core/Src/main.o
                0x20000358                hi2c2
 .bss.hqspi     0x200003ac       0x44 ./Core/Src/main.o
                0x200003ac                hqspi
 .bss.hspi3     0x200003f0       0x64 ./Core/Src/main.o
                0x200003f0                hspi3
 .bss.huart1    0x20000454       0x88 ./Core/Src/main.o
                0x20000454                huart1
 .bss.huart3    0x200004dc       0x88 ./Core/Src/main.o
                0x200004dc                huart3
 .bss.hpcd_USB_OTG_FS
                0x20000564      0x4e4 ./Core/Src/main.o
                0x20000564                hpcd_USB_OTG_FS
 .bss.DFSDM1_Init
                0x20000a48        0x4 ./Core/Src/stm32l4xx_hal_msp.o
 .bss.__sbrk_heap_end
                0x20000a4c        0x4 ./Core/Src/sysmem.o
 .bss.uwTick    0x20000a50        0x4 ./Drivers/STM32L4xx_HAL_Driver/Src/stm32l4xx_hal.o
                0x20000a50                uwTick
 .bss.v_dfsdm1ChannelCounter
                0x20000a54        0x4 ./Drivers/STM32L4xx_HAL_Driver/Src/stm32l4xx_hal_dfsdm.o
 .bss.a_dfsdm1ChannelHandle
                0x20000a58       0x20 ./Drivers/STM32L4xx_HAL_Driver/Src/stm32l4xx_hal_dfsdm.o
 .bss.__sf      0x20000a78      0x138 /opt/st/stm32cubeide_1.19.0/plugins/com.st.stm32cube.ide.mcu.externaltools.gnu-tools-for-stm32.13.3.rel1.linux64_1.0.0.202410170706/tools/bin/../lib/gcc/arm-none-eabi/13.3.1/../../../../arm-none-eabi/lib/thumb/v7e-m+fp/hard/libc_nano.a(libc_a-findfp.o)
                0x20000a78                __sf
 .bss.__stdio_exit_handler
                0x20000bb0        0x4 /opt/st/stm32cubeide_1.19.0/plugins/com.st.stm32cube.ide.mcu.externaltools.gnu-tools-for-stm32.13.3.rel1.linux64_1.0.0.202410170706/tools/bin/../lib/gcc/arm-none-eabi/13.3.1/../../../../arm-none-eabi/lib/thumb/v7e-m+fp/hard/libc_nano.a(libc_a-findfp.o)
                0x20000bb0                __stdio_exit_handler
 .bss.errno     0x20000bb4        0x4 /opt/st/stm32cubeide_1.19.0/plugins/com.st.stm32cube.ide.mcu.externaltools.gnu-tools-for-stm32.13.3.rel1.linux64_1.0.0.202410170706/tools/bin/../lib/gcc/arm-none-eabi/13.3.1/../../../../arm-none-eabi/lib/thumb/v7e-m+fp/hard/libc_nano.a(libc_a-reent.o)
                0x20000bb4                errno
 .bss.__lock___malloc_recursive_mutex
                0x20000bb8        0x1 /opt/st/stm32cubeide_1.19.0/plugins/com.st.stm32cube.ide.mcu.externaltools.gnu-tools-for-stm32.13.3.rel1.linux64_1.0.0.202410170706/tools/bin/../lib/gcc/arm-none-eabi/13.3.1/../../../../arm-none-eabi/lib/thumb/v7e-m+fp/hard/libc_nano.a(libc_a-lock.o)
                0x20000bb8                __lock___malloc_recursive_mutex
 .bss.__lock___sfp_recursive_mutex
                0x20000bb9        0x1 /opt/st/stm32cubeide_1.19.0/plugins/com.st.stm32cube.ide.mcu.externaltools.gnu-tools-for-stm32.13.3.rel1.linux64_1.0.0.202410170706/tools/bin/../lib/gcc/arm-none-eabi/13.3.1/../../../../arm-none-eabi/lib/thumb/v7e-m+fp/hard/libc_nano.a(libc_a-lock.o)
                0x20000bb9                __lock___sfp_recursive_mutex
 *fill*         0x20000bba        0x2 
 .bss.__malloc_sbrk_start
                0x20000bbc        0x4 /opt/st/stm32cubeide_1.19.0/plugins/com.st.stm32cube.ide.mcu.externaltools.gnu-tools-for-stm32.13.3.rel1.linux64_1.0.0.202410170706/tools/bin/../lib/gcc/arm-none-eabi/13.3.1/../../../../arm-none-eabi/lib/thumb/v7e-m+fp/hard/libc_nano.a(libc_a-mallocr.o)
                0x20000bbc                __malloc_sbrk_start
 .bss.__malloc_free_list
                0x20000bc0        0x4 /opt/st/stm32cubeide_1.19.0/plugins/com.st.stm32cube.ide.mcu.externaltools.gnu-tools-for-stm32.13.3.rel1.linux64_1.0.0.202410170706/tools/bin/../lib/gcc/arm-none-eabi/13.3.1/../../../../arm-none-eabi/lib/thumb/v7e-m+fp/hard/libc_nano.a(libc_a-mallocr.o)
                0x20000bc0                __malloc_free_list
 *(COMMON)
                0x20000bc4                        . = ALIGN (0x4)
                0x20000bc4                        _ebss = .
                0x20000bc4                        __bss_end__ = _ebss

._user_heap_stack
                0x20000bc4      0x604 load address 0x0800a73c
                0x20000bc8                        . = ALIGN (0x8)
 *fill*         0x20000bc4        0x4 
                [!provide]                        PROVIDE (end = .)
                0x20000bc8                        PROVIDE (_end = .)
                0x20000dc8                        . = (. + _Min_Heap_Size)
 *fill*         0x20000bc8      0x200 
                0x200011c8                        . = (. + _Min_Stack_Size)
 *fill*         0x20000dc8      0x400 
                0x200011c8                        . = ALIGN (0x8)

/DISCARD/
 libc.a(*)
 libm.a(*)
 libgcc.a(*)

.ARM.attributes
                0x00000000       0x30
 *(.ARM.attributes)
 .ARM.attributes
                0x00000000       0x22 /opt/st/stm32cubeide_1.19.0/plugins/com.st.stm32cube.ide.mcu.externaltools.gnu-tools-for-stm32.13.3.rel1.linux64_1.0.0.202410170706/tools/bin/../lib/gcc/arm-none-eabi/13.3.1/thumb/v7e-m+fp/hard/crti.o
 .ARM.attributes
                0x00000022       0x34 /opt/st/stm32cubeide_1.19.0/plugins/com.st.stm32cube.ide.mcu.externaltools.gnu-tools-for-stm32.13.3.rel1.linux64_1.0.0.202410170706/tools/bin/../lib/gcc/arm-none-eabi/13.3.1/thumb/v7e-m+fp/hard/crtbegin.o
 .ARM.attributes
                0x00000056       0x34 ./BSP/stm32l475e_iot01.o
 .ARM.attributes
                0x0000008a       0x34 ./BSP/stm32l475e_iot01_accelero.o
 .ARM.attributes
                0x000000be       0x34 ./BSP/stm32l475e_iot01_gyro.o
 .ARM.attributes
                0x000000f2       0x34 ./BSP/stm32l475e_iot01_hsensor.o
 .ARM.attributes
                0x00000126       0x34 ./BSP/stm32l475e_iot01_magneto.o
 .ARM.attributes
                0x0000015a       0x34 ./BSP/stm32l475e_iot01_psensor.o
 .ARM.attributes
                0x0000018e       0x34 ./BSP/stm32l475e_iot01_tsensor.o
 .ARM.attributes
                0x000001c2       0x34 ./Components/hts221/hts221.o
 .ARM.attributes
                0x000001f6       0x34 ./Components/lis3mdl/lis3mdl.o
 .ARM.attributes
                0x0000022a       0x34 ./Components/lps22hb/lps22hb.o
 .ARM.attributes
                0x0000025e       0x34 ./Components/lsm6dsl/lsm6dsl.o
 .ARM.attributes
                0x00000292       0x34 ./Core/Src/accelerometer.o
 .ARM.attributes
                0x000002c6       0x34 ./Core/Src/gyroscope.o
 .ARM.attributes
                0x000002fa       0x34 ./Core/Src/humidity.o
 .ARM.attributes
                0x0000032e       0x34 ./Core/Src/magnetic.o
 .ARM.attributes
                0x00000362       0x34 ./Core/Src/main.o
 .ARM.attributes
                0x00000396       0x34 ./Core/Src/pressure.o
 .ARM.attributes
                0x000003ca       0x34 ./Core/Src/stm32l4xx_hal_msp.o
 .ARM.attributes
                0x000003fe       0x34 ./Core/Src/stm32l4xx_it.o
 .ARM.attributes
                0x00000432       0x34 ./Core/Src/syscalls.o
 .ARM.attributes
                0x00000466       0x34 ./Core/Src/sysmem.o
 .ARM.attributes
                0x0000049a       0x34 ./Core/Src/system_stm32l4xx.o
 .ARM.attributes
                0x000004ce       0x34 ./Core/Src/temperature.o
 .ARM.attributes
                0x00000502       0x21 ./Core/Startup/startup_stm32l475vgtx.o
 .ARM.attributes
                0x00000523       0x34 ./Drivers/STM32L4xx_HAL_Driver/Src/stm32l4xx_hal.o
 .ARM.attributes
                0x00000557       0x34 ./Drivers/STM32L4xx_HAL_Driver/Src/stm32l4xx_hal_cortex.o
 .ARM.attributes
                0x0000058b       0x34 ./Drivers/STM32L4xx_HAL_Driver/Src/stm32l4xx_hal_dfsdm.o
 .ARM.attributes
                0x000005bf       0x34 ./Drivers/STM32L4xx_HAL_Driver/Src/stm32l4xx_hal_gpio.o
 .ARM.attributes
                0x000005f3       0x34 ./Drivers/STM32L4xx_HAL_Driver/Src/stm32l4xx_hal_i2c.o
 .ARM.attributes
                0x00000627       0x34 ./Drivers/STM32L4xx_HAL_Driver/Src/stm32l4xx_hal_i2c_ex.o
 .ARM.attributes
                0x0000065b       0x34 ./Drivers/STM32L4xx_HAL_Driver/Src/stm32l4xx_hal_pcd.o
 .ARM.attributes
                0x0000068f       0x34 ./Drivers/STM32L4xx_HAL_Driver/Src/stm32l4xx_hal_pcd_ex.o
 .ARM.attributes
                0x000006c3       0x34 ./Drivers/STM32L4xx_HAL_Driver/Src/stm32l4xx_hal_pwr.o
 .ARM.attributes
                0x000006f7       0x34 ./Drivers/STM32L4xx_HAL_Driver/Src/stm32l4xx_hal_pwr_ex.o
 .ARM.attributes
                0x0000072b       0x34 ./Drivers/STM32L4xx_HAL_Driver/Src/stm32l4xx_hal_qspi.o
 .ARM.attributes
                0x0000075f       0x34 ./Drivers/STM32L4xx_HAL_Driver/Src/stm32l4xx_hal_rcc.o
 .ARM.attributes
                0x00000793       0x34 ./Drivers/STM32L4xx_HAL_Driver/Src/stm32l4xx_hal_rcc_ex.o
 .ARM.attributes
                0x000007c7       0x34 ./Drivers/STM32L4xx_HAL_Driver/Src/stm32l4xx_hal_spi.o