Archive member included to satisfy reference by file (symbol)

/opt/st/stm32cubeide_1.19.0/plugins/com.st.stm32cube.ide.mcu.externaltools.gnu-tools-for-stm32.13.3.rel1.linux64_1.0.0.202410170706/tools/bin/../lib/gcc/arm-none-eabi/13.3.1/../../../../arm-none-eabi/lib/thumb/v7e-m+fp/hard/libc_nano.a(libc_a-exit.o)
                              /opt/st/stm32cubeide_1.19.0/plugins/com.st.stm32cube.ide.mcu.externaltools.gnu-tools-for-stm32.13.3.rel1.linux64_1.0.0.202410170706/tools/bin/../lib/gcc/arm-none-eabi/13.3.1/../../../../arm-none-eabi/lib/thumb/v7e-m+fp/hard/crt0.o (exit)
/opt/st/stm32cubeide_1.19.0/plugins/com.st.stm32cube.ide.mcu.externaltools.gnu-tools-for-stm32.13.3.rel1.linux64_1.0.0.202410170706/tools/bin/../lib/gcc/arm-none-eabi/13.3.1/../../../../arm-none-eabi/lib/thumb/v7e-m+fp/hard/libc_nano.a(libc_a-findfp.o)
                              /opt/st/stm32cubeide_1.19.0/plugins/com.st.stm32cube.ide.mcu.externaltools.gnu-tools-for-stm32.13.3.rel1.linux64_1.0.0.202410170706/tools/bin/../lib/gcc/arm-none-eabi/13.3.1/../../../../arm-none-eabi/lib/thumb/v7e-m+fp/hard/libc_nano.a(libc_a-exit.o) (__stdio_exit_handler)
/opt/st/stm32cubeide_1.19.0/plugins/com.st.stm32cube.ide.mcu.externaltools.gnu-tools-for-stm32.13.3.rel1.linux64_1.0.0.202410170706/tools/bin/../lib/gcc/arm-none-eabi/13.3.1/../../../../arm-none-eabi/lib/thumb/v7e-m+fp/hard/libc_nano.a(libc_a-fwalk.o)
                              /opt/st/stm32cubeide_1.19.0/plugins/com.st.stm32cube.ide.mcu.externaltools.gnu-tools-for-stm32.13.3.rel1.linux64_1.0.0.202410170706/tools/bin/../lib/gcc/arm-none-eabi/13.3.1/../../../../arm-none-eabi/lib/thumb/v7e-m+fp/hard/libc_nano.a(libc_a-findfp.o) (_fwalk_sglue)
/opt/st/stm32cubeide_1.19.0/plugins/com.st.stm32cube.ide.mcu.externaltools.gnu-tools-for-stm32.13.3.rel1.linux64_1.0.0.202410170706/tools/bin/../lib/gcc/arm-none-eabi/13.3.1/../../../../arm-none-eabi/lib/thumb/v7e-m+fp/hard/libc_nano.a(libc_a-stdio.o)
                              /opt/st/stm32cubeide_1.19.0/plugins/com.st.stm32cube.ide.mcu.externaltools.gnu-tools-for-stm32.13.3.rel1.linux64_1.0.0.202410170706/tools/bin/../lib/gcc/arm-none-eabi/13.3.1/../../../../arm-none-eabi/lib/thumb/v7e-m+fp/hard/libc_nano.a(libc_a-findfp.o) (__sread)
/opt/st/stm32cubeide_1.19.0/plugins/com.st.stm32cube.ide.mcu.externaltools.gnu-tools-for-stm32.13.3.rel1.linux64_1.0.0.202410170706/tools/bin/../lib/gcc/arm-none-eabi/13.3.1/../../../../arm-none-eabi/lib/thumb/v7e-m+fp/hard/libc_nano.a(libc_a-memset.o)
                              /opt/st/stm32cubeide_1.19.0/plugins/com.st.stm32cube.ide.mcu.externaltools.gnu-tools-for-stm32.13.3.rel1.linux64_1.0.0.202410170706/tools/bin/../lib/gcc/arm-none-eabi/13.3.1/../../../../arm-none-eabi/lib/thumb/v7e-m+fp/hard/crt0.o (memset)
/opt/st/stm32cubeide_1.19.0/plugins/com.st.stm32cube.ide.mcu.externaltools.gnu-tools-for-stm32.13.3.rel1.linux64_1.0.0.202410170706/tools/bin/../lib/gcc/arm-none-eabi/13.3.1/../../../../arm-none-eabi/lib/thumb/v7e-m+fp/hard/libc_nano.a(libc_a-closer.o)
                              /opt/st/stm32cubeide_1.19.0/plugins/com.st.stm32cube.ide.mcu.externaltools.gnu-tools-for-stm32.13.3.rel1.linux64_1.0.0.202410170706/tools/bin/../lib/gcc/arm-none-eabi/13.3.1/../../../../arm-none-eabi/lib/thumb/v7e-m+fp/hard/libc_nano.a(libc_a-stdio.o) (_close_r)
/opt/st/stm32cubeide_1.19.0/plugins/com.st.stm32cube.ide.mcu.externaltools.gnu-tools-for-stm32.13.3.rel1.linux64_1.0.0.202410170706/tools/bin/../lib/gcc/arm-none-eabi/13.3.1/../../../../arm-none-eabi/lib/thumb/v7e-m+fp/hard/libc_nano.a(libc_a-reent.o)
                              /opt/st/stm32cubeide_1.19.0/plugins/com.st.stm32cube.ide.mcu.externaltools.gnu-tools-for-stm32.13.3.rel1.linux64_1.0.0.202410170706/tools/bin/../lib/gcc/arm-none-eabi/13.3.1/../../../../arm-none-eabi/lib/thumb/v7e-m+fp/hard/libc_nano.a(libc_a-closer.o) (errno)
/opt/st/stm32cubeide_1.19.0/plugins/com.st.stm32cube.ide.mcu.externaltools.gnu-tools-for-stm32.13.3.rel1.linux64_1.0.0.202410170706/tools/bin/../lib/gcc/arm-none-eabi/13.3.1/../../../../arm-none-eabi/lib/thumb/v7e-m+fp/hard/libc_nano.a(libc_a-impure.o)
                              /opt/st/stm32cubeide_1.19.0/plugins/com.st.stm32cube.ide.mcu.externaltools.gnu-tools-for-stm32.13.3.rel1.linux64_1.0.0.202410170706/tools/bin/../lib/gcc/arm-none-eabi/13.3.1/../../../../arm-none-eabi/lib/thumb/v7e-m+fp/hard/libc_nano.a(libc_a-reent.o) (_impure_ptr)
/opt/st/stm32cubeide_1.19.0/plugins/com.st.stm32cube.ide.mcu.externaltools.gnu-tools-for-stm32.13.3.rel1.linux64_1.0.0.202410170706/tools/bin/../lib/gcc/arm-none-eabi/13.3.1/../../../../arm-none-eabi/lib/thumb/v7e-m+fp/hard/libc_nano.a(libc_a-lseekr.o)
                              /opt/st/stm32cubeide_1.19.0/plugins/com.st.stm32cube.ide.mcu.externaltools.gnu-tools-for-stm32.13.3.rel1.linux64_1.0.0.202410170706/tools/bin/../lib/gcc/arm-none-eabi/13.3.1/../../../../arm-none-eabi/lib/thumb/v7e-m+fp/hard/libc_nano.a(libc_a-stdio.o) (_lseek_r)
[...]
Memory Configuration

Name             Origin             Length             Attributes
RAM              0x20000000         0x00018000         xrw
RAM2             0x10000000         0x00008000         xrw
FLASH            0x08000000         0x00100000         xr
*default*        0x00000000         0xffffffff

Linker script and memory map

LOAD /opt/st/stm32cubeide_1.19.0/plugins/com.st.stm32cube.ide.mcu.externaltools.gnu-tools-for-stm32.13.3.rel1.linux64_1.0.0.202410170706/tools/bin/../lib/gcc/arm-none-eabi/13.3.1/thumb/v7e-m+fp/hard/crti.o
LOAD /opt/st/stm32cubeide_1.19.0/plugins/com.st.stm32cube.ide.mcu.externaltools.gnu-tools-for-stm32.13.3.rel1.linux64_1.0.0.202410170706/tools/bin/../lib/gcc/arm-none-eabi/13.3.1/thumb/v7e-m+fp/hard/crtbegin.o
LOAD /opt/st/stm32cubeide_1.19.0/plugins/com.st.stm32cube.ide.mcu.externaltools.gnu-tools-for-stm32.13.3.rel1.linux64_1.0.0.202410170706/tools/bin/../lib/gcc/arm-none-eabi/13.3.1/../../../../arm-none-eabi/lib/thumb/v7e-m+fp/hard/crt0.o
LOAD ./Core/Src/joystick.o
LOAD ./Core/Src/led_driver.o
LOAD ./Core/Src/main.o
LOAD ./Core/Src/stm32l4xx_hal_msp.o
LOAD ./Core/Src/stm32l4xx_it.o
LOAD ./Core/Src/syscalls.o
LOAD ./Core/Src/sysmem.o
LOAD ./Core/Src/system_stm32l4xx.o
LOAD ./Core/Startup/startup_stm32l475vgtx.o
LOAD ./Drivers/STM32L4xx_HAL_Driver/Src/stm32l4xx_hal.o
LOAD ./Drivers/STM32L4xx_HAL_Driver/Src/stm32l4xx_hal_cortex.o
LOAD ./Drivers/STM32L4xx_HAL_Driver/Src/stm32l4xx_hal_dfsdm.o
LOAD ./Drivers/STM32L4xx_HAL_Driver/Src/stm32l4xx_hal_dma.o
LOAD ./Drivers/STM32L4xx_HAL_Driver/Src/stm32l4xx_hal_dma_ex.o
LOAD ./Drivers/STM32L4xx_HAL_Driver/Src/stm32l4xx_hal_exti.o
LOAD ./Drivers/STM32L4xx_HAL_Driver/Src/stm32l4xx_hal_flash.o
LOAD ./Drivers/STM32L4xx_HAL_Driver/Src/stm32l4xx_hal_flash_ex.o
LOAD ./Drivers/STM32L4xx_HAL_Driver/Src/stm32l4xx_hal_flash_ramfunc.o
LOAD ./Drivers/STM32L4xx_HAL_Driver/Src/stm32l4xx_hal_gpio.o
LOAD ./Drivers/STM32L4xx_HAL_Driver/Src/stm32l4xx_hal_i2c.o
LOAD ./Drivers/STM32L4xx_HAL_Driver/Src/stm32l4xx_hal_i2c_ex.o
LOAD ./Drivers/STM32L4xx_HAL_Driver/Src/stm32l4xx_hal_pcd.o
LOAD ./Drivers/STM32L4xx_HAL_Driver/Src/stm32l4xx_hal_pcd_ex.o
LOAD ./Drivers/STM32L4xx_HAL_Driver/Src/stm32l4xx_hal_pwr.o
LOAD ./Drivers/STM32L4xx_HAL_Driver/Src/stm32l4xx_hal_pwr_ex.o
LOAD ./Drivers/STM32L4xx_HAL_Driver/Src/stm32l4xx_hal_qspi.o
LOAD ./Drivers/STM32L4xx_HAL_Driver/Src/stm32l4xx_hal_rcc.o
LOAD ./Drivers/STM32L4xx_HAL_Driver/Src/stm32l4xx_hal_rcc_ex.o
LOAD ./Drivers/STM32L4xx_HAL_Driver/Src/stm32l4xx_hal_spi.o
LOAD ./Drivers/STM32L4xx_HAL_Driver/Src/stm32l4xx_hal_spi_ex.o
LOAD ./Drivers/STM32L4xx_HAL_Driver/Src/stm32l4xx_hal_uart.o
LOAD ./Drivers/STM32L4xx_HAL_Driver/Src/stm32l4xx_hal_uart_ex.o
LOAD ./Drivers/STM32L4xx_HAL_Driver/Src/stm32l4xx_ll_usb.o
START GROUP
LOAD /opt/st/stm32cubeide_1.19.0/plugins/com.st.stm32cube.ide.mcu.externaltools.gnu-tools-for-stm32.13.3.rel1.linux64_1.0.0.202410170706/tools/bin/../lib/gcc/arm-none-eabi/13.3.1/../../../../arm-none-eabi/lib/thumb/v7e-m+fp/hard/libc_nano.a
LOAD /opt/st/stm32cubeide_1.19.0/plugins/com.st.stm32cube.ide.mcu.externaltools.gnu-tools-for-stm32.13.3.rel1.linux64_1.0.0.202410170706/tools/bin/../lib/gcc/arm-none-eabi/13.3.1/../../../../arm-none-eabi/lib/thumb/v7e-m+fp/hard/libm.a
END GROUP
START GROUP
LOAD /opt/st/stm32cubeide_1.19.0/plugins/com.st.stm32cube.ide.mcu.externaltools.gnu-tools-for-stm32.13.3.rel1.linux64_1.0.0.202410170706/tools/bin/../lib/gcc/arm-none-eabi/13.3.1/thumb/v7e-m+fp/hard/libgcc.a
LOAD /opt/st/stm32cubeide_1.19.0/plugins/com.st.stm32cube.ide.mcu.externaltools.gnu-tools-for-stm32.13.3.rel1.linux64_1.0.0.202410170706/tools/bin/../lib/gcc/arm-none-eabi/13.3.1/../../../../arm-none-eabi/lib/thumb/v7e-m+fp/hard/libc_nano.a
END GROUP
START GROUP
LOAD /opt/st/stm32cubeide_1.19.0/plugins/com.st.stm32cube.ide.mcu.externaltools.gnu-tools-for-stm32.13.3.rel1.linux64_1.0.0.202410170706/tools/bin/../lib/gcc/arm-none-eabi/13.3.1/thumb/v7e-m+fp/hard/libgcc.a
LOAD /opt/st/stm32cubeide_1.19.0/plugins/com.st.stm32cube.ide.mcu.externaltools.gnu-tools-for-stm32.13.3.rel1.linux64_1.0.0.202410170706/tools/bin/../lib/gcc/arm-none-eabi/13.3.1/../../../../arm-none-eabi/lib/thumb/v7e-m+fp/hard/libc_nano.a
LOAD /opt/st/stm32cubeide_1.19.0/plugins/com.st.stm32cube.ide.mcu.externaltools.gnu-tools-for-stm32.13.3.rel1.linux64_1.0.0.202410170706/tools/bin/../lib/gcc/arm-none-eabi/13.3.1/../../../../arm-none-eabi/lib/thumb/v7e-m+fp/hard/libnosys.a
END GROUP
START GROUP
LOAD /opt/st/stm32cubeide_1.19.0/plugins/com.st.stm32cube.ide.mcu.externaltools.gnu-tools-for-stm32.13.3.rel1.linux64_1.0.0.202410170706/tools/bin/../lib/gcc/arm-none-eabi/13.3.1/thumb/v7e-m+fp/hard/libgcc.a
LOAD /opt/st/stm32cubeide_1.19.0/plugins/com.st.stm32cube.ide.mcu.externaltools.gnu-tools-for-stm32.13.3.rel1.linux64_1.0.0.202410170706/tools/bin/../lib/gcc/arm-none-eabi/13.3.1/../../../../arm-none-eabi/lib/thumb/v7e-m+fp/hard/libc_nano.a
LOAD /opt/st/stm32cubeide_1.19.0/plugins/com.st.stm32cube.ide.mcu.externaltools.gnu-tools-for-stm32.13.3.rel1.linux64_1.0.0.202410170706/tools/bin/../lib/gcc/arm-none-eabi/13.3.1/../../../../arm-none-eabi/lib/thumb/v7e-m+fp/hard/libnosys.a
END GROUP
LOAD /opt/st/stm32cubeide_1.19.0/plugins/com.st.stm32cube.ide.mcu.externaltools.gnu-tools-for-stm32.13.3.rel1.linux64_1.0.0.202410170706/tools/bin/../lib/gcc/arm-none-eabi/13.3.1/thumb/v7e-m+fp/hard/crtend.o
LOAD /opt/st/stm32cubeide_1.19.0/plugins/com.st.stm32cube.ide.mcu.externaltools.gnu-tools-for-stm32.13.3.rel1.linux64_1.0.0.202410170706/tools/bin/../lib/gcc/arm-none-eabi/13.3.1/thumb/v7e-m+fp/hard/crtn.o
                0x20018000                        _estack = (ORIGIN (RAM) + LENGTH (RAM))
                0x00000200                        _Min_Heap_Size = 0x200
                0x00000400                        _Min_Stack_Size = 0x400

.isr_vector     0x08000000      0x188
                0x08000000                        . = ALIGN (0x4)
 *(.isr_vector)
 .isr_vector    0x08000000      0x188 ./Core/Startup/startup_stm32l475vgtx.o
                0x08000000                g_pfnVectors
                0x08000188                        . = ALIGN (0x4)

.text           0x08000188     0x4b40
                0x08000188                        . = ALIGN (0x4)
 *(.text)
 .text          0x08000188       0x40 /opt/st/stm32cubeide_1.19.0/plugins/com.st.stm32cube.ide.mcu.externaltools.gnu-tools-for-stm32.13.3.rel1.linux64_1.0.0.202410170706/tools/bin/../lib/gcc/arm-none-eabi/13.3.1/thumb/v7e-m+fp/hard/crtbegin.o
 .text          0x080001c8       0x30 /opt/st/stm32cubeide_1.19.0/plugins/com.st.stm32cube.ide.mcu.externaltools.gnu-tools-for-stm32.13.3.rel1.linux64_1.0.0.202410170706/tools/bin/../lib/gcc/arm-none-eabi/13.3.1/thumb/v7e-m+fp/hard/libgcc.a(_aeabi_uldivmod.o)
                0x080001c8                __aeabi_uldivmod
 .text          0x080001f8      0x2f8 /opt/st/stm32cubeide_1.19.0/plugins/com.st.stm32cube.ide.mcu.externaltools.gnu-tools-for-stm32.13.3.rel1.linux64_1.0.0.202410170706/tools/bin/../lib/gcc/arm-none-eabi/13.3.1/thumb/v7e-m+fp/hard/libgcc.a(_udivmoddi4.o)
                0x080001f8                __udivmoddi4
 .text          0x080004f0        0x4 /opt/st/stm32cubeide_1.19.0/plugins/com.st.stm32cube.ide.mcu.externaltools.gnu-tools-for-stm32.13.3.rel1.linux64_1.0.0.202410170706/tools/bin/../lib/gcc/arm-none-eabi/13.3.1/thumb/v7e-m+fp/hard/libgcc.a(_dvmd_tls.o)
                0x080004f0                __aeabi_ldiv0
                0x080004f0                __aeabi_idiv0
 *(.text*)
 .text.ReadJoy  0x080004f4       0x64 ./Core/Src/joystick.o
                0x080004f4                ReadJoy
 .text.LED_On   0x08000558       0x58 ./Core/Src/led_driver.o
                0x08000558                LED_On
 .text.LED_Off  0x080005b0       0x58 ./Core/Src/led_driver.o
                0x080005b0                LED_Off
 .text.animation1
                0x08000608       0x68 ./Core/Src/main.o
                0x08000608                animation1
 .text.animation2
                0x08000670       0x66 ./Core/Src/main.o
                0x08000670                animation2
 .text.animation3
                0x080006d6       0x54 ./Core/Src/main.o
                0x080006d6                animation3
 *fill*         0x0800072a        0x2 
 .text.main     0x0800072c       0x78 ./Core/Src/main.o
                0x0800072c                main
 .text.SystemClock_Config
                0x080007a4       0xc4 ./Core/Src/main.o
                0x080007a4                SystemClock_Config
 .text.MX_DFSDM1_Init
                0x08000868       0x70 ./Core/Src/main.o
 .text.MX_I2C2_Init
                0x080008d8       0x7c ./Core/Src/main.o
 .text.MX_QUADSPI_Init
                0x08000954       0x4c ./Core/Src/main.o
 .text.MX_SPI3_Init
                0x080009a0       0x7c ./Core/Src/main.o
 .text.MX_USART1_UART_Init
                0x08000a1c       0x60 ./Core/Src/main.o
 .text.MX_USART3_UART_Init
                0x08000a7c       0x60 ./Core/Src/main.o
 .text.MX_USB_OTG_FS_PCD_Init
                0x08000adc       0x5c ./Core/Src/main.o
 .text.MX_GPIO_Init
                0x08000b38      0x364 ./Core/Src/main.o
 .text.Error_Handler
                0x08000e9c        0xc ./Core/Src/main.o
                0x08000e9c                Error_Handler
 .text.HAL_MspInit
                0x08000ea8       0x48 ./Core/Src/stm32l4xx_hal_msp.o
                0x08000ea8                HAL_MspInit
 .text.HAL_DFSDM_ChannelMspInit
                0x08000ef0       0xc8 ./Core/Src/stm32l4xx_hal_msp.o
                0x08000ef0                HAL_DFSDM_ChannelMspInit
 .text.HAL_I2C_MspInit
                0x08000fb8       0xbc ./Core/Src/stm32l4xx_hal_msp.o
                0x08000fb8                HAL_I2C_MspInit
 .text.HAL_QSPI_MspInit
                0x08001074       0x88 ./Core/Src/stm32l4xx_hal_msp.o
                0x08001074                HAL_QSPI_MspInit
 .text.HAL_SPI_MspInit
                0x080010fc       0x88 ./Core/Src/stm32l4xx_hal_msp.o
                0x080010fc                HAL_SPI_MspInit
 .text.HAL_UART_MspInit
                0x08001184      0x148 ./Core/Src/stm32l4xx_hal_msp.o
                0x08001184                HAL_UART_MspInit
 .text.HAL_PCD_MspInit
                0x080012cc      0x138 ./Core/Src/stm32l4xx_hal_msp.o
                0x080012cc                HAL_PCD_MspInit
 .text.NMI_Handler
                0x08001404        0x8 ./Core/Src/stm32l4xx_it.o
                0x08001404                NMI_Handler
 .text.HardFault_Handler
                0x0800140c        0x8 ./Core/Src/stm32l4xx_it.o
                0x0800140c                HardFault_Handler
 .text.MemManage_Handler
                0x08001414        0x8 ./Core/Src/stm32l4xx_it.o
                0x08001414                MemManage_Handler
 .text.BusFault_Handler
                0x0800141c        0x8 ./Core/Src/stm32l4xx_it.o
                0x0800141c                BusFault_Handler
 .text.UsageFault_Handler
                0x08001424        0x8 ./Core/Src/stm32l4xx_it.o
                0x08001424                UsageFault_Handler
 .text.SVC_Handler
                0x0800142c        0xe ./Core/Src/stm32l4xx_it.o
                0x0800142c                SVC_Handler
 .text.DebugMon_Handler
                0x0800143a        0xe ./Core/Src/stm32l4xx_it.o
                0x0800143a                DebugMon_Handler
 .text.PendSV_Handler
                0x08001448        0xe ./Core/Src/stm32l4xx_it.o
                0x08001448                PendSV_Handler
 .text.SysTick_Handler
                0x08001456        0xc ./Core/Src/stm32l4xx_it.o
                0x08001456                SysTick_Handler
 .text.EXTI9_5_IRQHandler
                0x08001462       0x22 ./Core/Src/stm32l4xx_it.o
                0x08001462                EXTI9_5_IRQHandler
 .text.EXTI15_10_IRQHandler
                0x08001484       0x30 ./Core/Src/stm32l4xx_it.o
                0x08001484                EXTI15_10_IRQHandler
 .text.SystemInit
                0x080014b4       0x24 ./Core/Src/system_stm32l4xx.o
                0x080014b4                SystemInit
 .text.Reset_Handler
                0x080014d8       0x50 ./Core/Startup/startup_stm32l475vgtx.o
                0x080014d8                Reset_Handler
 .text.Default_Handler
                0x08001528        0x2 ./Core/Startup/startup_stm32l475vgtx.o
                0x08001528                RTC_Alarm_IRQHandler
                0x08001528                EXTI2_IRQHandler
                0x08001528                TIM8_TRG_COM_IRQHandler
                0x08001528                TIM8_CC_IRQHandler
                0x08001528                TIM1_CC_IRQHandler
                0x08001528                TSC_IRQHandler
                0x08001528                TAMP_STAMP_IRQHandler
                0x08001528                EXTI3_IRQHandler
                0x08001528                LPTIM2_IRQHandler
                0x08001528                DFSDM1_FLT1_IRQHandler
                0x08001528                I2C3_ER_IRQHandler
                0x08001528                DFSDM1_FLT2_IRQHandler
                0x08001528                EXTI0_IRQHandler
                0x08001528                I2C2_EV_IRQHandler
                0x08001528                CAN1_RX0_IRQHandler
                0x08001528                FPU_IRQHandler
                0x08001528                TIM1_UP_TIM16_IRQHandler
                0x08001528                ADC1_2_IRQHandler
                0x08001528                SPI1_IRQHandler
                0x08001528                TIM6_DAC_IRQHandler
                0x08001528                TIM8_UP_IRQHandler
                0x08001528                DMA2_Channel2_IRQHandler
                0x08001528                DMA1_Channel4_IRQHandler
                0x08001528                SAI2_IRQHandler
                0x08001528                DFSDM1_FLT3_IRQHandler
                0x08001528                USART3_IRQHandler
                0x08001528                DMA1_Channel7_IRQHandler
                0x08001528                CAN1_RX1_IRQHandler
                0x08001528                UART5_IRQHandler
                0x08001528                ADC3_IRQHandler
                0x08001528                TIM4_IRQHandler
                0x08001528                DMA2_Channel1_IRQHandler
                0x08001528                QUADSPI_IRQHandler
                0x08001528                I2C1_EV_IRQHandler
                0x08001528                DMA1_Channel6_IRQHandler
                0x08001528                UART4_IRQHandler
                0x08001528                DMA2_Channel4_IRQHandler
                0x08001528                TIM3_IRQHandler
                0x08001528                RCC_IRQHandler
                0x08001528                DMA1_Channel1_IRQHandler
                0x08001528                Default_Handler
                0x08001528                DMA2_Channel7_IRQHandler
                0x08001528                TIM7_IRQHandler
                0x08001528                SDMMC1_IRQHandler
                0x08001528                TIM5_IRQHandler
                0x08001528                I2C3_EV_IRQHandler
                0x08001528                RTC_WKUP_IRQHandler
                0x08001528                PVD_PVM_IRQHandler
                0x08001528                SPI2_IRQHandler
                0x08001528                CAN1_TX_IRQHandler
                0x08001528                DMA2_Channel5_IRQHandler
                0x08001528                DMA1_Channel5_IRQHandler
                0x08001528                EXTI4_IRQHandler
                0x08001528                RNG_IRQHandler
                0x08001528                TIM1_TRG_COM_TIM17_IRQHandler
                0x08001528                DMA1_Channel3_IRQHandler
                0x08001528                COMP_IRQHandler
                0x08001528                WWDG_IRQHandler
                0x08001528                LPUART1_IRQHandler
                0x08001528                DMA2_Channel6_IRQHandler
                0x08001528                TIM2_IRQHandler
                0x08001528                EXTI1_IRQHandler
                0x08001528                USART2_IRQHandler
                0x08001528                DFSDM1_FLT0_IRQHandler
                0x08001528                I2C2_ER_IRQHandler
                0x08001528                DMA1_Channel2_IRQHandler
                0x08001528                TIM8_BRK_IRQHandler
                0x08001528                CAN1_SCE_IRQHandler
                0x08001528                FLASH_IRQHandler
                0x08001528                USART1_IRQHandler
                0x08001528                OTG_FS_IRQHandler
                0x08001528                SPI3_IRQHandler
                0x08001528                I2C1_ER_IRQHandler
                0x08001528                FMC_IRQHandler
                0x08001528                SWPMI1_IRQHandler
                0x08001528                LPTIM1_IRQHandler
                0x08001528                SAI1_IRQHandler
                0x08001528                DMA2_Channel3_IRQHandler
                0x08001528                TIM1_BRK_TIM15_IRQHandler
 .text.HAL_Init
                0x0800152a       0x30 ./Drivers/STM32L4xx_HAL_Driver/Src/stm32l4xx_hal.o
                0x0800152a                HAL_Init
 *fill*         0x0800155a        0x2 
 .text.HAL_InitTick
                0x0800155c       0x78 ./Drivers/STM32L4xx_HAL_Driver/Src/stm32l4xx_hal.o
                0x0800155c                HAL_InitTick
 .text.HAL_IncTick
                0x080015d4       0x28 ./Drivers/STM32L4xx_HAL_Driver/Src/stm32l4xx_hal.o
                0x080015d4                HAL_IncTick
 .text.HAL_GetTick
                0x080015fc       0x18 ./Drivers/STM32L4xx_HAL_Driver/Src/stm32l4xx_hal.o
                0x080015fc                HAL_GetTick
 .text.HAL_Delay
                0x08001614       0x48 ./Drivers/STM32L4xx_HAL_Driver/Src/stm32l4xx_hal.o
                0x08001614                HAL_Delay
 .text.__NVIC_SetPriorityGrouping
                0x0800165c       0x48 ./Drivers/STM32L4xx_HAL_Driver/Src/stm32l4xx_hal_cortex.o
 .text.__NVIC_GetPriorityGrouping
                0x080016a4       0x1c ./Drivers/STM32L4xx_HAL_Driver/Src/stm32l4xx_hal_cortex.o
 .text.__NVIC_EnableIRQ
                0x080016c0       0x3c ./Drivers/STM32L4xx_HAL_Driver/Src/stm32l4xx_hal_cortex.o
 .text.__NVIC_SetPriority
                0x080016fc       0x54 ./Drivers/STM32L4xx_HAL_Driver/Src/stm32l4xx_hal_cortex.o
 .text.NVIC_EncodePriority
                0x08001750       0x66 ./Drivers/STM32L4xx_HAL_Driver/Src/stm32l4xx_hal_cortex.o
 *fill*         0x080017b6        0x2 
 .text.SysTick_Config
                0x080017b8       0x44 ./Drivers/STM32L4xx_HAL_Driver/Src/stm32l4xx_hal_cortex.o
 .text.HAL_NVIC_SetPriorityGrouping
                0x080017fc       0x16 ./Drivers/STM32L4xx_HAL_Driver/Src/stm32l4xx_hal_cortex.o
                0x080017fc                HAL_NVIC_SetPriorityGrouping
 .text.HAL_NVIC_SetPriority
                0x08001812       0x38 ./Drivers/STM32L4xx_HAL_Driver/Src/stm32l4xx_hal_cortex.o
                0x08001812                HAL_NVIC_SetPriority
 .text.HAL_NVIC_EnableIRQ
                0x0800184a       0x1c ./Drivers/STM32L4xx_HAL_Driver/Src/stm32l4xx_hal_cortex.o
                0x0800184a                HAL_NVIC_EnableIRQ
 .text.HAL_SYSTICK_Config
                0x08001866       0x18 ./Drivers/STM32L4xx_HAL_Driver/Src/stm32l4xx_hal_cortex.o
                0x08001866                HAL_SYSTICK_Config
 *fill*         0x0800187e        0x2 
 .text.HAL_DFSDM_ChannelInit
                0x08001880      0x180 ./Drivers/STM32L4xx_HAL_Driver/Src/stm32l4xx_hal_dfsdm.o
                0x08001880                HAL_DFSDM_ChannelInit
 .text.DFSDM_GetChannelFromInstance
                0x08001a00       0x98 ./Drivers/STM32L4xx_HAL_Driver/Src/stm32l4xx_hal_dfsdm.o
 .text.HAL_GPIO_Init
                0x08001a98      0x354 ./Drivers/STM32L4xx_HAL_Driver/Src/stm32l4xx_hal_gpio.o
                0x08001a98                HAL_GPIO_Init
 .text.HAL_GPIO_ReadPin
                0x08001dec       0x30 ./Drivers/STM32L4xx_HAL_Driver/Src/stm32l4xx_hal_gpio.o
                0x08001dec                HAL_GPIO_ReadPin
 .text.HAL_GPIO_WritePin
                0x08001e1c       0x30 ./Drivers/STM32L4xx_HAL_Driver/Src/stm32l4xx_hal_gpio.o
                0x08001e1c                HAL_GPIO_WritePin
 .text.HAL_GPIO_EXTI_IRQHandler
                0x08001e4c       0x30 ./Drivers/STM32L4xx_HAL_Driver/Src/stm32l4xx_hal_gpio.o
                0x08001e4c                HAL_GPIO_EXTI_IRQHandler
 .text.HAL_GPIO_EXTI_Callback
                0x08001e7c       0x16 ./Drivers/STM32L4xx_HAL_Driver/Src/stm32l4xx_hal_gpio.o
                0x08001e7c                HAL_GPIO_EXTI_Callback
 .text.HAL_I2C_Init
                0x08001e92      0x136 ./Drivers/STM32L4xx_HAL_Driver/Src/stm32l4xx_hal_i2c.o
                0x08001e92                HAL_I2C_Init
 .text.HAL_I2CEx_ConfigAnalogFilter
                0x08001fc8       0x96 ./Drivers/STM32L4xx_HAL_Driver/Src/stm32l4xx_hal_i2c_ex.o
                0x08001fc8                HAL_I2CEx_ConfigAnalogFilter
 .text.HAL_I2CEx_ConfigDigitalFilter
                0x0800205e       0x98 ./Drivers/STM32L4xx_HAL_Driver/Src/stm32l4xx_hal_i2c_ex.o
                0x0800205e                HAL_I2CEx_ConfigDigitalFilter
 .text.HAL_PCD_Init
                0x080020f6      0x21e ./Drivers/STM32L4xx_HAL_Driver/Src/stm32l4xx_hal_pcd.o
                0x080020f6                HAL_PCD_Init
 .text.HAL_PCDEx_ActivateLPM
                0x08002314       0x48 ./Drivers/STM32L4xx_HAL_Driver/Src/stm32l4xx_hal_pcd_ex.o
                0x08002314                HAL_PCDEx_ActivateLPM
 .text.HAL_PWR_EnableBkUpAccess
                0x0800235c       0x20 ./Drivers/STM32L4xx_HAL_Driver/Src/stm32l4xx_hal_pwr.o
                0x0800235c                HAL_PWR_EnableBkUpAccess
 .text.HAL_PWREx_GetVoltageRange
                0x0800237c       0x1c ./Drivers/STM32L4xx_HAL_Driver/Src/stm32l4xx_hal_pwr_ex.o
                0x0800237c                HAL_PWREx_GetVoltageRange
 .text.HAL_PWREx_ControlVoltageScaling
                0x08002398       0xac ./Drivers/STM32L4xx_HAL_Driver/Src/stm32l4xx_hal_pwr_ex.o
                0x08002398                HAL_PWREx_ControlVoltageScaling
 .text.HAL_PWREx_EnableVddUSB
                0x08002444       0x20 ./Drivers/STM32L4xx_HAL_Driver/Src/stm32l4xx_hal_pwr_ex.o
                0x08002444                HAL_PWREx_EnableVddUSB
 .text.HAL_QSPI_Init
                0x08002464       0xec ./Drivers/STM32L4xx_HAL_Driver/Src/stm32l4xx_hal_qspi.o
                0x08002464                HAL_QSPI_Init
 .text.HAL_QSPI_SetTimeout
                0x08002550       0x1c ./Drivers/STM32L4xx_HAL_Driver/Src/stm32l4xx_hal_qspi.o
                0x08002550                HAL_QSPI_SetTimeout
 .text.QSPI_WaitFlagStateUntilTimeout
                0x0800256c       0x6e ./Drivers/STM32L4xx_HAL_Driver/Src/stm32l4xx_hal_qspi.o
 *fill*         0x080025da        0x2 
 .text.HAL_RCC_OscConfig
                0x080025dc      0x7b8 ./Drivers/STM32L4xx_HAL_Driver/Src/stm32l4xx_hal_rcc.o
                0x080025dc                HAL_RCC_OscConfig
 .text.HAL_RCC_ClockConfig
                0x08002d94      0x200 ./Drivers/STM32L4xx_HAL_Driver/Src/stm32l4xx_hal_rcc.o
                0x08002d94                HAL_RCC_ClockConfig
 .text.HAL_RCC_GetSysClockFreq
                0x08002f94      0x118 ./Drivers/STM32L4xx_HAL_Driver/Src/stm32l4xx_hal_rcc.o
                0x08002f94                HAL_RCC_GetSysClockFreq
 .text.HAL_RCC_GetHCLKFreq
                0x080030ac       0x18 ./Drivers/STM32L4xx_HAL_Driver/Src/stm32l4xx_hal_rcc.o
                0x080030ac                HAL_RCC_GetHCLKFreq
 .text.HAL_RCC_GetPCLK1Freq
                0x080030c4       0x2c ./Drivers/STM32L4xx_HAL_Driver/Src/stm32l4xx_hal_rcc.o
                0x080030c4                HAL_RCC_GetPCLK1Freq
 .text.HAL_RCC_GetPCLK2Freq
                0x080030f0       0x2c ./Drivers/STM32L4xx_HAL_Driver/Src/stm32l4xx_hal_rcc.o
                0x080030f0                HAL_RCC_GetPCLK2Freq
 .text.RCC_SetFlashLatencyFromMSIRange
                0x0800311c       0xc0 ./Drivers/STM32L4xx_HAL_Driver/Src/stm32l4xx_hal_rcc.o
 .text.HAL_RCCEx_PeriphCLKConfig
                0x080031dc      0x5d4 ./Drivers/STM32L4xx_HAL_Driver/Src/stm32l4xx_hal_rcc_ex.o
                0x080031dc                HAL_RCCEx_PeriphCLKConfig
 .text.HAL_RCCEx_EnableMSIPLLMode
                0x080037b0       0x20 ./Drivers/STM32L4xx_HAL_Driver/Src/stm32l4xx_hal_rcc_ex.o
                0x080037b0                HAL_RCCEx_EnableMSIPLLMode
 .text.RCCEx_PLLSAI1_Config
                0x080037d0      0x1e8 ./Drivers/STM32L4xx_HAL_Driver/Src/stm32l4xx_hal_rcc_ex.o
 .text.RCCEx_PLLSAI2_Config
                0x080039b8      0x1bc ./Drivers/STM32L4xx_HAL_Driver/Src/stm32l4xx_hal_rcc_ex.o
 .text.HAL_SPI_Init
                0x08003b74      0x146 ./Drivers/STM32L4xx_HAL_Driver/Src/stm32l4xx_hal_spi.o
                0x08003b74                HAL_SPI_Init
 .text.HAL_UART_Init
                0x08003cba       0x9c ./Drivers/STM32L4xx_HAL_Driver/Src/stm32l4xx_hal_uart.o
                0x08003cba                HAL_UART_Init
 *fill*         0x08003d56        0x2 
 .text.UART_SetConfig
                0x08003d58      0x570 ./Drivers/STM32L4xx_HAL_Driver/Src/stm32l4xx_hal_uart.o
                0x08003d58                UART_SetConfig
 .text.UART_AdvFeatureConfig
                0x080042c8      0x144 ./Drivers/STM32L4xx_HAL_Driver/Src/stm32l4xx_hal_uart.o
                0x080042c8                UART_AdvFeatureConfig
 .text.UART_CheckIdleState
                0x0800440c      0x150 ./Drivers/STM32L4xx_HAL_Driver/Src/stm32l4xx_hal_uart.o
                0x0800440c                UART_CheckIdleState
 .text.UART_WaitOnFlagUntilTimeout
                0x0800455c       0xda ./Drivers/STM32L4xx_HAL_Driver/Src/stm32l4xx_hal_uart.o
                0x0800455c                UART_WaitOnFlagUntilTimeout
 .text.UART_EndRxTransfer
                0x08004636       0xc8 ./Drivers/STM32L4xx_HAL_Driver/Src/stm32l4xx_hal_uart.o
 .text.USB_CoreInit
                0x080046fe       0x5a ./Drivers/STM32L4xx_HAL_Driver/Src/stm32l4xx_ll_usb.o
                0x080046fe                USB_CoreInit
 .text.USB_DisableGlobalInt
                0x08004758       0x22 ./Drivers/STM32L4xx_HAL_Driver/Src/stm32l4xx_ll_usb.o
                0x08004758                USB_DisableGlobalInt
 .text.USB_SetCurrentMode
                0x0800477a       0x98 ./Drivers/STM32L4xx_HAL_Driver/Src/stm32l4xx_ll_usb.o
                0x0800477a                USB_SetCurrentMode
 *fill*         0x08004812        0x2 
 .text.USB_DevInit
                0x08004814      0x290 ./Drivers/STM32L4xx_HAL_Driver/Src/stm32l4xx_ll_usb.o
                0x08004814                USB_DevInit
 .text.USB_FlushTxFifo
                0x08004aa4       0x64 ./Drivers/STM32L4xx_HAL_Driver/Src/stm32l4xx_ll_usb.o
                0x08004aa4                USB_FlushTxFifo
 .text.USB_FlushRxFifo
                0x08004b08       0x5c ./Drivers/STM32L4xx_HAL_Driver/Src/stm32l4xx_ll_usb.o
                0x08004b08                USB_FlushRxFifo
 .text.USB_SetDevSpeed
                0x08004b64       0x32 ./Drivers/STM32L4xx_HAL_Driver/Src/stm32l4xx_ll_usb.o
                0x08004b64                USB_SetDevSpeed
 .text.USB_DevDisconnect
                0x08004b96       0x42 ./Drivers/STM32L4xx_HAL_Driver/Src/stm32l4xx_ll_usb.o
                0x08004b96                USB_DevDisconnect
 .text.USB_GetMode
                0x08004bd8       0x1c ./Drivers/STM32L4xx_HAL_Driver/Src/stm32l4xx_ll_usb.o
                0x08004bd8                USB_GetMode
 .text.USB_CoreReset
                0x08004bf4       0x62 ./Drivers/STM32L4xx_HAL_Driver/Src/stm32l4xx_ll_usb.o
 .text.memset   0x08004c56       0x10 /opt/st/stm32cubeide_1.19.0/plugins/com.st.stm32cube.ide.mcu.externaltools.gnu-tools-for-stm32.13.3.rel1.linux64_1.0.0.202410170706/tools/bin/../lib/gcc/arm-none-eabi/13.3.1/../../../../arm-none-eabi/lib/thumb/v7e-m+fp/hard/libc_nano.a(libc_a-memset.o)
                0x08004c56                memset
 *fill*         0x08004c66        0x2 
 .text.__libc_init_array
                0x08004c68       0x48 /opt/st/stm32cubeide_1.19.0/plugins/com.st.stm32cube.ide.mcu.externaltools.gnu-tools-for-stm32.13.3.rel1.linux64_1.0.0.202410170706/tools/bin/../lib/gcc/arm-none-eabi/13.3.1/../../../../arm-none-eabi/lib/thumb/v7e-m+fp/hard/libc_nano.a(libc_a-init.o)
                0x08004c68                __libc_init_array
 *(.glue_7)
 .glue_7        0x08004cb0        0x0 linker stubs
 *(.glue_7t)
 .glue_7t       0x08004cb0        0x0 linker stubs
 *(.eh_frame)
 .eh_frame      0x08004cb0        0x0 /opt/st/stm32cubeide_1.19.0/plugins/com.st.stm32cube.ide.mcu.externaltools.gnu-tools-for-stm32.13.3.rel1.linux64_1.0.0.202410170706/tools/bin/../lib/gcc/arm-none-eabi/13.3.1/thumb/v7e-m+fp/hard/crtbegin.o
 *(.init)
 .init          0x08004cb0        0x4 /opt/st/stm32cubeide_1.19.0/plugins/com.st.stm32cube.ide.mcu.externaltools.gnu-tools-for-stm32.13.3.rel1.linux64_1.0.0.202410170706/tools/bin/../lib/gcc/arm-none-eabi/13.3.1/thumb/v7e-m+fp/hard/crti.o
                0x08004cb0                _init
 .init          0x08004cb4        0x8 /opt/st/stm32cubeide_1.19.0/plugins/com.st.stm32cube.ide.mcu.externaltools.gnu-tools-for-stm32.13.3.rel1.linux64_1.0.0.202410170706/tools/bin/../lib/gcc/arm-none-eabi/13.3.1/thumb/v7e-m+fp/hard/crtn.o
 *(.fini)
 .fini          0x08004cbc        0x4 /opt/st/stm32cubeide_1.19.0/plugins/com.st.stm32cube.ide.mcu.externaltools.gnu-tools-for-stm32.13.3.rel1.linux64_1.0.0.202410170706/tools/bin/../lib/gcc/arm-none-eabi/13.3.1/thumb/v7e-m+fp/hard/crti.o
                0x08004cbc                _fini
 .fini          0x08004cc0        0x8 /opt/st/stm32cubeide_1.19.0/plugins/com.st.stm32cube.ide.mcu.externaltools.gnu-tools-for-stm32.13.3.rel1.linux64_1.0.0.202410170706/tools/bin/../lib/gcc/arm-none-eabi/13.3.1/thumb/v7e-m+fp/hard/crtn.o
                0x08004cc8                        . = ALIGN (0x4)
                0x08004cc8                        _etext = .

.vfp11_veneer   0x08004cc8        0x0
 .vfp11_veneer  0x08004cc8        0x0 linker stubs

.v4_bx          0x08004cc8        0x0
 .v4_bx         0x08004cc8        0x0 linker stubs

.iplt           0x08004cc8        0x0
 .iplt          0x08004cc8        0x0 /opt/st/stm32cubeide_1.19.0/plugins/com.st.stm32cube.ide.mcu.externaltools.gnu-tools-for-stm32.13.3.rel1.linux64_1.0.0.202410170706/tools/bin/../lib/gcc/arm-none-eabi/13.3.1/thumb/v7e-m+fp/hard/crtbegin.o

.rodata         0x08004cc8       0x48
                0x08004cc8                        . = ALIGN (0x4)
 *(.rodata)
 *(.rodata*)
 .rodata.AHBPrescTable
                0x08004cc8       0x10 ./Core/Src/system_stm32l4xx.o
                0x08004cc8                AHBPrescTable
 .rodata.APBPrescTable
                0x08004cd8        0x8 ./Core/Src/system_stm32l4xx.o
                0x08004cd8                APBPrescTable
 .rodata.MSIRangeTable
                0x08004ce0       0x30 ./Core/Src/system_stm32l4xx.o
                0x08004ce0                MSIRangeTable
                0x08004d10                        . = ALIGN (0x4)

.ARM.extab      0x08004d10        0x0
                0x08004d10                        . = ALIGN (0x4)
 *(.ARM.extab* .gnu.linkonce.armextab.*)
                0x08004d10                        . = ALIGN (0x4)

.ARM            0x08004d10        0x8
                0x08004d10                        . = ALIGN (0x4)
                0x08004d10                        __exidx_start = .
 *(.ARM.exidx*)
 .ARM.exidx     0x08004d10        0x8 /opt/st/stm32cubeide_1.19.0/plugins/com.st.stm32cube.ide.mcu.externaltools.gnu-tools-for-stm32.13.3.rel1.linux64_1.0.0.202410170706/tools/bin/../lib/gcc/arm-none-eabi/13.3.1/thumb/v7e-m+fp/hard/libgcc.a(_udivmoddi4.o)
                0x08004d18                        __exidx_end = .
                0x08004d18                        . = ALIGN (0x4)

.preinit_array  0x08004d18        0x0
                0x08004d18                        . = ALIGN (0x4)
                0x08004d18                        PROVIDE (__preinit_array_start = .)
 *(.preinit_array*)
                0x08004d18                        PROVIDE (__preinit_array_end = .)
                0x08004d18                        . = ALIGN (0x4)

.init_array     0x08004d18        0x4
                0x08004d18                        . = ALIGN (0x4)
                0x08004d18                        PROVIDE (__init_array_start = .)
 *(SORT_BY_NAME(.init_array.*))
 *(.init_array*)
 .init_array    0x08004d18        0x4 /opt/st/stm32cubeide_1.19.0/plugins/com.st.stm32cube.ide.mcu.externaltools.gnu-tools-for-stm32.13.3.rel1.linux64_1.0.0.202410170706/tools/bin/../lib/gcc/arm-none-eabi/13.3.1/thumb/v7e-m+fp/hard/crtbegin.o
                0x08004d1c                        PROVIDE (__init_array_end = .)
                0x08004d1c                        . = ALIGN (0x4)

.fini_array     0x08004d1c        0x4
                0x08004d1c                        . = ALIGN (0x4)
                [!provide]                        PROVIDE (__fini_array_start = .)
 *(SORT_BY_NAME(.fini_array.*))
 *(.fini_array*)
 .fini_array    0x08004d1c        0x4 /opt/st/stm32cubeide_1.19.0/plugins/com.st.stm32cube.ide.mcu.externaltools.gnu-tools-for-stm32.13.3.rel1.linux64_1.0.0.202410170706/tools/bin/../lib/gcc/arm-none-eabi/13.3.1/thumb/v7e-m+fp/hard/crtbegin.o
                [!provide]                        PROVIDE (__fini_array_end = .)
                0x08004d20                        . = ALIGN (0x4)
                0x08004d20                        _sidata = LOADADDR (.data)

.rel.dyn        0x08004d20        0x0
 .rel.iplt      0x08004d20        0x0 /opt/st/stm32cubeide_1.19.0/plugins/com.st.stm32cube.ide.mcu.externaltools.gnu-tools-for-stm32.13.3.rel1.linux64_1.0.0.202410170706/tools/bin/../lib/gcc/arm-none-eabi/13.3.1/thumb/v7e-m+fp/hard/crtbegin.o

.data           0x20000000       0x10 load address 0x08004d20
                0x20000000                        . = ALIGN (0x4)
                0x20000000                        _sdata = .
 *(.data)
 *(.data*)
 .data.previous_state
                0x20000000        0x1 ./Core/Src/joystick.o
 *fill*         0x20000001        0x3 
 .data.SystemCoreClock
                0x20000004        0x4 ./Core/Src/system_stm32l4xx.o
                0x20000004                SystemCoreClock
 .data.uwTickPrio
                0x20000008        0x4 ./Drivers/STM32L4xx_HAL_Driver/Src/stm32l4xx_hal.o
                0x20000008                uwTickPrio
 .data.uwTickFreq
                0x2000000c        0x1 ./Drivers/STM32L4xx_HAL_Driver/Src/stm32l4xx_hal.o
                0x2000000c                uwTickFreq
 *(.RamFunc)
 *(.RamFunc*)
                0x20000010                        . = ALIGN (0x4)
 *fill*         0x2000000d        0x3 
                0x20000010                        _edata = .

.igot.plt       0x20000010        0x0 load address 0x08004d30
 .igot.plt      0x20000010        0x0 /opt/st/stm32cubeide_1.19.0/plugins/com.st.stm32cube.ide.mcu.externaltools.gnu-tools-for-stm32.13.3.rel1.linux64_1.0.0.202410170706/tools/bin/../lib/gcc/arm-none-eabi/13.3.1/thumb/v7e-m+fp/hard/crtbegin.o
                0x20000010                        . = ALIGN (0x4)

.bss            0x20000010      0x774 load address 0x08004d30
                0x20000010                        _sbss = .
                0x20000010                        __bss_start__ = _sbss
 *(.bss)
 .bss           0x20000010       0x1c /opt/st/stm32cubeide_1.19.0/plugins/com.st.stm32cube.ide.mcu.externaltools.gnu-tools-for-stm32.13.3.rel1.linux64_1.0.0.202410170706/tools/bin/../lib/gcc/arm-none-eabi/13.3.1/thumb/v7e-m+fp/hard/crtbegin.o
 *(.bss*)
 .bss.virtual_button
                0x2000002c        0x1 ./Core/Src/joystick.o
 *fill*         0x2000002d        0x3 
 .bss.hdfsdm1_channel1
                0x20000030       0x38 ./Core/Src/main.o
                0x20000030                hdfsdm1_channel1
 .bss.hi2c2     0x20000068       0x54 ./Core/Src/main.o
                0x20000068                hi2c2
 .bss.hqspi     0x200000bc       0x44 ./Core/Src/main.o
                0x200000bc                hqspi
 .bss.hspi3     0x20000100       0x64 ./Core/Src/main.o
                0x20000100                hspi3
 .bss.huart1    0x20000164       0x88 ./Core/Src/main.o
                0x20000164                huart1
 .bss.huart3    0x200001ec       0x88 ./Core/Src/main.o
                0x200001ec                huart3
 .bss.hpcd_USB_OTG_FS
                0x20000274      0x4e4 ./Core/Src/main.o
                0x20000274                hpcd_USB_OTG_FS
 .bss.DFSDM1_Init
                0x20000758        0x4 ./Core/Src/stm32l4xx_hal_msp.o
 .bss.uwTick    0x2000075c        0x4 ./Drivers/STM32L4xx_HAL_Driver/Src/stm32l4xx_hal.o
                0x2000075c                uwTick
 .bss.v_dfsdm1ChannelCounter
                0x20000760        0x4 ./Drivers/STM32L4xx_HAL_Driver/Src/stm32l4xx_hal_dfsdm.o
 .bss.a_dfsdm1ChannelHandle
                0x20000764       0x20 ./Drivers/STM32L4xx_HAL_Driver/Src/stm32l4xx_hal_dfsdm.o
 *(COMMON)
                0x20000784                        . = ALIGN (0x4)
                0x20000784                        _ebss = .
                0x20000784                        __bss_end__ = _ebss

._user_heap_stack
                0x20000784      0x604 load address 0x08004d30
                0x20000788                        . = ALIGN (0x8)
 *fill*         0x20000784        0x4 
                [!provide]                        PROVIDE (end = .)
                0x20000788                        PROVIDE (_end = .)
                0x20000988                        . = (. + _Min_Heap_Size)
 *fill*         0x20000788      0x200 
                0x20000d88                        . = (. + _Min_Stack_Size)
 *fill*         0x20000988      0x400 
                0x20000d88                        . = ALIGN (0x8)

/DISCARD/
 libc.a(*)
 libm.a(*)
 libgcc.a(*)

.ARM.attributes
                0x00000000       0x30
 *(.ARM.attributes)
 .ARM.attributes
                0x00000000       0x22 /opt/st/stm32cubeide_1.19.0/plugins/com.st.stm32cube.ide.mcu.externaltools.gnu-tools-for-stm32.13.3.rel1.linux64_1.0.0.202410170706/tools/bin/../lib/gcc/arm-none-eabi/13.3.1/thumb/v7e-m+fp/hard/crti.o
 .ARM.attributes
                0x00000022       0x34 /opt/st/stm32cubeide_1.19.0/plugins/com.st.stm32cube.ide.mcu.externaltools.gnu-tools-for-stm32.13.3.rel1.linux64_1.0.0.202410170706/tools/bin/../lib/gcc/arm-none-eabi/13.3.1/thumb/v7e-m+fp/hard/crtbegin.o
 .ARM.attributes
                0x00000056       0x34 ./Core/Src/joystick.o
 .ARM.attributes
                0x0000008a       0x34 ./Core/Src/led_driver.o
 .ARM.attributes
                0x000000be       0x34 ./Core/Src/main.o
 .ARM.attributes
                0x000000f2       0x34 ./Core/Src/stm32l4xx_hal_msp.o
 .ARM.attributes
                0x00000126       0x34 ./Core/Src/stm32l4xx_it.o
 .ARM.attributes
                0x0000015a       0x34 ./Core/Src/system_stm32l4xx.o
 .ARM.attributes
                0x0000018e       0x21 ./Core/Startup/startup_stm32l475vgtx.o
 .ARM.attributes
                0x000001af       0x34 ./Drivers/STM32L4xx_HAL_Driver/Src/stm32l4xx_hal.o
 .ARM.attributes
                0x000001e3       0x34 ./Drivers/STM32L4xx_HAL_Driver/Src/stm32l4xx_hal_cortex.o
 .ARM.attributes
                0x00000217       0x34 ./Drivers/STM32L4xx_HAL_Driver/Src/stm32l4xx_hal_dfsdm.o
 .ARM.attributes
                0x0000024b       0x34 ./Drivers/STM32L4xx_HAL_Driver/Src/stm32l4xx_hal_gpio.o
 .ARM.attributes
                0x0000027f       0x34 ./Drivers/STM32L4xx_HAL_Driver/Src/stm32l4xx_hal_i2c.o
 .ARM.attributes
                0x000002b3       0x34 ./Drivers/STM32L4xx_HAL_Driver/Src/stm32l4xx_hal_i2c_ex.o
 .ARM.attributes
                0x000002e7       0x34 ./Drivers/STM32L4xx_HAL_Driver/Src/stm32l4xx_hal_pcd.o
 .ARM.attributes
                0x0000031b       0x34 ./Drivers/STM32L4xx_HAL_Driver/Src/stm32l4xx_hal_pcd_ex.o
 .ARM.attributes
                0x0000034f       0x34 ./Drivers/STM32L4xx_HAL_Driver/Src/stm32l4xx_hal_pwr.o
 .ARM.attributes
                0x00000383       0x34 ./Drivers/STM32L4xx_HAL_Driver/Src/stm32l4xx_hal_pwr_ex.o
 .ARM.attributes
                0x000003b7       0x34 ./Drivers/STM32L4xx_HAL_Driver/Src/stm32l4xx_hal_qspi.o
 .ARM.attributes
                0x000003eb       0x34 ./Drivers/STM32L4xx_HAL_Driver/Src/stm32l4xx_hal_rcc.o
 .ARM.attributes
                0x0000041f       0x34 ./Drivers/STM32L4xx_HAL_Driver/Src/stm32l4xx_hal_rcc_ex.o
 .ARM.attributes
                0x00000453       0x34 ./Drivers/STM32L4xx_HAL_Driver/Src/stm32l4xx_hal_spi.o
 .ARM.attributes
                0x00000487       0x34 ./Drivers/STM32L4xx_HAL_Driver/Src/stm32l4xx_hal_uart.o
 .ARM.attributes
                0x000004bb       0x34 ./Drivers/STM32L4xx_HAL_Driver/Src/stm32l4xx_ll_usb.o
 .ARM.attributes
                0x000004ef       0x34 /opt/st/stm32cubeide_1.19.0/plugins/com.st.stm32cube.ide.mcu.externaltools.gnu-tools-for-stm32.13.3.rel1.linux64_1.0.0.202410170706/tools/bin/../lib/gcc/arm-none-eabi/13.3.1/../../../../arm-none-eabi/lib/thumb/v7e-m+fp/hard/libc_nano.a(libc_a-memset.o)
 .ARM.attributes
                0x00000523       0x34 /opt/st/stm32cubeide_1.19.0/plugins/com.st.stm32cube.ide.mcu.externaltools.gnu-tools-for-stm32.13.3.rel1.linux64_1.0.0.202410170706/tools/bin/../lib/gcc/arm-none-eabi/13.3.1/../../../../arm-none-eabi/lib/thumb/v7e-m+fp/hard/libc_nano.a(libc_a-init.o)
 .ARM.attributes
                0x00000557       0x22 /opt/st/stm32cubeide_1.19.0/plugins/com.st.stm32cube.ide.mcu.externaltools.gnu-tools-for-stm32.13.3.rel1.linux64_1.0.0.202410170706/tools/bin/../lib/gcc/arm-none-eabi/13.3.1/thumb/v7e-m+fp/hard/libgcc.a(_aeabi_uldivmod.o)
 .ARM.attributes
                0x00000579       0x34 /opt/st/stm32cubeide_1.19.0/plugins/com.st.stm32cube.ide.mcu.externaltools.gnu-tools-for-stm32.13.3.rel1.linux64_1.0.0.202410170706/tools/bin/../lib/gcc/arm-none-eabi/13.3.1/thumb/v7e-m+fp/hard/libgcc.a(_udivmoddi4.o)
 .ARM.attributes
                0x000005ad       0x22 /opt/st/stm32cubeide_1.19.0/plugins/com.st.stm32cube.ide.mcu.externaltools.gnu-tools-for-stm32.13.3.rel1.linux64_1.0.0.202410170706/tools/bin/../lib/gcc/arm-none-eabi/13.3.1/thumb/v7e-m+fp/hard/libgcc.a(_dvmd_tls.o)
 .ARM.attributes
                0x000005cf       0x22 /opt/st/stm32cubeide_1.19.0/plugins/com.st.stm32cube.ide.mcu.externaltools.gnu-tools-for-stm32.13.3.rel1.linux64_1.0.0.202410170706/tools/bin/../lib/gcc/arm-none-eabi/13.3.1/thumb/v7e-m+fp/hard/crtn.o
OUTPUT(P1_SETR2.elf elf32-littlearm)
LOAD linker stubs
LOAD /opt/st/stm32cubeide_1.19.0/plugins/com.st.stm32cube.ide.mcu.externaltools.gnu-tools-for-stm32.13.3.rel1.linux64_1.0.0.202410170706/tools/bin/../lib/gcc/arm-none-eabi/13.3.1/../../../../arm-none-eabi/lib/thumb/v7e-m+fp/hard/libc.a
LOAD /opt/st/stm32cubeide_1.19.0/plugins/com.st.stm32cube.ide.mcu.externaltools.gnu-tools-for-stm32.13.3.rel1.linux64_1.0.0.202410170706/tools/bin/../lib/gcc/arm-none-eabi/13.3.1/../../../../arm-none-eabi/lib/thumb/v7e-m+fp/hard/libm.a
LOAD /opt/st/stm32cubeide_1.19.0/plugins/com.st.stm32cube.ide.mcu.externaltools.gnu-tools-for-stm32.13.3.rel1.linux64_1.0.0.202410170706/tools/bin/../lib/gcc/arm-none-eabi/13.3.1/thumb/v7e-m+fp/hard/libgcc.a

.debug_info     0x00000000    0x175dc
 .debug_info    0x00000000      0x203 ./Core/Src/joystick.o
 .debug_info    0x00000203      0x23b ./Core/Src/led_driver.o
 .debug_info    0x0000043e     0x20ca ./Core/Src/main.o
 .debug_info    0x00002508     0x1f72 ./Core/Src/stm32l4xx_hal_msp.o
 .debug_info    0x0000447a      0x15c ./Core/Src/stm32l4xx_it.o
 .debug_info    0x000045d6      0x5b1 ./Core/Src/system_stm32l4xx.o
 .debug_info    0x00004b87       0x30 ./Core/Startup/startup_stm32l475vgtx.o
 .debug_info    0x00004bb7      0xae5 ./Drivers/STM32L4xx_HAL_Driver/Src/stm32l4xx_hal.o
 .debug_info    0x0000569c      0xd7b ./Drivers/STM32L4xx_HAL_Driver/Src/stm32l4xx_hal_cortex.o
 .debug_info    0x00006417     0x1a51 ./Drivers/STM32L4xx_HAL_Driver/Src/stm32l4xx_hal_dfsdm.o
 .debug_info    0x00007e68      0x757 ./Drivers/STM32L4xx_HAL_Driver/Src/stm32l4xx_hal_gpio.o
 .debug_info    0x000085bf     0x20d2 ./Drivers/STM32L4xx_HAL_Driver/Src/stm32l4xx_hal_i2c.o
 .debug_info    0x0000a691      0x975 ./Drivers/STM32L4xx_HAL_Driver/Src/stm32l4xx_hal_i2c_ex.o
 .debug_info    0x0000b006     0x14d6 ./Drivers/STM32L4xx_HAL_Driver/Src/stm32l4xx_hal_pcd.o
 .debug_info    0x0000c4dc      0x8a0 ./Drivers/STM32L4xx_HAL_Driver/Src/stm32l4xx_hal_pcd_ex.o
 .debug_info    0x0000cd7c      0x91e ./Drivers/STM32L4xx_HAL_Driver/Src/stm32l4xx_hal_pwr.o
 .debug_info    0x0000d69a      0x97a ./Drivers/STM32L4xx_HAL_Driver/Src/stm32l4xx_hal_pwr_ex.o
 .debug_info    0x0000e014     0x115d ./Drivers/STM32L4xx_HAL_Driver/Src/stm32l4xx_hal_qspi.o
 .debug_info    0x0000f171      0xc14 ./Drivers/STM32L4xx_HAL_Driver/Src/stm32l4xx_hal_rcc.o
 .debug_info    0x0000fd85      0xe11 ./Drivers/STM32L4xx_HAL_Driver/Src/stm32l4xx_hal_rcc_ex.o
 .debug_info    0x00010b96     0x1549 ./Drivers/STM32L4xx_HAL_Driver/Src/stm32l4xx_hal_spi.o
 .debug_info    0x000120df     0x3b69 ./Drivers/STM32L4xx_HAL_Driver/Src/stm32l4xx_hal_uart.o
 .debug_info    0x00015c48     0x1994 ./Drivers/STM32L4xx_HAL_Driver/Src/stm32l4xx_ll_usb.o

.debug_abbrev   0x00000000     0x3018
 .debug_abbrev  0x00000000      0x109 ./Core/Src/joystick.o
 .debug_abbrev  0x00000109      0x123 ./Core/Src/led_driver.o
 .debug_abbrev  0x0000022c      0x32e ./Core/Src/main.o
 .debug_abbrev  0x0000055a      0x276 ./Core/Src/stm32l4xx_hal_msp.o
 .debug_abbrev  0x000007d0       0xa0 ./Core/Src/stm32l4xx_it.o
 .debug_abbrev  0x00000870      0x11a ./Core/Src/system_stm32l4xx.o
 .debug_abbrev  0x0000098a       0x24 ./Core/Startup/startup_stm32l475vgtx.o
 .debug_abbrev  0x000009ae      0x242 ./Drivers/STM32L4xx_HAL_Driver/Src/stm32l4xx_hal.o
 .debug_abbrev  0x00000bf0      0x31c ./Drivers/STM32L4xx_HAL_Driver/Src/stm32l4xx_hal_cortex.o
 .debug_abbrev  0x00000f0c      0x27e ./Drivers/STM32L4xx_HAL_Driver/Src/stm32l4xx_hal_dfsdm.o
 .debug_abbrev  0x0000118a      0x1cb ./Drivers/STM32L4xx_HAL_Driver/Src/stm32l4xx_hal_gpio.o
 .debug_abbrev  0x00001355      0x261 ./Drivers/STM32L4xx_HAL_Driver/Src/stm32l4xx_hal_i2c.o
 .debug_abbrev  0x000015b6      0x1c3 ./Drivers/STM32L4xx_HAL_Driver/Src/stm32l4xx_hal_i2c_ex.o
 .debug_abbrev  0x00001779      0x2da ./Drivers/STM32L4xx_HAL_Driver/Src/stm32l4xx_hal_pcd.o
 .debug_abbrev  0x00001a53      0x256 ./Drivers/STM32L4xx_HAL_Driver/Src/stm32l4xx_hal_pcd_ex.o
 .debug_abbrev  0x00001ca9      0x1d4 ./Drivers/STM32L4xx_HAL_Driver/Src/stm32l4xx_hal_pwr.o
 .debug_abbrev  0x00001e7d      0x1f9 ./Drivers/STM32L4xx_HAL_Driver/Src/stm32l4xx_hal_pwr_ex.o
 .debug_abbrev  0x00002076      0x250 ./Drivers/STM32L4xx_HAL_Driver/Src/stm32l4xx_hal_qspi.o
 .debug_abbrev  0x000022c6      0x2cb ./Drivers/STM32L4xx_HAL_Driver/Src/stm32l4xx_hal_rcc.o
 .debug_abbrev  0x00002591      0x2a6 ./Drivers/STM32L4xx_HAL_Driver/Src/stm32l4xx_hal_rcc_ex.o
 .debug_abbrev  0x00002837      0x260 ./Drivers/STM32L4xx_HAL_Driver/Src/stm32l4xx_hal_spi.o
 .debug_abbrev  0x00002a97      0x2d0 ./Drivers/STM32L4xx_HAL_Driver/Src/stm32l4xx_hal_uart.o
 .debug_abbrev  0x00002d67      0x2b1 ./Drivers/STM32L4xx_HAL_Driver/Src/stm32l4xx_ll_usb.o

.debug_aranges  0x00000000     0x15c8
 .debug_aranges
                0x00000000       0x20 ./Core/Src/joystick.o
 .debug_aranges
                0x00000020       0x30 ./Core/Src/led_driver.o
 .debug_aranges
                0x00000050       0x88 ./Core/Src/main.o
 .debug_aranges
                0x000000d8       0x80 ./Core/Src/stm32l4xx_hal_msp.o
 .debug_aranges
                0x00000158       0x70 ./Core/Src/stm32l4xx_it.o
 .debug_aranges
                0x000001c8       0x28 ./Core/Src/system_stm32l4xx.o
 .debug_aranges
                0x000001f0       0x28 ./Core/Startup/startup_stm32l475vgtx.o
 .debug_aranges
                0x00000218      0x130 ./Drivers/STM32L4xx_HAL_Driver/Src/stm32l4xx_hal.o
 .debug_aranges
                0x00000348      0x128 ./Drivers/STM32L4xx_HAL_Driver/Src/stm32l4xx_hal_cortex.o
 .debug_aranges
                0x00000470      0x248 ./Drivers/STM32L4xx_HAL_Driver/Src/stm32l4xx_hal_dfsdm.o
 .debug_aranges
                0x000006b8       0x58 ./Drivers/STM32L4xx_HAL_Driver/Src/stm32l4xx_hal_gpio.o
 .debug_aranges
                0x00000710      0x2a0 ./Drivers/STM32L4xx_HAL_Driver/Src/stm32l4xx_hal_i2c.o
 .debug_aranges
                0x000009b0       0x48 ./Drivers/STM32L4xx_HAL_Driver/Src/stm32l4xx_hal_i2c_ex.o
 .debug_aranges
                0x000009f8      0x138 ./Drivers/STM32L4xx_HAL_Driver/Src/stm32l4xx_hal_pcd.o
 .debug_aranges
                0x00000b30       0x60 ./Drivers/STM32L4xx_HAL_Driver/Src/stm32l4xx_hal_pcd_ex.o
 .debug_aranges
                0x00000b90       0x98 ./Drivers/STM32L4xx_HAL_Driver/Src/stm32l4xx_hal_pwr.o
 .debug_aranges
                0x00000c28      0x150 ./Drivers/STM32L4xx_HAL_Driver/Src/stm32l4xx_hal_pwr_ex.o
 .debug_aranges
                0x00000d78      0x160 ./Drivers/STM32L4xx_HAL_Driver/Src/stm32l4xx_hal_qspi.o
 .debug_aranges
                0x00000ed8       0x90 ./Drivers/STM32L4xx_HAL_Driver/Src/stm32l4xx_hal_rcc.o
 .debug_aranges
                0x00000f68       0xc0 ./Drivers/STM32L4xx_HAL_Driver/Src/stm32l4xx_hal_rcc_ex.o
 .debug_aranges
                0x00001028      0x1d8 ./Drivers/STM32L4xx_HAL_Driver/Src/stm32l4xx_hal_spi.o
 .debug_aranges
                0x00001200      0x228 ./Drivers/STM32L4xx_HAL_Driver/Src/stm32l4xx_hal_uart.o
 .debug_aranges
                0x00001428      0x1a0 ./Drivers/STM32L4xx_HAL_Driver/Src/stm32l4xx_ll_usb.o

.debug_rnglists
                0x00000000     0x10df
 .debug_rnglists
                0x00000000       0x13 ./Core/Src/joystick.o
 .debug_rnglists
                0x00000013       0x1f ./Core/Src/led_driver.o
 .debug_rnglists
                0x00000032       0x63 ./Core/Src/main.o
 .debug_rnglists
                0x00000095       0x61 ./Core/Src/stm32l4xx_hal_msp.o
 .debug_rnglists
                0x000000f6       0x4f ./Core/Src/stm32l4xx_it.o
 .debug_rnglists
                0x00000145       0x1a ./Core/Src/system_stm32l4xx.o
 .debug_rnglists
                0x0000015f       0x19 ./Core/Startup/startup_stm32l475vgtx.o
 .debug_rnglists
                0x00000178       0xdf ./Drivers/STM32L4xx_HAL_Driver/Src/stm32l4xx_hal.o
 .debug_rnglists
                0x00000257       0xda ./Drivers/STM32L4xx_HAL_Driver/Src/stm32l4xx_hal_cortex.o
 .debug_rnglists
                0x00000331      0x1c7 ./Drivers/STM32L4xx_HAL_Driver/Src/stm32l4xx_hal_dfsdm.o
 .debug_rnglists
                0x000004f8       0x3f ./Drivers/STM32L4xx_HAL_Driver/Src/stm32l4xx_hal_gpio.o
 .debug_rnglists
                0x00000537      0x228 ./Drivers/STM32L4xx_HAL_Driver/Src/stm32l4xx_hal_i2c.o
 .debug_rnglists
                0x0000075f       0x35 ./Drivers/STM32L4xx_HAL_Driver/Src/stm32l4xx_hal_i2c_ex.o
 .debug_rnglists
                0x00000794       0xed ./Drivers/STM32L4xx_HAL_Driver/Src/stm32l4xx_hal_pcd.o
 .debug_rnglists
                0x00000881       0x45 ./Drivers/STM32L4xx_HAL_Driver/Src/stm32l4xx_hal_pcd_ex.o
 .debug_rnglists
                0x000008c6       0x6e ./Drivers/STM32L4xx_HAL_Driver/Src/stm32l4xx_hal_pwr.o
 .debug_rnglists
                0x00000934       0xfd ./Drivers/STM32L4xx_HAL_Driver/Src/stm32l4xx_hal_pwr_ex.o
 .debug_rnglists
                0x00000a31      0x113 ./Drivers/STM32L4xx_HAL_Driver/Src/stm32l4xx_hal_qspi.o
 .debug_rnglists
                0x00000b44       0x6d ./Drivers/STM32L4xx_HAL_Driver/Src/stm32l4xx_hal_rcc.o
 .debug_rnglists
                0x00000bb1       0x95 ./Drivers/STM32L4xx_HAL_Driver/Src/stm32l4xx_hal_rcc_ex.o
 .debug_rnglists
                0x00000c46      0x178 ./Drivers/STM32L4xx_HAL_Driver/Src/stm32l4xx_hal_spi.o
 .debug_rnglists
                0x00000dbe      0x1db ./Drivers/STM32L4xx_HAL_Driver/Src/stm32l4xx_hal_uart.o
 .debug_rnglists
                0x00000f99      0x146 ./Drivers/STM32L4xx_HAL_Driver/Src/stm32l4xx_ll_usb.o

.debug_macro    0x00000000    0x2771e
 .debug_macro   0x00000000      0x21c ./Core/Src/joystick.o
 .debug_macro   0x0000021c      0xad8 ./Core/Src/joystick.o
 .debug_macro   0x00000cf4      0x1bf ./Core/Src/joystick.o
 .debug_macro   0x00000eb3       0x2e ./Core/Src/joystick.o
 .debug_macro   0x00000ee1       0x28 ./Core/Src/joystick.o
 .debug_macro   0x00000f09       0x22 ./Core/Src/joystick.o
 .debug_macro   0x00000f2b       0x8e ./Core/Src/joystick.o
 .debug_macro   0x00000fb9       0x51 ./Core/Src/joystick.o
 .debug_macro   0x0000100a      0x103 ./Core/Src/joystick.o
 .debug_macro   0x0000110d       0x6a ./Core/Src/joystick.o
 .debug_macro   0x00001177      0x1df ./Core/Src/joystick.o
 .debug_macro   0x00001356       0x1c ./Core/Src/joystick.o
 .debug_macro   0x00001372       0x22 ./Core/Src/joystick.o
 .debug_macro   0x00001394       0xfb ./Core/Src/joystick.o
 .debug_macro   0x0000148f     0x1011 ./Core/Src/joystick.o
 .debug_macro   0x000024a0      0x11f ./Core/Src/joystick.o
 .debug_macro   0x000025bf    0x19dc7 ./Core/Src/joystick.o
 .debug_macro   0x0001c386       0x6d ./Core/Src/joystick.o
 .debug_macro   0x0001c3f3     0x38fb ./Core/Src/joystick.o
 .debug_macro   0x0001fcee      0x190 ./Core/Src/joystick.o
 .debug_macro   0x0001fe7e       0x5c ./Core/Src/joystick.o
 .debug_macro   0x0001feda     0x1558 ./Core/Src/joystick.o
 .debug_macro   0x00021432      0x5a5 ./Core/Src/joystick.o
 .debug_macro   0x000219d7      0x1b9 ./Core/Src/joystick.o
 .debug_macro   0x00021b90      0x17d ./Core/Src/joystick.o
 .debug_macro   0x00021d0d      0x26b ./Core/Src/joystick.o
 .debug_macro   0x00021f78      0x29c ./Core/Src/joystick.o
 .debug_macro   0x00022214      0x23d ./Core/Src/joystick.o
 .debug_macro   0x00022451      0x241 ./Core/Src/joystick.o
 .debug_macro   0x00022692      0x37c ./Core/Src/joystick.o
 .debug_macro   0x00022a0e       0xd6 ./Core/Src/joystick.o
 .debug_macro   0x00022ae4      0x22c ./Core/Src/joystick.o
 .debug_macro   0x00022d10       0x61 ./Core/Src/joystick.o
 .debug_macro   0x00022d71       0xa5 ./Core/Src/joystick.o
 .debug_macro   0x00022e16      0x215 ./Core/Src/joystick.o
 .debug_macro   0x0002302b       0x97 ./Core/Src/joystick.o
 .debug_macro   0x000230c2      0x122 ./Core/Src/joystick.o
 .debug_macro   0x000231e4      0x3e8 ./Core/Src/joystick.o
 .debug_macro   0x000235cc      0x2a3 ./Core/Src/joystick.o
 .debug_macro   0x0002386f      0x2fe ./Core/Src/joystick.o
 .debug_macro   0x00023b6d      0x5cf ./Core/Src/joystick.o
 .debug_macro   0x0002413c       0x44 ./Core/Src/joystick.o
 .debug_macro   0x00024180      0x330 ./Core/Src/joystick.o
 .debug_macro   0x000244b0      0x21c ./Core/Src/led_driver.o
 .debug_macro   0x000246cc      0x235 ./Core/Src/main.o
 .debug_macro   0x00024901      0x443 ./Core/Src/main.o
 .debug_macro   0x00024d44      0x221 ./Core/Src/stm32l4xx_hal_msp.o
 .debug_macro   0x00024f65      0x22b ./Core/Src/stm32l4xx_it.o
 .debug_macro   0x00025190      0x212 ./Core/Src/system_stm32l4xx.o
 .debug_macro   0x000253a2      0x260 ./Drivers/STM32L4xx_HAL_Driver/Src/stm32l4xx_hal.o
 .debug_macro   0x00025602      0x212 ./Drivers/STM32L4xx_HAL_Driver/Src/stm32l4xx_hal_cortex.o
 .debug_macro   0x00025814      0x236 ./Drivers/STM32L4xx_HAL_Driver/Src/stm32l4xx_hal_dfsdm.o
 .debug_macro   0x00025a4a      0x219 ./Drivers/STM32L4xx_HAL_Driver/Src/stm32l4xx_hal_gpio.o
 .debug_macro   0x00025c63      0x2de ./Drivers/STM32L4xx_HAL_Driver/Src/stm32l4xx_hal_i2c.o
 .debug_macro   0x00025f41      0x212 ./Drivers/STM32L4xx_HAL_Driver/Src/stm32l4xx_hal_i2c_ex.o
 .debug_macro   0x00026153      0x21e ./Drivers/STM32L4xx_HAL_Driver/Src/stm32l4xx_hal_pcd.o
 .debug_macro   0x00026371      0x212 ./Drivers/STM32L4xx_HAL_Driver/Src/stm32l4xx_hal_pcd_ex.o
 .debug_macro   0x00026583      0x22a ./Drivers/STM32L4xx_HAL_Driver/Src/stm32l4xx_hal_pwr.o
 .debug_macro   0x000267ad      0x236 ./Drivers/STM32L4xx_HAL_Driver/Src/stm32l4xx_hal_pwr_ex.o
 .debug_macro   0x000269e3      0x236 ./Drivers/STM32L4xx_HAL_Driver/Src/stm32l4xx_hal_qspi.o
 .debug_macro   0x00026c19      0x254 ./Drivers/STM32L4xx_HAL_Driver/Src/stm32l4xx_hal_rcc.o
 .debug_macro   0x00026e6d      0x248 ./Drivers/STM32L4xx_HAL_Driver/Src/stm32l4xx_hal_rcc_ex.o
 .debug_macro   0x000270b5      0x21a ./Drivers/STM32L4xx_HAL_Driver/Src/stm32l4xx_hal_spi.o
 .debug_macro   0x000272cf      0x23d ./Drivers/STM32L4xx_HAL_Driver/Src/stm32l4xx_hal_uart.o
 .debug_macro   0x0002750c      0x212 ./Drivers/STM32L4xx_HAL_Driver/Src/stm32l4xx_ll_usb.o

.debug_line     0x00000000    0x18b7c
 .debug_line    0x00000000      0x766 ./Core/Src/joystick.o
 .debug_line    0x00000766      0x78e ./Core/Src/led_driver.o
 .debug_line    0x00000ef4      0xbf9 ./Core/Src/main.o
 .debug_line    0x00001aed      0x9ea ./Core/Src/stm32l4xx_hal_msp.o
 .debug_line    0x000024d7      0x81b ./Core/Src/stm32l4xx_it.o
 .debug_line    0x00002cf2      0x7d3 ./Core/Src/system_stm32l4xx.o
 .debug_line    0x000034c5       0x7a ./Core/Startup/startup_stm32l475vgtx.o
 .debug_line    0x0000353f      0xb3b ./Drivers/STM32L4xx_HAL_Driver/Src/stm32l4xx_hal.o
 .debug_line    0x0000407a      0xcd6 ./Drivers/STM32L4xx_HAL_Driver/Src/stm32l4xx_hal_cortex.o
 .debug_line    0x00004d50     0x1e64 ./Drivers/STM32L4xx_HAL_Driver/Src/stm32l4xx_hal_dfsdm.o
 .debug_line    0x00006bb4      0xb8f ./Drivers/STM32L4xx_HAL_Driver/Src/stm32l4xx_hal_gpio.o
 .debug_line    0x00007743     0x373c ./Drivers/STM32L4xx_HAL_Driver/Src/stm32l4xx_hal_i2c.o
 .debug_line    0x0000ae7f      0x89b ./Drivers/STM32L4xx_HAL_Driver/Src/stm32l4xx_hal_i2c_ex.o
 .debug_line    0x0000b71a     0x1311 ./Drivers/STM32L4xx_HAL_Driver/Src/stm32l4xx_hal_pcd.o
 .debug_line    0x0000ca2b      0x93b ./Drivers/STM32L4xx_HAL_Driver/Src/stm32l4xx_hal_pcd_ex.o
 .debug_line    0x0000d366      0x906 ./Drivers/STM32L4xx_HAL_Driver/Src/stm32l4xx_hal_pwr.o
 .debug_line    0x0000dc6c      0xced ./Drivers/STM32L4xx_HAL_Driver/Src/stm32l4xx_hal_pwr_ex.o
 .debug_line    0x0000e959     0x142f ./Drivers/STM32L4xx_HAL_Driver/Src/stm32l4xx_hal_qspi.o
 .debug_line    0x0000fd88     0x1090 ./Drivers/STM32L4xx_HAL_Driver/Src/stm32l4xx_hal_rcc.o
 .debug_line    0x00010e18     0x155d ./Drivers/STM32L4xx_HAL_Driver/Src/stm32l4xx_hal_rcc_ex.o
 .debug_line    0x00012375     0x201b ./Drivers/STM32L4xx_HAL_Driver/Src/stm32l4xx_hal_spi.o
 .debug_line    0x00014390     0x2d5e ./Drivers/STM32L4xx_HAL_Driver/Src/stm32l4xx_hal_uart.o
 .debug_line    0x000170ee     0x1a8e ./Drivers/STM32L4xx_HAL_Driver/Src/stm32l4xx_ll_usb.o

.debug_str      0x00000000    0xefc51
 .debug_str     0x00000000    0xefc51 ./Core/Src/joystick.o
                              0xe7804 (size before relaxing)
 .debug_str     0x000efc51    0xe77fb ./Core/Src/led_driver.o
 .debug_str     0x000efc51    0xea580 ./Core/Src/main.o
 .debug_str     0x000efc51    0xea09f ./Core/Src/stm32l4xx_hal_msp.o
 .debug_str     0x000efc51    0xe8b9b ./Core/Src/stm32l4xx_it.o
 .debug_str     0x000efc51    0xe7956 ./Core/Src/system_stm32l4xx.o
 .debug_str     0x000efc51       0x7d ./Core/Startup/startup_stm32l475vgtx.o
 .debug_str     0x000efc51    0xe84e0 ./Drivers/STM32L4xx_HAL_Driver/Src/stm32l4xx_hal.o
 .debug_str     0x000efc51    0xe81c6 ./Drivers/STM32L4xx_HAL_Driver/Src/stm32l4xx_hal_cortex.o
 .debug_str     0x000efc51    0xe8862 ./Drivers/STM32L4xx_HAL_Driver/Src/stm32l4xx_hal_dfsdm.o
 .debug_str     0x000efc51    0xe7acf ./Drivers/STM32L4xx_HAL_Driver/Src/stm32l4xx_hal_gpio.o
 .debug_str     0x000efc51    0xe8b57 ./Drivers/STM32L4xx_HAL_Driver/Src/stm32l4xx_hal_i2c.o
 .debug_str     0x000efc51    0xe7e63 ./Drivers/STM32L4xx_HAL_Driver/Src/stm32l4xx_hal_i2c_ex.o
 .debug_str     0x000efc51    0xe83d7 ./Drivers/STM32L4xx_HAL_Driver/Src/stm32l4xx_hal_pcd.o
 .debug_str     0x000efc51    0xe7da5 ./Drivers/STM32L4xx_HAL_Driver/Src/stm32l4xx_hal_pcd_ex.o
 .debug_str     0x000efc51    0xe7cc1 ./Drivers/STM32L4xx_HAL_Driver/Src/stm32l4xx_hal_pwr.o
 .debug_str     0x000efc51    0xe7e76 ./Drivers/STM32L4xx_HAL_Driver/Src/stm32l4xx_hal_pwr_ex.o
 .debug_str     0x000efc51    0xe8291 ./Drivers/STM32L4xx_HAL_Driver/Src/stm32l4xx_hal_qspi.o
 .debug_str     0x000efc51    0xe7f9c ./Drivers/STM32L4xx_HAL_Driver/Src/stm32l4xx_hal_rcc.o
 .debug_str     0x000efc51    0xe8115 ./Drivers/STM32L4xx_HAL_Driver/Src/stm32l4xx_hal_rcc_ex.o
 .debug_str     0x000efc51    0xe8171 ./Drivers/STM32L4xx_HAL_Driver/Src/stm32l4xx_hal_spi.o
 .debug_str     0x000efc51    0xe86ae ./Drivers/STM32L4xx_HAL_Driver/Src/stm32l4xx_hal_uart.o
 .debug_str     0x000efc51    0xe82af ./Drivers/STM32L4xx_HAL_Driver/Src/stm32l4xx_ll_usb.o

.comment        0x00000000       0x43
 .comment       0x00000000       0x43 ./Core/Src/joystick.o
                                 0x44 (size before relaxing)
 .comment       0x00000043       0x44 ./Core/Src/led_driver.o
 .comment       0x00000043       0x44 ./Core/Src/main.o
 .comment       0x00000043       0x44 ./Core/Src/stm32l4xx_hal_msp.o
 .comment       0x00000043       0x44 ./Core/Src/stm32l4xx_it.o
 .comment       0x00000043       0x44 ./Core/Src/system_stm32l4xx.o
 .comment       0x00000043       0x44 ./Drivers/STM32L4xx_HAL_Driver/Src/stm32l4xx_hal.o
 .comment       0x00000043       0x44 ./Drivers/STM32L4xx_HAL_Driver/Src/stm32l4xx_hal_cortex.o
 .comment       0x00000043       0x44 ./Drivers/STM32L4xx_HAL_Driver/Src/stm32l4xx_hal_dfsdm.o
 .comment       0x00000043       0x44 ./Drivers/STM32L4xx_HAL_Driver/Src/stm32l4xx_hal_gpio.o
 .comment       0x00000043       0x44 ./Drivers/STM32L4xx_HAL_Driver/Src/stm32l4xx_hal_i2c.o
 .comment       0x00000043       0x44 ./Drivers/STM32L4xx_HAL_Driver/Src/stm32l4xx_hal_i2c_ex.o
 .comment       0x00000043       0x44 ./Drivers/STM32L4xx_HAL_Driver/Src/stm32l4xx_hal_pcd.o
 .comment       0x00000043       0x44 ./Drivers/STM32L4xx_HAL_Driver/Src/stm32l4xx_hal_pcd_ex.o
 .comment       0x00000043       0x44 ./Drivers/STM32L4xx_HAL_Driver/Src/stm32l4xx_hal_pwr.o
 .comment       0x00000043       0x44 ./Drivers/STM32L4xx_HAL_Driver/Src/stm32l4xx_hal_pwr_ex.o
 .comment       0x00000043       0x44 ./Drivers/STM32L4xx_HAL_Driver/Src/stm32l4xx_hal_qspi.o
 .comment       0x00000043       0x44 ./Drivers/STM32L4xx_HAL_Driver/Src/stm32l4xx_hal_rcc.o
 .comment       0x00000043       0x44 ./Drivers/STM32L4xx_HAL_Driver/Src/stm32l4xx_hal_rcc_ex.o
 .comment       0x00000043       0x44 ./Drivers/STM32L4xx_HAL_Driver/Src/stm32l4xx_hal_spi.o
 .comment       0x00000043       0x44 ./Drivers/STM32L4xx_HAL_Driver/Src/stm32l4xx_hal_uart.o
 .comment       0x00000043       0x44 ./Drivers/STM32L4xx_HAL_Driver/Src/stm32l4xx_ll_usb.o

.debug_frame    0x00000000     0x5cf0
 .debug_frame   0x00000000       0x34 ./Core/Src/joystick.o
 .debug_frame   0x00000034       0x7c ./Core/Src/led_driver.o
 .debug_frame   0x000000b0      0x1c0 ./Core/Src/main.o
 .debug_frame   0x00000270      0x1f8 ./Core/Src/stm32l4xx_hal_msp.o
 .debug_frame   0x00000468      0x13c ./Core/Src/stm32l4xx_it.o
 .debug_frame   0x000005a4       0x58 ./Core/Src/system_stm32l4xx.o
 .debug_frame   0x000005fc      0x498 ./Drivers/STM32L4xx_HAL_Driver/Src/stm32l4xx_hal.o
 .debug_frame   0x00000a94      0x4e8 ./Drivers/STM32L4xx_HAL_Driver/Src/stm32l4xx_hal_cortex.o
 .debug_frame   0x00000f7c      0xa78 ./Drivers/STM32L4xx_HAL_Driver/Src/stm32l4xx_hal_dfsdm.o
 .debug_frame   0x000019f4      0x14c ./Drivers/STM32L4xx_HAL_Driver/Src/stm32l4xx_hal_gpio.o
 .debug_frame   0x00001b40      0xc38 ./Drivers/STM32L4xx_HAL_Driver/Src/stm32l4xx_hal_i2c.o
 .debug_frame   0x00002778      0x100 ./Drivers/STM32L4xx_HAL_Driver/Src/stm32l4xx_hal_i2c_ex.o
 .debug_frame   0x00002878      0x564 ./Drivers/STM32L4xx_HAL_Driver/Src/stm32l4xx_hal_pcd.o
 .debug_frame   0x00002ddc      0x174 ./Drivers/STM32L4xx_HAL_Driver/Src/stm32l4xx_hal_pcd_ex.o
 .debug_frame   0x00002f50      0x230 ./Drivers/STM32L4xx_HAL_Driver/Src/stm32l4xx_hal_pwr.o
 .debug_frame   0x00003180      0x544 ./Drivers/STM32L4xx_HAL_Driver/Src/stm32l4xx_hal_pwr_ex.o
 .debug_frame   0x000036c4      0x658 ./Drivers/STM32L4xx_HAL_Driver/Src/stm32l4xx_hal_qspi.o
 .debug_frame   0x00003d1c      0x21c ./Drivers/STM32L4xx_HAL_Driver/Src/stm32l4xx_hal_rcc.o
 .debug_frame   0x00003f38      0x2fc ./Drivers/STM32L4xx_HAL_Driver/Src/stm32l4xx_hal_rcc_ex.o
 .debug_frame   0x00004234      0x860 ./Drivers/STM32L4xx_HAL_Driver/Src/stm32l4xx_hal_spi.o
 .debug_frame   0x00004a94      0x9f4 ./Drivers/STM32L4xx_HAL_Driver/Src/stm32l4xx_hal_uart.o
 .debug_frame   0x00005488      0x7bc ./Drivers/STM32L4xx_HAL_Driver/Src/stm32l4xx_ll_usb.o
 .debug_frame   0x00005c44       0x20 /opt/st/stm32cubeide_1.19.0/plugins/com.st.stm32cube.ide.mcu.externaltools.gnu-tools-for-stm32.13.3.rel1.linux64_1.0.0.202410170706/tools/bin/../lib/gcc/arm-none-eabi/13.3.1/../../../../arm-none-eabi/lib/thumb/v7e-m+fp/hard/libc_nano.a(libc_a-memset.o)
 .debug_frame   0x00005c64       0x2c /opt/st/stm32cubeide_1.19.0/plugins/com.st.stm32cube.ide.mcu.externaltools.gnu-tools-for-stm32.13.3.rel1.linux64_1.0.0.202410170706/tools/bin/../lib/gcc/arm-none-eabi/13.3.1/../../../../arm-none-eabi/lib/thumb/v7e-m+fp/hard/libc_nano.a(libc_a-init.o)
 .debug_frame   0x00005c90       0x2c /opt/st/stm32cubeide_1.19.0/plugins/com.st.stm32cube.ide.mcu.externaltools.gnu-tools-for-stm32.13.3.rel1.linux64_1.0.0.202410170706/tools/bin/../lib/gcc/arm-none-eabi/13.3.1/thumb/v7e-m+fp/hard/libgcc.a(_aeabi_uldivmod.o)
 .debug_frame   0x00005cbc       0x34 /opt/st/stm32cubeide_1.19.0/plugins/com.st.stm32cube.ide.mcu.externaltools.gnu-tools-for-stm32.13.3.rel1.linux64_1.0.0.202410170706/tools/bin/../lib/gcc/arm-none-eabi/13.3.1/thumb/v7e-m+fp/hard/libgcc.a(_udivmoddi4.o)

.debug_line_str
                0x00000000       0x61
 .debug_line_str
                0x00000000       0x61 ./Core/Startup/startup_stm32l475vgtx.o
