../Core/Src/main.c:76:5:__io_putchar	16	static
../Core/Src/main.c:87:5:main	8	static
../Core/Src/main.c:144:6:SystemClock_Config	96	static
../Core/Src/main.c:205:13:MX_DFSDM1_Init	8	static
../Core/Src/main.c:243:13:MX_I2C2_Init	8	static
../Core/Src/main.c:291:13:MX_QUADSPI_Init	8	static
../Core/Src/main.c:324:13:MX_SPI3_Init	8	static
../Core/Src/main.c:364:13:MX_USART1_UART_Init	8	static
../Core/Src/main.c:399:13:MX_USART3_UART_Init	8	static
../Core/Src/main.c:434:13:MX_USB_OTG_FS_PCD_Init	8	static
../Core/Src/main.c:469:13:MX_GPIO_Init	48	static
../Core/Src/main.c:665:6:Error_Handler	4	static,ignoring_inline_asm
